Archive member included to satisfy reference by file (symbol)

c:/progra~2/gnuarm~1/102021~1.07/bin/../lib/gcc/arm-none-eabi/10.3.1/thumb/v6-m/nofp\libgcc.a(_dvmd_tls.o)
                              CMakeFiles\train_cpu.dir\C_\Pico\pico-sdk\src\rp2_common\pico_divider\divider.S.obj (__aeabi_idiv0)
c:/progra~2/gnuarm~1/102021~1.07/bin/../lib/gcc/arm-none-eabi/10.3.1/../../../../arm-none-eabi/lib/thumb/v6-m/nofp\libg.a(lib_a-calloc.o)
                              CMakeFiles\train_cpu.dir\C_\Pico\pico-sdk\src\rp2_common\pico_malloc\pico_malloc.c.obj (calloc)
c:/progra~2/gnuarm~1/102021~1.07/bin/../lib/gcc/arm-none-eabi/10.3.1/../../../../arm-none-eabi/lib/thumb/v6-m/nofp\libg.a(lib_a-callocr.o)
                              c:/progra~2/gnuarm~1/102021~1.07/bin/../lib/gcc/arm-none-eabi/10.3.1/../../../../arm-none-eabi/lib/thumb/v6-m/nofp\libg.a(lib_a-calloc.o) (_calloc_r)
c:/progra~2/gnuarm~1/102021~1.07/bin/../lib/gcc/arm-none-eabi/10.3.1/../../../../arm-none-eabi/lib/thumb/v6-m/nofp\libg.a(lib_a-errno.o)
                              c:/progra~2/gnuarm~1/102021~1.07/bin/../lib/gcc/arm-none-eabi/10.3.1/../../../../arm-none-eabi/lib/thumb/v6-m/nofp\libg.a(lib_a-callocr.o) (__errno)
c:/progra~2/gnuarm~1/102021~1.07/bin/../lib/gcc/arm-none-eabi/10.3.1/../../../../arm-none-eabi/lib/thumb/v6-m/nofp\libg.a(lib_a-impure.o)
                              c:/progra~2/gnuarm~1/102021~1.07/bin/../lib/gcc/arm-none-eabi/10.3.1/../../../../arm-none-eabi/lib/thumb/v6-m/nofp\libg.a(lib_a-calloc.o) (_impure_ptr)
c:/progra~2/gnuarm~1/102021~1.07/bin/../lib/gcc/arm-none-eabi/10.3.1/../../../../arm-none-eabi/lib/thumb/v6-m/nofp\libg.a(lib_a-init.o)
                              c:/progra~2/gnuarm~1/102021~1.07/bin/../lib/gcc/arm-none-eabi/10.3.1/../../../../arm-none-eabi/lib/thumb/v6-m/nofp/crt0.o (__libc_init_array)
c:/progra~2/gnuarm~1/102021~1.07/bin/../lib/gcc/arm-none-eabi/10.3.1/../../../../arm-none-eabi/lib/thumb/v6-m/nofp\libg.a(lib_a-malloc.o)
                              CMakeFiles\train_cpu.dir\C_\Pico\pico-sdk\src\rp2_common\pico_malloc\pico_malloc.c.obj (malloc)
c:/progra~2/gnuarm~1/102021~1.07/bin/../lib/gcc/arm-none-eabi/10.3.1/../../../../arm-none-eabi/lib/thumb/v6-m/nofp\libg.a(lib_a-mallocr.o)
                              c:/progra~2/gnuarm~1/102021~1.07/bin/../lib/gcc/arm-none-eabi/10.3.1/../../../../arm-none-eabi/lib/thumb/v6-m/nofp\libg.a(lib_a-callocr.o) (_malloc_r)
c:/progra~2/gnuarm~1/102021~1.07/bin/../lib/gcc/arm-none-eabi/10.3.1/../../../../arm-none-eabi/lib/thumb/v6-m/nofp\libg.a(lib_a-mlock.o)
                              c:/progra~2/gnuarm~1/102021~1.07/bin/../lib/gcc/arm-none-eabi/10.3.1/../../../../arm-none-eabi/lib/thumb/v6-m/nofp\libg.a(lib_a-mallocr.o) (__malloc_lock)
c:/progra~2/gnuarm~1/102021~1.07/bin/../lib/gcc/arm-none-eabi/10.3.1/../../../../arm-none-eabi/lib/thumb/v6-m/nofp\libg.a(lib_a-realloc.o)
                              CMakeFiles\train_cpu.dir\C_\Pico\pico-sdk\src\rp2_common\pico_malloc\pico_malloc.c.obj (realloc)
c:/progra~2/gnuarm~1/102021~1.07/bin/../lib/gcc/arm-none-eabi/10.3.1/../../../../arm-none-eabi/lib/thumb/v6-m/nofp\libg.a(lib_a-reallocr.o)
                              c:/progra~2/gnuarm~1/102021~1.07/bin/../lib/gcc/arm-none-eabi/10.3.1/../../../../arm-none-eabi/lib/thumb/v6-m/nofp\libg.a(lib_a-realloc.o) (_realloc_r)
c:/progra~2/gnuarm~1/102021~1.07/bin/../lib/gcc/arm-none-eabi/10.3.1/../../../../arm-none-eabi/lib/thumb/v6-m/nofp\libg.a(lib_a-sbrkr.o)
                              c:/progra~2/gnuarm~1/102021~1.07/bin/../lib/gcc/arm-none-eabi/10.3.1/../../../../arm-none-eabi/lib/thumb/v6-m/nofp\libg.a(lib_a-mallocr.o) (_sbrk_r)
c:/progra~2/gnuarm~1/102021~1.07/bin/../lib/gcc/arm-none-eabi/10.3.1/../../../../arm-none-eabi/lib/thumb/v6-m/nofp\libg.a(lib_a-strlen-stub.o)
                              CMakeFiles\train_cpu.dir\C_\Pico\pico-sdk\src\rp2_common\pico_stdio\stdio.c.obj (strlen)
c:/progra~2/gnuarm~1/102021~1.07/bin/../lib/gcc/arm-none-eabi/10.3.1/../../../../arm-none-eabi/lib/thumb/v6-m/nofp\libg.a(lib_a-freer.o)
                              c:/progra~2/gnuarm~1/102021~1.07/bin/../lib/gcc/arm-none-eabi/10.3.1/../../../../arm-none-eabi/lib/thumb/v6-m/nofp\libg.a(lib_a-malloc.o) (_free_r)
c:/progra~2/gnuarm~1/102021~1.07/bin/../lib/gcc/arm-none-eabi/10.3.1/../../../../arm-none-eabi/lib/thumb/v6-m/nofp\libg.a(lib_a-lock.o)
                              c:/progra~2/gnuarm~1/102021~1.07/bin/../lib/gcc/arm-none-eabi/10.3.1/../../../../arm-none-eabi/lib/thumb/v6-m/nofp\libg.a(lib_a-mlock.o) (__retarget_lock_acquire_recursive)
c:/progra~2/gnuarm~1/102021~1.07/bin/../lib/gcc/arm-none-eabi/10.3.1/../../../../arm-none-eabi/lib/thumb/v6-m/nofp\libg.a(lib_a-memmove.o)
                              c:/progra~2/gnuarm~1/102021~1.07/bin/../lib/gcc/arm-none-eabi/10.3.1/../../../../arm-none-eabi/lib/thumb/v6-m/nofp\libg.a(lib_a-reallocr.o) (memmove)
[...]
Memory Configuration

Name             Origin             Length             Attributes
FLASH            0x10000000         0x00200000         xr
RAM              0x20000000         0x00040000         xrw
SCRATCH_X        0x20040000         0x00001000         xrw
SCRATCH_Y        0x20041000         0x00001000         xrw
*default*        0x00000000         0xffffffff

Linker script and memory map

LOAD c:/progra~2/gnuarm~1/102021~1.07/bin/../lib/gcc/arm-none-eabi/10.3.1/thumb/v6-m/nofp/crti.o
LOAD c:/progra~2/gnuarm~1/102021~1.07/bin/../lib/gcc/arm-none-eabi/10.3.1/thumb/v6-m/nofp/crtbegin.o
LOAD c:/progra~2/gnuarm~1/102021~1.07/bin/../lib/gcc/arm-none-eabi/10.3.1/../../../../arm-none-eabi/lib/thumb/v6-m/nofp/crt0.o

.flash_begin    0x10000000        0x0
                0x10000000                __flash_binary_start = .

.boot2          0x10000000      0x100
                0x10000000                __boot2_start__ = .
 *(.boot2)
 .boot2         0x10000000      0x100 C:\Users\a235917\AppData\Local\Temp\cc6sDfwh.o
                0x10000100                __boot2_end__ = .
                0x00000001                ASSERT (((__boot2_end__ - __boot2_start__) == 0x100), ERROR: Pico second stage bootloader must be 256 bytes in size)

.text           0x10000100     0x4c10
                0x10000100                __logical_binary_start = .
 *(.vectors)
 .vectors       0x10000100       0xd4 CMakeFiles\train_cpu.dir\C_\Pico\pico-sdk\src\rp2_common\pico_standard_link\crt0.S.obj
                0x10000100                __VECTOR_TABLE
                0x10000100                __vectors
                0x100001c0                isr_invalid
                0x100001c0                __default_isrs_start
                0x100001c2                isr_nmi
                0x100001c4                isr_hardfault
                0x100001c6                isr_svcall
                0x100001c8                isr_pendsv
                0x100001ca                isr_systick
                0x100001cc                isr_irq23
                0x100001cc                isr_irq18
                0x100001cc                isr_irq11
                0x100001cc                isr_irq28
                0x100001cc                isr_irq19
                0x100001cc                isr_irq0
                0x100001cc                isr_irq6
                0x100001cc                isr_irq5
                0x100001cc                isr_irq12
                0x100001cc                isr_irq22
                0x100001cc                isr_irq31
                0x100001cc                isr_irq17
                0x100001cc                isr_irq27
                0x100001cc                isr_irq30
                0x100001cc                isr_irq2
                0x100001cc                isr_irq10
                0x100001cc                isr_irq8
                0x100001cc                isr_irq24
                0x100001cc                isr_irq1
                0x100001cc                isr_irq7
                0x100001cc                isr_irq21
                0x100001cc                isr_irq20
                0x100001cc                isr_irq15
                0x100001cc                isr_irq25
                0x100001cc                isr_irq13
                0x100001cc                __unhandled_user_irq
                0x100001cc                isr_irq4
                0x100001cc                isr_irq16
                0x100001cc                isr_irq29
                0x100001cc                isr_irq26
                0x100001cc                __default_isrs_end
                0x100001cc                isr_irq3
                0x100001cc                isr_irq14
                0x100001cc                isr_irq9
                0x100001d2                unhandled_user_irq_num_in_r0
 *(.binary_info_header)
 .binary_info_header
                0x100001d4       0x14 CMakeFiles\train_cpu.dir\C_\Pico\pico-sdk\src\rp2_common\pico_standard_link\crt0.S.obj
                0x100001e8                __binary_info_header_end = .
 *(.reset)
 .reset         0x100001e8       0xa8 CMakeFiles\train_cpu.dir\C_\Pico\pico-sdk\src\rp2_common\pico_standard_link\crt0.S.obj
                0x100001e8                _entry_point
                0x10000266                __get_current_exception
 .reset         0x10000290       0x30 CMakeFiles\train_cpu.dir\C_\Pico\pico-sdk\src\rp2_common\pico_standard_link\binary_info.c.obj
 *(.init)
 .init          0x100002c0        0x4 c:/progra~2/gnuarm~1/102021~1.07/bin/../lib/gcc/arm-none-eabi/10.3.1/thumb/v6-m/nofp/crti.o
                0x100002c0                _init
 *(EXCLUDE_FILE(*libm.a: *libc.a:*lib_a-mem*.o *libgcc.a:) .text*)
 .text          0x100002c4       0x48 c:/progra~2/gnuarm~1/102021~1.07/bin/../lib/gcc/arm-none-eabi/10.3.1/thumb/v6-m/nofp/crtbegin.o
 .text.check_input_start
                0x1000030c      0x160 CMakeFiles\train_cpu.dir\train_cpu.c.obj
                0x1000030c                check_input_start
 .text.store_command
                0x1000046c      0x318 CMakeFiles\train_cpu.dir\train_cpu.c.obj
                0x1000046c                store_command
 .text.program_display
                0x10000784       0x3c CMakeFiles\train_cpu.dir\train_cpu.c.obj
                0x10000784                program_display
 .text.fetch    0x100007c0       0x2c CMakeFiles\train_cpu.dir\train_cpu.c.obj
                0x100007c0                fetch
 .text.mov      0x100007ec       0x5c CMakeFiles\train_cpu.dir\train_cpu.c.obj
                0x100007ec                mov
 .text.sub      0x10000848       0x78 CMakeFiles\train_cpu.dir\train_cpu.c.obj
                0x10000848                sub
 .text.mul      0x100008c0       0x78 CMakeFiles\train_cpu.dir\train_cpu.c.obj
                0x100008c0                mul
 .text.cmp      0x10000938       0x8c CMakeFiles\train_cpu.dir\train_cpu.c.obj
                0x10000938                cmp
 .text.blt      0x100009c4       0x58 CMakeFiles\train_cpu.dir\train_cpu.c.obj
                0x100009c4                blt
 .text.b        0x10000a1c       0x3c CMakeFiles\train_cpu.dir\train_cpu.c.obj
                0x10000a1c                b
 .text.out      0x10000a58      0x180 CMakeFiles\train_cpu.dir\train_cpu.c.obj
                0x10000a58                out
 .text.decode   0x10000bd8       0x50 CMakeFiles\train_cpu.dir\train_cpu.c.obj
                0x10000bd8                decode
 .text.main     0x10000c28       0x6c CMakeFiles\train_cpu.dir\train_cpu.c.obj
                0x10000c28                main
 .text.gpio_set_function
                0x10000c94       0x30 CMakeFiles\train_cpu.dir\C_\Pico\pico-sdk\src\rp2_common\hardware_gpio\gpio.c.obj
                0x10000c94                gpio_set_function
 .text.hw_claim_lock
                0x10000cc4       0x18 CMakeFiles\train_cpu.dir\C_\Pico\pico-sdk\src\rp2_common\hardware_claim\claim.c.obj
                0x10000cc4                hw_claim_lock
 .text.hw_claim_unlock
                0x10000cdc       0x14 CMakeFiles\train_cpu.dir\C_\Pico\pico-sdk\src\rp2_common\hardware_claim\claim.c.obj
                0x10000cdc                hw_claim_unlock
 .text.hw_claim_or_assert
                0x10000cf0       0x32 CMakeFiles\train_cpu.dir\C_\Pico\pico-sdk\src\rp2_common\hardware_claim\claim.c.obj
                0x10000cf0                hw_claim_or_assert
 *fill*         0x10000d22        0x2 
 .text.running_on_fpga
                0x10000d24       0x14 CMakeFiles\train_cpu.dir\C_\Pico\pico-sdk\src\rp2_common\pico_platform\platform.c.obj
                0x10000d24                running_on_fpga
 .text.spin_locks_reset
                0x10000d38       0x20 CMakeFiles\train_cpu.dir\C_\Pico\pico-sdk\src\rp2_common\hardware_sync\sync.c.obj
                0x10000d38                spin_locks_reset
 .text.next_striped_spin_lock_num
                0x10000d58       0x1c CMakeFiles\train_cpu.dir\C_\Pico\pico-sdk\src\rp2_common\hardware_sync\sync.c.obj
                0x10000d58                next_striped_spin_lock_num
 .text.set_raw_irq_handler_and_unlock
                0x10000d74       0x28 CMakeFiles\train_cpu.dir\C_\Pico\pico-sdk\src\rp2_common\hardware_irq\irq.c.obj
 .text.make_branch
                0x10000d9c       0x48 CMakeFiles\train_cpu.dir\C_\Pico\pico-sdk\src\rp2_common\hardware_irq\irq.c.obj
 .text.insert_branch_and_link
                0x10000de4       0x40 CMakeFiles\train_cpu.dir\C_\Pico\pico-sdk\src\rp2_common\hardware_irq\irq.c.obj
 .text.irq_is_enabled
                0x10000e24       0x18 CMakeFiles\train_cpu.dir\C_\Pico\pico-sdk\src\rp2_common\hardware_irq\irq.c.obj
                0x10000e24                irq_is_enabled
 .text.irq_set_mask_enabled
                0x10000e3c       0x20 CMakeFiles\train_cpu.dir\C_\Pico\pico-sdk\src\rp2_common\hardware_irq\irq.c.obj
                0x10000e3c                irq_set_mask_enabled
 .text.irq_set_enabled
                0x10000e5c        0xe CMakeFiles\train_cpu.dir\C_\Pico\pico-sdk\src\rp2_common\hardware_irq\irq.c.obj
                0x10000e5c                irq_set_enabled
 *fill*         0x10000e6a        0x2 
 .text.irq_get_vtable_handler
                0x10000e6c       0x10 CMakeFiles\train_cpu.dir\C_\Pico\pico-sdk\src\rp2_common\hardware_irq\irq.c.obj
                0x10000e6c                irq_get_vtable_handler
 .text.irq_set_exclusive_handler
                0x10000e7c       0x54 CMakeFiles\train_cpu.dir\C_\Pico\pico-sdk\src\rp2_common\hardware_irq\irq.c.obj
                0x10000e7c                irq_set_exclusive_handler
 .text.irq_remove_handler
                0x10000ed0      0x1a8 CMakeFiles\train_cpu.dir\C_\Pico\pico-sdk\src\rp2_common\hardware_irq\irq.c.obj
                0x10000ed0                irq_remove_handler
 .text.irq_add_tail_to_free_list
                0x10001078       0xf0 CMakeFiles\train_cpu.dir\C_\Pico\pico-sdk\src\rp2_common\hardware_irq\irq.c.obj
                0x10001078                irq_add_tail_to_free_list
 .text.irq_init_priorities
                0x10001168       0x1c CMakeFiles\train_cpu.dir\C_\Pico\pico-sdk\src\rp2_common\hardware_irq\irq.c.obj
                0x10001168                irq_init_priorities
 .text.lock_init
                0x10001184       0x10 CMakeFiles\train_cpu.dir\C_\Pico\pico-sdk\src\common\pico_sync\lock_core.c.obj
                0x10001184                lock_init
 .text.alarm_pool_post_alloc_init
                0x10001194       0x40 CMakeFiles\train_cpu.dir\C_\Pico\pico-sdk\src\common\pico_time\time.c.obj
 .text.sleep_until_callback
                0x100011d4       0x30 CMakeFiles\train_cpu.dir\C_\Pico\pico-sdk\src\common\pico_time\time.c.obj
 .text.timer_pool_entry_comparator
                0x10001204       0x7c CMakeFiles\train_cpu.dir\C_\Pico\pico-sdk\src\common\pico_time\time.c.obj
                0x10001204                timer_pool_entry_comparator
 .text.ph_add_child_node
                0x10001280       0xa4 CMakeFiles\train_cpu.dir\C_\Pico\pico-sdk\src\common\pico_time\time.c.obj
 .text.ph_merge_nodes
                0x10001324       0x3e CMakeFiles\train_cpu.dir\C_\Pico\pico-sdk\src\common\pico_time\time.c.obj
 *fill*         0x10001362        0x2 
 .text.add_alarm_under_lock
                0x10001364      0x174 CMakeFiles\train_cpu.dir\C_\Pico\pico-sdk\src\common\pico_time\time.c.obj
 .text.alarm_pool_alarm_callback
                0x100014d8      0x328 CMakeFiles\train_cpu.dir\C_\Pico\pico-sdk\src\common\pico_time\time.c.obj
 .text.alarm_pool_init_default
                0x10001800       0x38 CMakeFiles\train_cpu.dir\C_\Pico\pico-sdk\src\common\pico_time\time.c.obj
                0x10001800                alarm_pool_init_default
 .text.alarm_pool_get_default
                0x10001838       0x2c CMakeFiles\train_cpu.dir\C_\Pico\pico-sdk\src\common\pico_time\time.c.obj
                0x10001838                alarm_pool_get_default
 .text.alarm_pool_add_alarm_at
                0x10001864      0x170 CMakeFiles\train_cpu.dir\C_\Pico\pico-sdk\src\common\pico_time\time.c.obj
                0x10001864                alarm_pool_add_alarm_at
 .text.sleep_until
                0x100019d4       0xfc CMakeFiles\train_cpu.dir\C_\Pico\pico-sdk\src\common\pico_time\time.c.obj
                0x100019d4                sleep_until
 .text.sleep_us
                0x10001ad0       0x58 CMakeFiles\train_cpu.dir\C_\Pico\pico-sdk\src\common\pico_time\time.c.obj
                0x10001ad0                sleep_us
 .text.sleep_ms
                0x10001b28       0x14 CMakeFiles\train_cpu.dir\C_\Pico\pico-sdk\src\common\pico_time\time.c.obj
                0x10001b28                sleep_ms
 .text.hardware_alarm_irq_handler
                0x10001b3c       0x8c CMakeFiles\train_cpu.dir\C_\Pico\pico-sdk\src\rp2_common\hardware_timer\timer.c.obj
 .text.hardware_alarm_claim
                0x10001bc8       0x18 CMakeFiles\train_cpu.dir\C_\Pico\pico-sdk\src\rp2_common\hardware_timer\timer.c.obj
                0x10001bc8                hardware_alarm_claim
 .text.time_us_64
                0x10001be0       0x18 CMakeFiles\train_cpu.dir\C_\Pico\pico-sdk\src\rp2_common\hardware_timer\timer.c.obj
                0x10001be0                time_us_64
 .text.busy_wait_until
                0x10001bf8       0x28 CMakeFiles\train_cpu.dir\C_\Pico\pico-sdk\src\rp2_common\hardware_timer\timer.c.obj
                0x10001bf8                busy_wait_until
 .text.hardware_alarm_set_callback
                0x10001c20       0x90 CMakeFiles\train_cpu.dir\C_\Pico\pico-sdk\src\rp2_common\hardware_timer\timer.c.obj
                0x10001c20                hardware_alarm_set_callback
 .text.hardware_alarm_set_target
                0x10001cb0       0xe8 CMakeFiles\train_cpu.dir\C_\Pico\pico-sdk\src\rp2_common\hardware_timer\timer.c.obj
                0x10001cb0                hardware_alarm_set_target
 .text.hardware_alarm_cancel
                0x10001d98       0x40 CMakeFiles\train_cpu.dir\C_\Pico\pico-sdk\src\rp2_common\hardware_timer\timer.c.obj
                0x10001d98                hardware_alarm_cancel
 .text.ph_add_child_node
                0x10001dd8       0xa4 CMakeFiles\train_cpu.dir\C_\Pico\pico-sdk\src\common\pico_util\pheap.c.obj
 .text.ph_merge_nodes
                0x10001e7c       0x3e CMakeFiles\train_cpu.dir\C_\Pico\pico-sdk\src\common\pico_util\pheap.c.obj
 *fill*         0x10001eba        0x2 
 .text.ph_clear
                0x10001ebc       0x70 CMakeFiles\train_cpu.dir\C_\Pico\pico-sdk\src\common\pico_util\pheap.c.obj
                0x10001ebc                ph_clear
 .text.ph_post_alloc_init
                0x10001f2c        0xe CMakeFiles\train_cpu.dir\C_\Pico\pico-sdk\src\common\pico_util\pheap.c.obj
                0x10001f2c                ph_post_alloc_init
 *fill*         0x10001f3a        0x2 
 .text.ph_merge_two_pass
                0x10001f3c       0xa8 CMakeFiles\train_cpu.dir\C_\Pico\pico-sdk\src\common\pico_util\pheap.c.obj
                0x10001f3c                ph_merge_two_pass
 .text.ph_remove_any_head
                0x10001fe4      0x108 CMakeFiles\train_cpu.dir\C_\Pico\pico-sdk\src\common\pico_util\pheap.c.obj
 .text.ph_remove_head
                0x100020ec       0x14 CMakeFiles\train_cpu.dir\C_\Pico\pico-sdk\src\common\pico_util\pheap.c.obj
                0x100020ec                ph_remove_head
 .text.ph_remove_and_free_node
                0x10002100       0xf8 CMakeFiles\train_cpu.dir\C_\Pico\pico-sdk\src\common\pico_util\pheap.c.obj
                0x10002100                ph_remove_and_free_node
 .text.mutex_init
                0x100021f8       0x1a CMakeFiles\train_cpu.dir\C_\Pico\pico-sdk\src\common\pico_sync\mutex.c.obj
                0x100021f8                mutex_init
 .text.recursive_mutex_init
                0x10002212       0x1e CMakeFiles\train_cpu.dir\C_\Pico\pico-sdk\src\common\pico_sync\mutex.c.obj
                0x10002212                recursive_mutex_init
 .text.uart_set_baudrate
                0x10002230       0x5c CMakeFiles\train_cpu.dir\C_\Pico\pico-sdk\src\rp2_common\hardware_uart\uart.c.obj
                0x10002230                uart_set_baudrate
 .text.uart_set_translate_crlf
                0x1000228c       0x28 CMakeFiles\train_cpu.dir\C_\Pico\pico-sdk\src\rp2_common\hardware_uart\uart.c.obj
                0x1000228c                uart_set_translate_crlf
 .text.uart_init
                0x100022b4       0x80 CMakeFiles\train_cpu.dir\C_\Pico\pico-sdk\src\rp2_common\hardware_uart\uart.c.obj
                0x100022b4                uart_init
 .text._exit    0x10002334        0x4 CMakeFiles\train_cpu.dir\C_\Pico\pico-sdk\src\rp2_common\pico_runtime\runtime.c.obj
                0x10002334                _exit
 .text.exit     0x10002338        0x6 CMakeFiles\train_cpu.dir\C_\Pico\pico-sdk\src\rp2_common\pico_runtime\runtime.c.obj
                0x10002338                exit
 *fill*         0x1000233e        0x2 
 .text.__assert_func
                0x10002340       0x3c CMakeFiles\train_cpu.dir\C_\Pico\pico-sdk\src\rp2_common\pico_runtime\runtime.c.obj
                0x10002340                __assert_func
 .text.runtime_init
                0x1000237c       0xf8 CMakeFiles\train_cpu.dir\C_\Pico\pico-sdk\src\rp2_common\pico_runtime\runtime.c.obj
                0x1000237c                runtime_init
 .text.panic    0x10002474       0x30 CMakeFiles\train_cpu.dir\C_\Pico\pico-sdk\src\rp2_common\pico_runtime\runtime.c.obj
                0x10002474                panic
 .text.clock_configure
                0x100024a4      0x104 CMakeFiles\train_cpu.dir\C_\Pico\pico-sdk\src\rp2_common\hardware_clocks\clocks.c.obj
                0x100024a4                clock_configure
 .text.clocks_init
                0x100025a8      0x100 CMakeFiles\train_cpu.dir\C_\Pico\pico-sdk\src\rp2_common\hardware_clocks\clocks.c.obj
                0x100025a8                clocks_init
 .text.clock_get_hz
                0x100026a8        0xc CMakeFiles\train_cpu.dir\C_\Pico\pico-sdk\src\rp2_common\hardware_clocks\clocks.c.obj
                0x100026a8                clock_get_hz
 .text.pll_init
                0x100026b4      0x140 CMakeFiles\train_cpu.dir\C_\Pico\pico-sdk\src\rp2_common\hardware_pll\pll.c.obj
                0x100026b4                pll_init
 .text.watchdog_start_tick
                0x100027f4       0x10 CMakeFiles\train_cpu.dir\C_\Pico\pico-sdk\src\rp2_common\hardware_watchdog\watchdog.c.obj
                0x100027f4                watchdog_start_tick
 .text.xosc_init
                0x10002804       0x28 CMakeFiles\train_cpu.dir\C_\Pico\pico-sdk\src\rp2_common\hardware_xosc\xosc.c.obj
                0x10002804                xosc_init
 .text._out_buffer
                0x1000282c        0x8 CMakeFiles\train_cpu.dir\C_\Pico\pico-sdk\src\rp2_common\pico_printf\printf.c.obj
 .text._out_null
                0x10002834        0x2 CMakeFiles\train_cpu.dir\C_\Pico\pico-sdk\src\rp2_common\pico_printf\printf.c.obj
 .text._out_fct
                0x10002836        0xe CMakeFiles\train_cpu.dir\C_\Pico\pico-sdk\src\rp2_common\pico_printf\printf.c.obj
 .text._atoi    0x10002844       0x24 CMakeFiles\train_cpu.dir\C_\Pico\pico-sdk\src\rp2_common\pico_printf\printf.c.obj
 .text._out_rev
                0x10002868       0xae CMakeFiles\train_cpu.dir\C_\Pico\pico-sdk\src\rp2_common\pico_printf\printf.c.obj
 .text._ntoa_format
                0x10002916      0x112 CMakeFiles\train_cpu.dir\C_\Pico\pico-sdk\src\rp2_common\pico_printf\printf.c.obj
 .text._ntoa_long
                0x10002a28       0xbc CMakeFiles\train_cpu.dir\C_\Pico\pico-sdk\src\rp2_common\pico_printf\printf.c.obj
 .text._ntoa_long_long
                0x10002ae4       0xe2 CMakeFiles\train_cpu.dir\C_\Pico\pico-sdk\src\rp2_common\pico_printf\printf.c.obj
 *fill*         0x10002bc6        0x2 
 .text._etoa    0x10002bc8      0x414 CMakeFiles\train_cpu.dir\C_\Pico\pico-sdk\src\rp2_common\pico_printf\printf.c.obj
 .text._ftoa    0x10002fdc      0x354 CMakeFiles\train_cpu.dir\C_\Pico\pico-sdk\src\rp2_common\pico_printf\printf.c.obj
 .text._vsnprintf
                0x10003330      0x624 CMakeFiles\train_cpu.dir\C_\Pico\pico-sdk\src\rp2_common\pico_printf\printf.c.obj
 .text.__wrap_sprintf
                0x10003954       0x28 CMakeFiles\train_cpu.dir\C_\Pico\pico-sdk\src\rp2_common\pico_printf\printf.c.obj
                0x10003954                __wrap_sprintf
 .text.vfctprintf
                0x1000397c       0x20 CMakeFiles\train_cpu.dir\C_\Pico\pico-sdk\src\rp2_common\pico_printf\printf.c.obj
                0x1000397c                vfctprintf
 .text          0x1000399c       0x10 CMakeFiles\train_cpu.dir\C_\Pico\pico-sdk\src\rp2_common\pico_bit_ops\bit_ops_aeabi.S.obj
 .text.rom_func_lookup
                0x100039ac       0x10 CMakeFiles\train_cpu.dir\C_\Pico\pico-sdk\src\rp2_common\pico_bootrom\bootrom.c.obj
                0x100039ac                rom_func_lookup
 .text.rom_data_lookup
                0x100039bc       0x10 CMakeFiles\train_cpu.dir\C_\Pico\pico-sdk\src\rp2_common\pico_bootrom\bootrom.c.obj
                0x100039bc                rom_data_lookup
 .text.rom_funcs_lookup
                0x100039cc       0x36 CMakeFiles\train_cpu.dir\C_\Pico\pico-sdk\src\rp2_common\pico_bootrom\bootrom.c.obj
                0x100039cc                rom_funcs_lookup
 *fill*         0x10003a02        0x2 
 .text.__wrap___aeabi_idiv
                0x10003a04       0x50 CMakeFiles\train_cpu.dir\C_\Pico\pico-sdk\src\rp2_common\pico_divider\divider.S.obj
                0x10003a04                __wrap___aeabi_idivmod
                0x10003a04                divmod_s32s32
                0x10003a04                div_s32s32
                0x10003a04                __wrap___aeabi_idiv
                0x10003a0c                divmod_s32s32_unsafe
                0x10003a38                divmod_s32s32_savestate
 .text.__wrap___aeabi_uidiv
                0x10003a54       0x4c CMakeFiles\train_cpu.dir\C_\Pico\pico-sdk\src\rp2_common\pico_divider\divider.S.obj
                0x10003a54                __wrap___aeabi_uidiv
                0x10003a54                __wrap___aeabi_uidivmod
                0x10003a54                div_u32u32
                0x10003a54                divmod_u32u32
                0x10003a5c                divmod_u32u32_unsafe
                0x10003a84                divmod_u32u32_savestate
 .text.__wrap___aeabi_ldiv
                0x10003aa0      0x434 CMakeFiles\train_cpu.dir\C_\Pico\pico-sdk\src\rp2_common\pico_divider\divider.S.obj
                0x10003aa0                div_s64s64
                0x10003aa0                divmod_s64s64
                0x10003aa0                __wrap___aeabi_ldivmod
                0x10003ad8                divmod_u64u64
                0x10003ad8                div_u64u64
                0x10003ad8                __wrap___aeabi_uldivmod
                0x10003ae8                divmod_u64u64_savestate
                0x10003b10                divmod_s64s64_unsafe
                0x10003b98                divmod_u64u64_unsafe
 .text.__wrap___aeabi_darithmetic
                0x10003ed4       0x80 CMakeFiles\train_cpu.dir\C_\Pico\pico-sdk\src\rp2_common\pico_double\double_aeabi.S.obj
                0x10003ed4                __wrap___aeabi_drsub
                0x10003eda                __wrap___aeabi_dsub
                0x10003eec                __wrap___aeabi_dadd
                0x10003efe                __wrap___aeabi_ddiv
                0x10003f3a                __wrap___aeabi_dmul
 .text.__wrap___aeabi_cdcmple
                0x10003f54       0x6c CMakeFiles\train_cpu.dir\C_\Pico\pico-sdk\src\rp2_common\pico_double\double_aeabi.S.obj
                0x10003f54                __wrap___aeabi_cdrcmple
                0x10003f64                __wrap___aeabi_cdcmpeq
                0x10003f64                __wrap___aeabi_cdcmple
 .text.__wrap___aeabi_dcmplt
                0x10003fc0        0xc CMakeFiles\train_cpu.dir\C_\Pico\pico-sdk\src\rp2_common\pico_double\double_aeabi.S.obj
                0x10003fc0                __wrap___aeabi_dcmplt
 .text.__wrap___aeabi_dcmple
                0x10003fcc       0x10 CMakeFiles\train_cpu.dir\C_\Pico\pico-sdk\src\rp2_common\pico_double\double_aeabi.S.obj
                0x10003fcc                __wrap___aeabi_dcmple
 .text.__wrap___aeabi_dcmpge
                0x10003fdc       0x10 CMakeFiles\train_cpu.dir\C_\Pico\pico-sdk\src\rp2_common\pico_double\double_aeabi.S.obj
                0x10003fdc                __wrap___aeabi_dcmpge
 .text.__wrap___aeabi_dcmpgt
                0x10003fec        0xa CMakeFiles\train_cpu.dir\C_\Pico\pico-sdk\src\rp2_common\pico_double\double_aeabi.S.obj
                0x10003fec                __wrap___aeabi_dcmpgt
 .text.__wrap___aeabi_dcmpun
                0x10003ff6       0x1c CMakeFiles\train_cpu.dir\C_\Pico\pico-sdk\src\rp2_common\pico_double\double_aeabi.S.obj
                0x10003ff6                __wrap___aeabi_dcmpun
 *fill*         0x10004012        0x2 
 .text.__wrap___aeabi_i2d
                0x10004014       0x38 CMakeFiles\train_cpu.dir\C_\Pico\pico-sdk\src\rp2_common\pico_double\double_aeabi.S.obj
                0x10004014                __wrap___aeabi_ui2d
                0x1000401c                __wrap___aeabi_i2d
 .text.__wrap___aeabi_d2iz
                0x1000404c       0x48 CMakeFiles\train_cpu.dir\C_\Pico\pico-sdk\src\rp2_common\pico_double\double_aeabi.S.obj
                0x1000404c                double2int_z
                0x1000404c                __wrap___aeabi_d2iz
 .text.__wrap___aeabi_d2uiz
                0x10004094       0x18 CMakeFiles\train_cpu.dir\C_\Pico\pico-sdk\src\rp2_common\pico_double\double_aeabi.S.obj
                0x10004094                __wrap___aeabi_d2uiz
                0x10004094                double2uint
 .text.__aeabi_double_init
                0x100040ac       0xc8 CMakeFiles\train_cpu.dir\C_\Pico\pico-sdk\src\rp2_common\pico_double\double_init_rom.c.obj
                0x100040ac                __aeabi_double_init
 .text.double_table_shim_on_use_helper
                0x10004174       0x34 CMakeFiles\train_cpu.dir\C_\Pico\pico-sdk\src\rp2_common\pico_double\double_v1_rom_shim.S.obj
                0x10004174                double_table_shim_on_use_helper
 .text.__wrap___aeabi_dsub
                0x100041a8       0x10 CMakeFiles\train_cpu.dir\C_\Pico\pico-sdk\src\rp2_common\pico_double\double_v1_rom_shim.S.obj
                0x100041a8                drsub_shim
                0x100041ae                dsub_shim
 .text.dadd_shim
                0x100041b8      0x15c CMakeFiles\train_cpu.dir\C_\Pico\pico-sdk\src\rp2_common\pico_double\double_v1_rom_shim.S.obj
                0x100041b8                dadd_shim
 .text.dmul_shim
                0x10004314      0x15c CMakeFiles\train_cpu.dir\C_\Pico\pico-sdk\src\rp2_common\pico_double\double_v1_rom_shim.S.obj
                0x10004314                dmul_shim
 .text.ddiv_shim
                0x10004470      0x1b0 CMakeFiles\train_cpu.dir\C_\Pico\pico-sdk\src\rp2_common\pico_double\double_v1_rom_shim.S.obj
                0x10004470                ddiv_shim
 .text.double2uint_shim
                0x10004620        0xe CMakeFiles\train_cpu.dir\C_\Pico\pico-sdk\src\rp2_common\pico_double\double_v1_rom_shim.S.obj
                0x10004620                double2uint_shim
                0x10004622                double2ufix_shim
 *fill*         0x1000462e        0x2 
 .text.double2uint64_shim
                0x10004630       0x70 CMakeFiles\train_cpu.dir\C_\Pico\pico-sdk\src\rp2_common\pico_double\double_v1_rom_shim.S.obj
                0x10004630                double2uint64_shim
                0x10004632                double2ufix64_shim
                0x10004652                d2fix_a
 .text.dunpacks
                0x100046a0       0x3c CMakeFiles\train_cpu.dir\C_\Pico\pico-sdk\src\rp2_common\pico_double\double_v1_rom_shim.S.obj
                0x100046a0                dunpacks
 .text.__aeabi_lmul
                0x100046dc       0x32 CMakeFiles\train_cpu.dir\C_\Pico\pico-sdk\src\rp2_common\pico_int64_ops\pico_int64_ops_aeabi.S.obj
                0x100046dc                __wrap___aeabi_lmul
 *fill*         0x1000470e        0x2 
 .text.__aeabi_float_init
                0x10004710       0xfc CMakeFiles\train_cpu.dir\C_\Pico\pico-sdk\src\rp2_common\pico_float\float_init_rom.c.obj
                0x10004710                __aeabi_float_init
 .text.float_table_shim_on_use_helper
                0x1000480c       0x34 CMakeFiles\train_cpu.dir\C_\Pico\pico-sdk\src\rp2_common\pico_float\float_v1_rom_shim.S.obj
                0x1000480c                float_table_shim_on_use_helper
 .text          0x10004840       0x10 CMakeFiles\train_cpu.dir\C_\Pico\pico-sdk\src\rp2_common\pico_mem_ops\mem_ops_aeabi.S.obj
                0x10004840                __aeabi_mem_init
 .text.memset   0x10004850        0xc CMakeFiles\train_cpu.dir\C_\Pico\pico-sdk\src\rp2_common\pico_mem_ops\mem_ops_aeabi.S.obj
                0x10004850                __wrap_memset
 .text.memcpy   0x1000485c        0xc CMakeFiles\train_cpu.dir\C_\Pico\pico-sdk\src\rp2_common\pico_mem_ops\mem_ops_aeabi.S.obj
                0x1000485c                __wrap_memcpy
                0x1000485c                __wrap___aeabi_memcpy
 .text.stdio_out_chars_no_crlf
                0x10004868        0xe CMakeFiles\train_cpu.dir\C_\Pico\pico-sdk\src\rp2_common\pico_stdio\stdio.c.obj
 *fill*         0x10004876        0x2 
 .text.stdio_out_chars_crlf
                0x10004878       0x80 CMakeFiles\train_cpu.dir\C_\Pico\pico-sdk\src\rp2_common\pico_stdio\stdio.c.obj
 .text.stdio_stack_buffer_flush
                0x100048f8       0x44 CMakeFiles\train_cpu.dir\C_\Pico\pico-sdk\src\rp2_common\pico_stdio\stdio.c.obj
 .text.stdio_buffered_printer
                0x1000493c       0x20 CMakeFiles\train_cpu.dir\C_\Pico\pico-sdk\src\rp2_common\pico_stdio\stdio.c.obj
 .text.stdout_serialize_begin
                0x1000495c       0x30 CMakeFiles\train_cpu.dir\C_\Pico\pico-sdk\src\rp2_common\pico_stdio\stdio.c.obj
                0x1000495c                stdout_serialize_begin
 .text.stdout_serialize_end
                0x1000498c       0x10 CMakeFiles\train_cpu.dir\C_\Pico\pico-sdk\src\rp2_common\pico_stdio\stdio.c.obj
                0x1000498c                stdout_serialize_end
 .text.stdio_put_string
                0x1000499c       0x98 CMakeFiles\train_cpu.dir\C_\Pico\pico-sdk\src\rp2_common\pico_stdio\stdio.c.obj
 .text.__wrap_putchar
                0x10004a34       0x1c CMakeFiles\train_cpu.dir\C_\Pico\pico-sdk\src\rp2_common\pico_stdio\stdio.c.obj
                0x10004a34                __wrap_putchar
 .text.stdio_set_driver_enabled
                0x10004a50       0x2c CMakeFiles\train_cpu.dir\C_\Pico\pico-sdk\src\rp2_common\pico_stdio\stdio.c.obj
                0x10004a50                stdio_set_driver_enabled
 .text.stdio_flush
                0x10004a7c       0x20 CMakeFiles\train_cpu.dir\C_\Pico\pico-sdk\src\rp2_common\pico_stdio\stdio.c.obj
                0x10004a7c                stdio_flush
 .text.__wrap_puts
                0x10004a9c       0x1e CMakeFiles\train_cpu.dir\C_\Pico\pico-sdk\src\rp2_common\pico_stdio\stdio.c.obj
                0x10004a9c                __wrap_puts
 *fill*         0x10004aba        0x2 
 .text.__wrap_vprintf
                0x10004abc       0x44 CMakeFiles\train_cpu.dir\C_\Pico\pico-sdk\src\rp2_common\pico_stdio\stdio.c.obj
                0x10004abc                __wrap_vprintf
 .text.__wrap_printf
                0x10004b00       0x18 CMakeFiles\train_cpu.dir\C_\Pico\pico-sdk\src\rp2_common\pico_stdio\stdio.c.obj
                0x10004b00                __wrap_printf
 .text.stdio_init_all
                0x10004b18        0x8 CMakeFiles\train_cpu.dir\C_\Pico\pico-sdk\src\rp2_common\pico_stdio\stdio.c.obj
                0x10004b18                stdio_init_all
 .text.stdio_uart_out_chars
                0x10004b20       0x74 CMakeFiles\train_cpu.dir\C_\Pico\pico-sdk\src\rp2_common\pico_stdio_uart\stdio_uart.c.obj
 .text.stdio_uart_in_chars
                0x10004b94       0x58 CMakeFiles\train_cpu.dir\C_\Pico\pico-sdk\src\rp2_common\pico_stdio_uart\stdio_uart.c.obj
                0x10004b94                stdio_uart_in_chars
 .text.stdio_uart_init_full
                0x10004bec       0x3c CMakeFiles\train_cpu.dir\C_\Pico\pico-sdk\src\rp2_common\pico_stdio_uart\stdio_uart.c.obj
                0x10004bec                stdio_uart_init_full
 .text.stdio_uart_init
                0x10004c28       0x28 CMakeFiles\train_cpu.dir\C_\Pico\pico-sdk\src\rp2_common\pico_stdio_uart\stdio_uart.c.obj
                0x10004c28                stdio_uart_init
 .text.strlen   0x10004c50       0x5c c:/progra~2/gnuarm~1/102021~1.07/bin/../lib/gcc/arm-none-eabi/10.3.1/../../../../arm-none-eabi/lib/thumb/v6-m/nofp\libg.a(lib_a-strlen-stub.o)
                0x10004c50                strlen
 *(.fini)
 .fini          0x10004cac        0x4 c:/progra~2/gnuarm~1/102021~1.07/bin/../lib/gcc/arm-none-eabi/10.3.1/thumb/v6-m/nofp/crti.o
                0x10004cac                _fini
 .fini.__stub   0x10004cb0       0x60 linker stubs
 *crtbegin.o(.ctors)
 *crtbegin?.o(.ctors)
 *(EXCLUDE_FILE(*crtend.o *crtend?.o) .ctors)
 *(SORT_BY_NAME(.ctors.*))
 *(.ctors)
 *crtbegin.o(.dtors)
 *crtbegin?.o(.dtors)
 *(EXCLUDE_FILE(*crtend.o *crtend?.o) .dtors)
 *(SORT_BY_NAME(.dtors.*))
 *(.dtors)
 *(.eh_frame*)
 .eh_frame      0x10004d10        0x0 c:/progra~2/gnuarm~1/102021~1.07/bin/../lib/gcc/arm-none-eabi/10.3.1/thumb/v6-m/nofp/crtbegin.o
                0x10004d10                . = ALIGN (0x4)

.glue_7         0x10004d10        0x0
 .glue_7        0x10004d10        0x0 linker stubs

.glue_7t        0x10004d10        0x0
 .glue_7t       0x10004d10        0x0 linker stubs

.vfp11_veneer   0x10004d10        0x0
 .vfp11_veneer  0x10004d10        0x0 linker stubs

.v4_bx          0x10004d10        0x0
 .v4_bx         0x10004d10        0x0 linker stubs

.iplt           0x10004d10        0x0
 .iplt          0x10004d10        0x0 c:/progra~2/gnuarm~1/102021~1.07/bin/../lib/gcc/arm-none-eabi/10.3.1/thumb/v6-m/nofp/crtbegin.o

.rodata         0x10004d10     0x1018
 *(EXCLUDE_FILE(*libm.a: *libc.a:*lib_a-mem*.o *libgcc.a:) .rodata*)
 .rodata.check_input_start.str1.4
                0x10004d10       0x2d CMakeFiles\train_cpu.dir\train_cpu.c.obj
 *fill*         0x10004d3d        0x3 
 .rodata.store_command.str1.4
                0x10004d40       0x25 CMakeFiles\train_cpu.dir\train_cpu.c.obj
 *fill*         0x10004d65        0x3 
 .rodata.program_display.str1.4
                0x10004d68       0x42 CMakeFiles\train_cpu.dir\train_cpu.c.obj
 *fill*         0x10004daa        0x2 
 .rodata.mov.str1.4
                0x10004dac       0x3d CMakeFiles\train_cpu.dir\train_cpu.c.obj
 *fill*         0x10004de9        0x3 
 .rodata.sub.str1.4
                0x10004dec       0x35 CMakeFiles\train_cpu.dir\train_cpu.c.obj
 *fill*         0x10004e21        0x3 
 .rodata.mul.str1.4
                0x10004e24       0x23 CMakeFiles\train_cpu.dir\train_cpu.c.obj
 *fill*         0x10004e47        0x1 
 .rodata.cmp.str1.4
                0x10004e48       0x35 CMakeFiles\train_cpu.dir\train_cpu.c.obj
 *fill*         0x10004e7d        0x3 
 .rodata.blt.str1.4
                0x10004e80       0x11 CMakeFiles\train_cpu.dir\train_cpu.c.obj
 *fill*         0x10004e91        0x3 
 .rodata.b.str1.4
                0x10004e94        0xb CMakeFiles\train_cpu.dir\train_cpu.c.obj
 *fill*         0x10004e9f        0x1 
 .rodata.out.str1.4
                0x10004ea0       0x15 CMakeFiles\train_cpu.dir\train_cpu.c.obj
 *fill*         0x10004eb5        0x3 
 .rodata.decode
                0x10004eb8       0x28 CMakeFiles\train_cpu.dir\train_cpu.c.obj
 .rodata.make_branch.str1.4
                0x10004ee0       0x63 CMakeFiles\train_cpu.dir\C_\Pico\pico-sdk\src\rp2_common\hardware_irq\irq.c.obj
 *fill*         0x10004f43        0x1 
 .rodata.insert_branch_and_link.str1.4
                0x10004f44       0x10 CMakeFiles\train_cpu.dir\C_\Pico\pico-sdk\src\rp2_common\hardware_irq\irq.c.obj
 .rodata.irq_set_exclusive_handler.str1.4
                0x10004f54       0x36 CMakeFiles\train_cpu.dir\C_\Pico\pico-sdk\src\rp2_common\hardware_irq\irq.c.obj
 *fill*         0x10004f8a        0x2 
 .rodata.irq_add_shared_handler.str1.4
                0x10004f8c       0xd9 CMakeFiles\train_cpu.dir\C_\Pico\pico-sdk\src\rp2_common\hardware_irq\irq.c.obj
 *fill*         0x10005065        0x3 
 .rodata.irq_remove_handler.str1.4
                0x10005068       0x2a CMakeFiles\train_cpu.dir\C_\Pico\pico-sdk\src\rp2_common\hardware_irq\irq.c.obj
 *fill*         0x10005092        0x2 
 .rodata.irq_add_tail_to_free_list.str1.4
                0x10005094       0x3a CMakeFiles\train_cpu.dir\C_\Pico\pico-sdk\src\rp2_common\hardware_irq\irq.c.obj
 *fill*         0x100050ce        0x2 
 .rodata.__func__.0
                0x100050d0       0x1a CMakeFiles\train_cpu.dir\C_\Pico\pico-sdk\src\rp2_common\hardware_irq\irq.c.obj
 *fill*         0x100050ea        0x2 
 .rodata.__func__.1
                0x100050ec       0x17 CMakeFiles\train_cpu.dir\C_\Pico\pico-sdk\src\rp2_common\hardware_irq\irq.c.obj
 *fill*         0x10005103        0x1 
 .rodata.__func__.2
                0x10005104       0x13 CMakeFiles\train_cpu.dir\C_\Pico\pico-sdk\src\rp2_common\hardware_irq\irq.c.obj
 *fill*         0x10005117        0x1 
 .rodata.__func__.3
                0x10005118        0xc CMakeFiles\train_cpu.dir\C_\Pico\pico-sdk\src\rp2_common\hardware_irq\irq.c.obj
 .rodata.__func__.4
                0x10005124        0xf CMakeFiles\train_cpu.dir\C_\Pico\pico-sdk\src\rp2_common\hardware_irq\irq.c.obj
 *fill*         0x10005133        0x1 
 .rodata.__func__.6
                0x10005134       0x1a CMakeFiles\train_cpu.dir\C_\Pico\pico-sdk\src\rp2_common\hardware_irq\irq.c.obj
 *fill*         0x1000514e        0x2 
 .rodata.repeating_timer_callback.str1.4
                0x10005150       0x41 CMakeFiles\train_cpu.dir\C_\Pico\pico-sdk\src\common\pico_time\time.c.obj
 *fill*         0x10005191        0x3 
 .rodata.alarm_pool_dump_key.str1.4
                0x10005194       0x33 CMakeFiles\train_cpu.dir\C_\Pico\pico-sdk\src\common\pico_time\time.c.obj
 *fill*         0x100051c7        0x1 
 .rodata.ph_add_child_node.str1.4
                0x100051c8       0x8a CMakeFiles\train_cpu.dir\C_\Pico\pico-sdk\src\common\pico_time\time.c.obj
 *fill*         0x10005252        0x2 
 .rodata.add_alarm_under_lock.str1.4
                0x10005254       0x28 CMakeFiles\train_cpu.dir\C_\Pico\pico-sdk\src\common\pico_time\time.c.obj
                                 0x2b (size before relaxing)
 .rodata.alarm_pool_alarm_callback.str1.4
                0x1000527c       0xda CMakeFiles\train_cpu.dir\C_\Pico\pico-sdk\src\common\pico_time\time.c.obj
 *fill*         0x10005356        0x2 
 .rodata.alarm_pool_get_default.str1.4
                0x10005358       0x21 CMakeFiles\train_cpu.dir\C_\Pico\pico-sdk\src\common\pico_time\time.c.obj
 *fill*         0x10005379        0x3 
 .rodata.sleep_until.str1.4
                0x1000537c       0x4d CMakeFiles\train_cpu.dir\C_\Pico\pico-sdk\src\common\pico_time\time.c.obj
 *fill*         0x100053c9        0x3 
 .rodata.__func__.10
                0x100053cc       0x15 CMakeFiles\train_cpu.dir\C_\Pico\pico-sdk\src\common\pico_time\time.c.obj
 *fill*         0x100053e1        0x3 
 .rodata.__func__.11
                0x100053e4       0x1a CMakeFiles\train_cpu.dir\C_\Pico\pico-sdk\src\common\pico_time\time.c.obj
 *fill*         0x100053fe        0x2 
 .rodata.__func__.12
                0x10005400        0xa CMakeFiles\train_cpu.dir\C_\Pico\pico-sdk\src\common\pico_time\time.c.obj
 *fill*         0x1000540a        0x2 
 .rodata.__func__.3
                0x1000540c       0x17 CMakeFiles\train_cpu.dir\C_\Pico\pico-sdk\src\common\pico_time\time.c.obj
 *fill*         0x10005423        0x1 
 .rodata.__func__.4
                0x10005424       0x12 CMakeFiles\train_cpu.dir\C_\Pico\pico-sdk\src\common\pico_time\time.c.obj
 *fill*         0x10005436        0x2 
 .rodata.__func__.5
                0x10005438        0xd CMakeFiles\train_cpu.dir\C_\Pico\pico-sdk\src\common\pico_time\time.c.obj
 *fill*         0x10005445        0x3 
 .rodata.__func__.6
                0x10005448       0x12 CMakeFiles\train_cpu.dir\C_\Pico\pico-sdk\src\common\pico_time\time.c.obj
 *fill*         0x1000545a        0x2 
 .rodata.__func__.7
                0x1000545c        0xf CMakeFiles\train_cpu.dir\C_\Pico\pico-sdk\src\common\pico_time\time.c.obj
 *fill*         0x1000546b        0x1 
 .rodata.__func__.8
                0x1000546c        0xc CMakeFiles\train_cpu.dir\C_\Pico\pico-sdk\src\common\pico_time\time.c.obj
 .rodata.__func__.9
                0x10005478       0x15 CMakeFiles\train_cpu.dir\C_\Pico\pico-sdk\src\common\pico_time\time.c.obj
 *fill*         0x1000548d        0x3 
 .rodata.hardware_alarm_claim.str1.4
                0x10005490       0x22 CMakeFiles\train_cpu.dir\C_\Pico\pico-sdk\src\rp2_common\hardware_timer\timer.c.obj
 *fill*         0x100054b2        0x2 
 .rodata.hardware_alarm_set_target.str1.4
                0x100054b4       0x5b CMakeFiles\train_cpu.dir\C_\Pico\pico-sdk\src\rp2_common\hardware_timer\timer.c.obj
 *fill*         0x1000550f        0x1 
 .rodata.__func__.0
                0x10005510       0x1a CMakeFiles\train_cpu.dir\C_\Pico\pico-sdk\src\rp2_common\hardware_timer\timer.c.obj
 .rodata.ph_add_child_node.str1.4
                0x1000552a       0x8a CMakeFiles\train_cpu.dir\C_\Pico\pico-sdk\src\common\pico_util\pheap.c.obj
 *fill*         0x1000552a        0x2 
 .rodata.ph_remove_any_head.str1.4
                0x1000552c       0x84 CMakeFiles\train_cpu.dir\C_\Pico\pico-sdk\src\common\pico_util\pheap.c.obj
 .rodata.ph_remove_and_free_node.str1.4
                0x100055b0       0x1e CMakeFiles\train_cpu.dir\C_\Pico\pico-sdk\src\common\pico_util\pheap.c.obj
                                 0x26 (size before relaxing)
 *fill*         0x100055ce        0x2 
 .rodata.__func__.0
                0x100055d0       0x18 CMakeFiles\train_cpu.dir\C_\Pico\pico-sdk\src\common\pico_util\pheap.c.obj
 .rodata.__func__.1
                0x100055e8       0x13 CMakeFiles\train_cpu.dir\C_\Pico\pico-sdk\src\common\pico_util\pheap.c.obj
 *fill*         0x100055fb        0x1 
 .rodata.__func__.2
                0x100055fc       0x12 CMakeFiles\train_cpu.dir\C_\Pico\pico-sdk\src\common\pico_util\pheap.c.obj
 *fill*         0x1000560e        0x2 
 .rodata.__func__.3
                0x10005610        0xc CMakeFiles\train_cpu.dir\C_\Pico\pico-sdk\src\common\pico_util\pheap.c.obj
 .rodata.str1.4
                0x1000561c       0x81 CMakeFiles\train_cpu.dir\C_\Pico\pico-sdk\src\common\pico_sync\mutex.c.obj
                                 0xd9 (size before relaxing)
 *fill*         0x1000569d        0x3 
 .rodata.__func__.1
                0x100056a0        0xb CMakeFiles\train_cpu.dir\C_\Pico\pico-sdk\src\common\pico_sync\mutex.c.obj
 *fill*         0x100056ab        0x1 
 .rodata.__assert_func.str1.4
                0x100056ac       0x3f CMakeFiles\train_cpu.dir\C_\Pico\pico-sdk\src\rp2_common\pico_runtime\runtime.c.obj
                                 0x43 (size before relaxing)
 *fill*         0x100056eb        0x1 
 .rodata.runtime_init.str1.4
                0x100056ec       0x57 CMakeFiles\train_cpu.dir\C_\Pico\pico-sdk\src\rp2_common\pico_runtime\runtime.c.obj
 *fill*         0x10005743        0x1 
 .rodata.panic.str1.4
                0x10005744       0x10 CMakeFiles\train_cpu.dir\C_\Pico\pico-sdk\src\rp2_common\pico_runtime\runtime.c.obj
                                 0x12 (size before relaxing)
 .rodata.__func__.1
                0x10005754        0xd CMakeFiles\train_cpu.dir\C_\Pico\pico-sdk\src\rp2_common\pico_runtime\runtime.c.obj
 *fill*         0x10005761        0x3 
 .rodata.clock_configure.str1.4
                0x10005764       0x4d CMakeFiles\train_cpu.dir\C_\Pico\pico-sdk\src\rp2_common\hardware_clocks\clocks.c.obj
 *fill*         0x100057b1        0x3 
 .rodata.__func__.1
                0x100057b4       0x10 CMakeFiles\train_cpu.dir\C_\Pico\pico-sdk\src\rp2_common\hardware_clocks\clocks.c.obj
 .rodata.pll_init.str1.4
                0x100057c4      0x12f CMakeFiles\train_cpu.dir\C_\Pico\pico-sdk\src\rp2_common\hardware_pll\pll.c.obj
 *fill*         0x100058f3        0x1 
 .rodata.__func__.0
                0x100058f4        0x9 CMakeFiles\train_cpu.dir\C_\Pico\pico-sdk\src\rp2_common\hardware_pll\pll.c.obj
 *fill*         0x100058fd        0x3 
 .rodata._ftoa.str1.4
                0x10005900       0x15 CMakeFiles\train_cpu.dir\C_\Pico\pico-sdk\src\rp2_common\pico_printf\printf.c.obj
 *fill*         0x10005915        0x3 
 .rodata._vsnprintf
                0x10005918      0x1e0 CMakeFiles\train_cpu.dir\C_\Pico\pico-sdk\src\rp2_common\pico_printf\printf.c.obj
 .rodata.pow10.0
                0x10005af8       0x50 CMakeFiles\train_cpu.dir\C_\Pico\pico-sdk\src\rp2_common\pico_printf\printf.c.obj
 .rodata.__aeabi_double_init.str1.4
                0x10005b48       0x9e CMakeFiles\train_cpu.dir\C_\Pico\pico-sdk\src\rp2_common\pico_double\double_init_rom.c.obj
 *fill*         0x10005be6        0x2 
 .rodata.__func__.0
                0x10005be8       0x14 CMakeFiles\train_cpu.dir\C_\Pico\pico-sdk\src\rp2_common\pico_double\double_init_rom.c.obj
 .rodata.__aeabi_float_init.str1.4
                0x10005bfc       0x70 CMakeFiles\train_cpu.dir\C_\Pico\pico-sdk\src\rp2_common\pico_float\float_init_rom.c.obj
                                 0x74 (size before relaxing)
 .rodata.__func__.0
                0x10005c6c       0x13 CMakeFiles\train_cpu.dir\C_\Pico\pico-sdk\src\rp2_common\pico_float\float_init_rom.c.obj
 *fill*         0x10005c7f        0x1 
 .rodata.str1.4
                0x10005c80       0x40 CMakeFiles\train_cpu.dir\C_\Pico\pico-sdk\src\rp2_common\pico_standard_link\binary_info.c.obj
 .rodata.__bi_44
                0x10005cc0        0xc CMakeFiles\train_cpu.dir\C_\Pico\pico-sdk\src\rp2_common\pico_standard_link\binary_info.c.obj
 .rodata.__bi_75
                0x10005ccc        0xc CMakeFiles\train_cpu.dir\C_\Pico\pico-sdk\src\rp2_common\pico_standard_link\binary_info.c.obj
 .rodata.__bi_81
                0x10005cd8        0xc CMakeFiles\train_cpu.dir\C_\Pico\pico-sdk\src\rp2_common\pico_standard_link\binary_info.c.obj
 .rodata.crlf_str.3
                0x10005ce4        0x2 CMakeFiles\train_cpu.dir\C_\Pico\pico-sdk\src\rp2_common\pico_stdio\stdio.c.obj
 *fill*         0x10005ce6        0x2 
 .rodata.str1.4
                0x10005ce8       0x2c CMakeFiles\train_cpu.dir\C_\Pico\pico-sdk\src\rp2_common\pico_stdio_uart\stdio_uart.c.obj
 .rodata.__bi_28.4
                0x10005d14        0xc CMakeFiles\train_cpu.dir\C_\Pico\pico-sdk\src\rp2_common\pico_stdio_uart\stdio_uart.c.obj
 .rodata.__bi_29.5
                0x10005d20        0x8 CMakeFiles\train_cpu.dir\C_\Pico\pico-sdk\src\rp2_common\pico_stdio_uart\stdio_uart.c.obj
                0x10005d28                . = ALIGN (0x4)
 *(SORT_BY_ALIGNMENT(SORT_BY_NAME(.flashdata*)))
                0x10005d28                . = ALIGN (0x4)

.rel.dyn        0x10005d28        0x0
 .rel.iplt      0x10005d28        0x0 c:/progra~2/gnuarm~1/102021~1.07/bin/../lib/gcc/arm-none-eabi/10.3.1/thumb/v6-m/nofp/crtbegin.o

.ARM.extab
 *(.ARM.extab* .gnu.linkonce.armextab.*)
                0x10005d28                __exidx_start = .

.ARM.exidx
 *(.ARM.exidx* .gnu.linkonce.armexidx.*)
                0x10005d28                __exidx_end = .
                0x10005d28                . = ALIGN (0x4)
                0x10005d28                __binary_info_start = .

.binary_info    0x10005d28       0x24
 *(.binary_info.keep.*)
 .binary_info.keep.__bi_ptr22
                0x10005d28        0x4 CMakeFiles\train_cpu.dir\C_\Pico\pico-sdk\src\rp2_common\pico_standard_link\binary_info.c.obj
 .binary_info.keep.__bi_ptr30
                0x10005d2c        0x4 CMakeFiles\train_cpu.dir\C_\Pico\pico-sdk\src\rp2_common\pico_standard_link\binary_info.c.obj
 .binary_info.keep.__bi_ptr38
                0x10005d30        0x4 CMakeFiles\train_cpu.dir\C_\Pico\pico-sdk\src\rp2_common\pico_standard_link\binary_info.c.obj
 .binary_info.keep.__bi_ptr44
                0x10005d34        0x4 CMakeFiles\train_cpu.dir\C_\Pico\pico-sdk\src\rp2_common\pico_standard_link\binary_info.c.obj
 .binary_info.keep.__bi_ptr50
                0x10005d38        0x4 CMakeFiles\train_cpu.dir\C_\Pico\pico-sdk\src\rp2_common\pico_standard_link\binary_info.c.obj
 .binary_info.keep.__bi_ptr75
                0x10005d3c        0x4 CMakeFiles\train_cpu.dir\C_\Pico\pico-sdk\src\rp2_common\pico_standard_link\binary_info.c.obj
 .binary_info.keep.__bi_ptr81
                0x10005d40        0x4 CMakeFiles\train_cpu.dir\C_\Pico\pico-sdk\src\rp2_common\pico_standard_link\binary_info.c.obj
 *(.binary_info.*)
 .binary_info.__bi_ptr28
                0x10005d44        0x4 CMakeFiles\train_cpu.dir\C_\Pico\pico-sdk\src\rp2_common\pico_stdio_uart\stdio_uart.c.obj
 .binary_info.__bi_ptr29
                0x10005d48        0x4 CMakeFiles\train_cpu.dir\C_\Pico\pico-sdk\src\rp2_common\pico_stdio_uart\stdio_uart.c.obj
                0x10005d4c                __binary_info_end = .
                0x10005d4c                . = ALIGN (0x4)
                0x10005d4c                __etext = .

.ram_vector_table
                0x20000000       0xc0
 *(.ram_vector_table)
 .ram_vector_table
                0x20000000       0xc0 CMakeFiles\train_cpu.dir\C_\Pico\pico-sdk\src\rp2_common\pico_runtime\runtime.c.obj
                0x20000000                ram_vector_table

.data           0x200000c0      0x1c0 load address 0x10005d4c
                0x200000c0                __data_start__ = .
 *(vtable)
 *(.time_critical*)
 .time_critical.mutex_enter_blocking
                0x200000c0       0x48 CMakeFiles\train_cpu.dir\C_\Pico\pico-sdk\src\common\pico_sync\mutex.c.obj
                0x200000c0                mutex_enter_blocking
 .time_critical.mutex_try_enter
                0x20000108       0x46 CMakeFiles\train_cpu.dir\C_\Pico\pico-sdk\src\common\pico_sync\mutex.c.obj
                0x20000108                mutex_try_enter
 *fill*         0x2000014e        0x2 
 .time_critical.mutex_exit
                0x20000150       0x4c CMakeFiles\train_cpu.dir\C_\Pico\pico-sdk\src\common\pico_sync\mutex.c.obj
                0x20000150                mutex_exit
 *(.text*)
 .text          0x2000019c        0x4 c:/progra~2/gnuarm~1/102021~1.07/bin/../lib/gcc/arm-none-eabi/10.3.1/thumb/v6-m/nofp\libgcc.a(_dvmd_tls.o)
                0x2000019c                __aeabi_idiv0
                0x2000019c                __aeabi_ldiv0
 .text.__stub   0x200001a0       0x10 linker stubs
                0x200001b0                . = ALIGN (0x4)
 *(.rodata*)
                0x200001b0                . = ALIGN (0x4)
 *(.data*)
 .data.striped_spin_lock_num
                0x200001b0        0x1 CMakeFiles\train_cpu.dir\C_\Pico\pico-sdk\src\rp2_common\hardware_sync\sync.c.obj
 *fill*         0x200001b1        0x3 
 .data          0x200001b4       0x48 CMakeFiles\train_cpu.dir\C_\Pico\pico-sdk\src\rp2_common\hardware_irq\irq_handler_chain.S.obj
                0x200001b4                irq_handler_chain_slots
                0x200001e4                irq_handler_chain_first_slot
                0x200001ee                irq_handler_chain_remove_tail
 .data.default_alarm_pool
                0x200001fc       0x18 CMakeFiles\train_cpu.dir\C_\Pico\pico-sdk\src\common\pico_time\time.c.obj
 .data.default_alarm_pool_heap
                0x20000214       0x10 CMakeFiles\train_cpu.dir\C_\Pico\pico-sdk\src\common\pico_time\time.c.obj
 *fill*         0x20000224        0xc 
 .data.aeabi_bits_funcs
                0x20000230       0x10 CMakeFiles\train_cpu.dir\C_\Pico\pico-sdk\src\rp2_common\pico_bit_ops\bit_ops_aeabi.S.obj
                0x20000230                aeabi_bits_funcs
                0x20000240                aeabi_bits_funcs_end
 .data.aeabi_mem_funcs
                0x20000240       0x10 CMakeFiles\train_cpu.dir\C_\Pico\pico-sdk\src\rp2_common\pico_mem_ops\mem_ops_aeabi.S.obj
                0x20000240                aeabi_mem_funcs
                0x20000250                aeabi_mem_funcs_end
 .data.stdio_uart
                0x20000250       0x14 CMakeFiles\train_cpu.dir\C_\Pico\pico-sdk\src\rp2_common\pico_stdio_uart\stdio_uart.c.obj
                0x20000250                stdio_uart
                0x20000264                . = ALIGN (0x4)
 *(.after_data.*)
                0x20000264                . = ALIGN (0x4)
                0x20000264                PROVIDE (__mutex_array_start = .)
 *(SORT_BY_NAME(.mutex_array.*))
 *(.mutex_array)
 .mutex_array   0x20000264        0x8 CMakeFiles\train_cpu.dir\C_\Pico\pico-sdk\src\rp2_common\pico_stdio\stdio.c.obj
                0x2000026c                PROVIDE (__mutex_array_end = .)
                0x2000026c                . = ALIGN (0x4)
                0x2000026c                PROVIDE (__preinit_array_start = .)
 *(SORT_BY_NAME(.preinit_array.*))
 .preinit_array.00001
                0x2000026c        0x4 CMakeFiles\train_cpu.dir\C_\Pico\pico-sdk\src\rp2_common\pico_mem_ops\mem_ops_aeabi.S.obj
 .preinit_array.00010
                0x20000270        0x4 CMakeFiles\train_cpu.dir\C_\Pico\pico-sdk\src\rp2_common\pico_bit_ops\bit_ops_aeabi.S.obj
 .preinit_array.00020
                0x20000274        0x4 CMakeFiles\train_cpu.dir\C_\Pico\pico-sdk\src\rp2_common\pico_double\double_aeabi.S.obj
 .preinit_array.00020
                0x20000278        0x4 CMakeFiles\train_cpu.dir\C_\Pico\pico-sdk\src\rp2_common\pico_float\float_aeabi.S.obj
 *(.preinit_array)
                0x2000027c                PROVIDE (__preinit_array_end = .)
                0x2000027c                . = ALIGN (0x4)
                0x2000027c                PROVIDE (__init_array_start = .)
 *(SORT_BY_NAME(.init_array.*))
 *(.init_array)
 .init_array    0x2000027c        0x4 c:/progra~2/gnuarm~1/102021~1.07/bin/../lib/gcc/arm-none-eabi/10.3.1/thumb/v6-m/nofp/crtbegin.o
                0x20000280                PROVIDE (__init_array_end = .)
                0x20000280                . = ALIGN (0x4)
                [!provide]                PROVIDE (__fini_array_start = .)
 *(SORT_BY_NAME(.fini_array.*))
 *(.fini_array)
                [!provide]                PROVIDE (__fini_array_end = .)
 *(.jcr)
                0x20000280                . = ALIGN (0x4)
                0x20000280                __data_end__ = .

.igot.plt       0x20000280        0x0 load address 0x10005f0c
 .igot.plt      0x20000280        0x0 c:/progra~2/gnuarm~1/102021~1.07/bin/../lib/gcc/arm-none-eabi/10.3.1/thumb/v6-m/nofp/crtbegin.o

.uninitialized_data
                0x20000280        0x0 load address 0x10005f0c
                0x20000280                . = ALIGN (0x4)
 *(.uninitialized_data*)

.scratch_x      0x20040000        0x0 load address 0x10005f0c
                0x20040000                __scratch_x_start__ = .
 *(.scratch_x.*)
                0x20040000                . = ALIGN (0x4)
                0x20040000                __scratch_x_end__ = .
                0x10005f0c                __scratch_x_source__ = LOADADDR (.scratch_x)

.scratch_y      0x20041000        0x0 load address 0x10005f0c
                0x20041000                __scratch_y_start__ = .
 *(.scratch_y.*)
                0x20041000                . = ALIGN (0x4)
                0x20041000                __scratch_y_end__ = .
                0x10005f0c                __scratch_y_source__ = LOADADDR (.scratch_y)

.bss            0x20000280      0x4b8
                0x20000280                . = ALIGN (0x4)
                0x20000280                __bss_start__ = .
 *(SORT_BY_ALIGNMENT(SORT_BY_NAME(.bss*)))
 .bss.default_alarm_pool_entries
                0x20000280      0x100 CMakeFiles\train_cpu.dir\C_\Pico\pico-sdk\src\common\pico_time\time.c.obj
 .bss           0x20000380       0x1c c:/progra~2/gnuarm~1/102021~1.07/bin/../lib/gcc/arm-none-eabi/10.3.1/thumb/v6-m/nofp/crtbegin.o
 .bss.alarm_callbacks
                0x2000039c       0x10 CMakeFiles\train_cpu.dir\C_\Pico\pico-sdk\src\rp2_common\hardware_timer\timer.c.obj
 .bss.configured_freq
                0x200003ac       0x28 CMakeFiles\train_cpu.dir\C_\Pico\pico-sdk\src\rp2_common\hardware_clocks\clocks.c.obj
 .bss.default_alarm_pool_entry_ids_high
                0x200003d4       0x10 CMakeFiles\train_cpu.dir\C_\Pico\pico-sdk\src\common\pico_time\time.c.obj
 .bss.default_alarm_pool_heap_nodes
                0x200003e4       0x30 CMakeFiles\train_cpu.dir\C_\Pico\pico-sdk\src\common\pico_time\time.c.obj
 .bss.drivers   0x20000414        0x4 CMakeFiles\train_cpu.dir\C_\Pico\pico-sdk\src\rp2_common\pico_stdio\stdio.c.obj
 .bss.filter    0x20000418        0x4 CMakeFiles\train_cpu.dir\C_\Pico\pico-sdk\src\rp2_common\pico_stdio\stdio.c.obj
 .bss.pools     0x2000041c       0x10 CMakeFiles\train_cpu.dir\C_\Pico\pico-sdk\src\common\pico_time\time.c.obj
 .bss.sGeneral_register
                0x2000042c       0x14 CMakeFiles\train_cpu.dir\train_cpu.c.obj
 .bss.sInstruction_register
                0x20000440        0xc CMakeFiles\train_cpu.dir\train_cpu.c.obj
 .bss.sProgram_counter
                0x2000044c        0x4 CMakeFiles\train_cpu.dir\train_cpu.c.obj
 .bss.sProgram_memory
                0x20000450       0xc0 CMakeFiles\train_cpu.dir\train_cpu.c.obj
                0x20000450                sProgram_memory
 .bss.sStatus_register
                0x20000510        0x4 CMakeFiles\train_cpu.dir\train_cpu.c.obj
 .bss.sd_table  0x20000514      0x100 CMakeFiles\train_cpu.dir\C_\Pico\pico-sdk\src\rp2_common\pico_double\double_init_rom.c.obj
                0x20000514                sd_table
 .bss.sf_clz_func
                0x20000614        0x4 CMakeFiles\train_cpu.dir\C_\Pico\pico-sdk\src\rp2_common\pico_double\double_init_rom.c.obj
                0x20000614                sf_clz_func
 .bss.sf_table  0x20000618      0x100 CMakeFiles\train_cpu.dir\C_\Pico\pico-sdk\src\rp2_common\pico_float\float_init_rom.c.obj
                0x20000618                sf_table
 .bss.sleep_notifier
                0x20000718        0x4 CMakeFiles\train_cpu.dir\C_\Pico\pico-sdk\src\common\pico_time\time.c.obj
 .bss.target_hi
                0x2000071c       0x10 CMakeFiles\train_cpu.dir\C_\Pico\pico-sdk\src\rp2_common\hardware_timer\timer.c.obj
 .bss.uart_char_to_line_feed
                0x2000072c        0x4 CMakeFiles\train_cpu.dir\C_\Pico\pico-sdk\src\rp2_common\hardware_uart\uart.c.obj
                0x2000072c                uart_char_to_line_feed
 .bss.uart_instance
                0x20000730        0x4 CMakeFiles\train_cpu.dir\C_\Pico\pico-sdk\src\rp2_common\pico_stdio_uart\stdio_uart.c.obj
 .bss.claimed   0x20000734        0x1 CMakeFiles\train_cpu.dir\C_\Pico\pico-sdk\src\rp2_common\hardware_timer\timer.c.obj
 .bss.irq_hander_chain_free_slot_head
                0x20000735        0x1 CMakeFiles\train_cpu.dir\C_\Pico\pico-sdk\src\rp2_common\hardware_irq\irq.c.obj
 .bss.timer_callbacks_pending
                0x20000736        0x1 CMakeFiles\train_cpu.dir\C_\Pico\pico-sdk\src\rp2_common\hardware_timer\timer.c.obj
 *(COMMON)
                0x20000738                . = ALIGN (0x4)
 *fill*         0x20000737        0x1 
                0x20000738                __bss_end__ = .

.heap           0x20000738      0x800
                0x20000738                __end__ = .
                0x20000738                end = __end__
 *(.heap*)
 .heap          0x20000738      0x800 CMakeFiles\train_cpu.dir\C_\Pico\pico-sdk\src\rp2_common\pico_standard_link\crt0.S.obj
                0x20000f38                __HeapLimit = .

.stack1_dummy   0x20040000        0x0
 *(.stack1*)

.stack_dummy    0x20041000      0x800
 *(.stack*)
 .stack         0x20041000      0x800 CMakeFiles\train_cpu.dir\C_\Pico\pico-sdk\src\rp2_common\pico_standard_link\crt0.S.obj

.flash_end      0x10005f0c        0x0
                0x10005f0c                __flash_binary_end = .
                0x20040000                __StackLimit = (ORIGIN (RAM) + LENGTH (RAM))
                0x20041000                __StackOneTop = (ORIGIN (SCRATCH_X) + LENGTH (SCRATCH_X))
                0x20042000                __StackTop = (ORIGIN (SCRATCH_Y) + LENGTH (SCRATCH_Y))
                0x20041000                __StackOneBottom = (__StackOneTop - SIZEOF (.stack1_dummy))
                0x20041800                __StackBottom = (__StackTop - SIZEOF (.stack_dummy))
                0x20042000                PROVIDE (__stack = __StackTop)
                0x00000001                ASSERT ((__StackLimit >= __HeapLimit), region RAM overflowed)
                0x00000001                ASSERT (((__binary_info_header_end - __logical_binary_start) <= 0x100), Binary info must be in first 256 bytes of the binary)
LOAD CMakeFiles\train_cpu.dir\train_cpu.c.obj
LOAD CMakeFiles\train_cpu.dir\C_\Pico\pico-sdk\src\rp2_common\pico_stdlib\stdlib.c.obj
LOAD CMakeFiles\train_cpu.dir\C_\Pico\pico-sdk\src\rp2_common\hardware_gpio\gpio.c.obj
LOAD CMakeFiles\train_cpu.dir\C_\Pico\pico-sdk\src\rp2_common\hardware_claim\claim.c.obj
LOAD CMakeFiles\train_cpu.dir\C_\Pico\pico-sdk\src\rp2_common\pico_platform\platform.c.obj
LOAD CMakeFiles\train_cpu.dir\C_\Pico\pico-sdk\src\rp2_common\hardware_sync\sync.c.obj
LOAD CMakeFiles\train_cpu.dir\C_\Pico\pico-sdk\src\rp2_common\hardware_irq\irq.c.obj
LOAD CMakeFiles\train_cpu.dir\C_\Pico\pico-sdk\src\rp2_common\hardware_irq\irq_handler_chain.S.obj
LOAD CMakeFiles\train_cpu.dir\C_\Pico\pico-sdk\src\common\pico_sync\sem.c.obj
LOAD CMakeFiles\train_cpu.dir\C_\Pico\pico-sdk\src\common\pico_sync\lock_core.c.obj
LOAD CMakeFiles\train_cpu.dir\C_\Pico\pico-sdk\src\common\pico_time\time.c.obj
LOAD CMakeFiles\train_cpu.dir\C_\Pico\pico-sdk\src\common\pico_time\timeout_helper.c.obj
LOAD CMakeFiles\train_cpu.dir\C_\Pico\pico-sdk\src\rp2_common\hardware_timer\timer.c.obj
LOAD CMakeFiles\train_cpu.dir\C_\Pico\pico-sdk\src\common\pico_util\datetime.c.obj
LOAD CMakeFiles\train_cpu.dir\C_\Pico\pico-sdk\src\common\pico_util\pheap.c.obj
LOAD CMakeFiles\train_cpu.dir\C_\Pico\pico-sdk\src\common\pico_util\queue.c.obj
LOAD CMakeFiles\train_cpu.dir\C_\Pico\pico-sdk\src\common\pico_sync\mutex.c.obj
LOAD CMakeFiles\train_cpu.dir\C_\Pico\pico-sdk\src\common\pico_sync\critical_section.c.obj
LOAD CMakeFiles\train_cpu.dir\C_\Pico\pico-sdk\src\rp2_common\hardware_uart\uart.c.obj
LOAD CMakeFiles\train_cpu.dir\C_\Pico\pico-sdk\src\rp2_common\hardware_divider\divider.S.obj
LOAD CMakeFiles\train_cpu.dir\C_\Pico\pico-sdk\src\rp2_common\pico_runtime\runtime.c.obj
LOAD CMakeFiles\train_cpu.dir\C_\Pico\pico-sdk\src\rp2_common\hardware_clocks\clocks.c.obj
LOAD CMakeFiles\train_cpu.dir\C_\Pico\pico-sdk\src\rp2_common\hardware_pll\pll.c.obj
LOAD CMakeFiles\train_cpu.dir\C_\Pico\pico-sdk\src\rp2_common\hardware_vreg\vreg.c.obj
LOAD CMakeFiles\train_cpu.dir\C_\Pico\pico-sdk\src\rp2_common\hardware_watchdog\watchdog.c.obj
LOAD CMakeFiles\train_cpu.dir\C_\Pico\pico-sdk\src\rp2_common\hardware_xosc\xosc.c.obj
LOAD CMakeFiles\train_cpu.dir\C_\Pico\pico-sdk\src\rp2_common\pico_printf\printf.c.obj
LOAD CMakeFiles\train_cpu.dir\C_\Pico\pico-sdk\src\rp2_common\pico_bit_ops\bit_ops_aeabi.S.obj
LOAD CMakeFiles\train_cpu.dir\C_\Pico\pico-sdk\src\rp2_common\pico_bootrom\bootrom.c.obj
LOAD CMakeFiles\train_cpu.dir\C_\Pico\pico-sdk\src\rp2_common\pico_divider\divider.S.obj
LOAD CMakeFiles\train_cpu.dir\C_\Pico\pico-sdk\src\rp2_common\pico_double\double_aeabi.S.obj
LOAD CMakeFiles\train_cpu.dir\C_\Pico\pico-sdk\src\rp2_common\pico_double\double_init_rom.c.obj
LOAD CMakeFiles\train_cpu.dir\C_\Pico\pico-sdk\src\rp2_common\pico_double\double_math.c.obj
LOAD CMakeFiles\train_cpu.dir\C_\Pico\pico-sdk\src\rp2_common\pico_double\double_v1_rom_shim.S.obj
LOAD CMakeFiles\train_cpu.dir\C_\Pico\pico-sdk\src\rp2_common\pico_int64_ops\pico_int64_ops_aeabi.S.obj
LOAD CMakeFiles\train_cpu.dir\C_\Pico\pico-sdk\src\rp2_common\pico_float\float_aeabi.S.obj
LOAD CMakeFiles\train_cpu.dir\C_\Pico\pico-sdk\src\rp2_common\pico_float\float_init_rom.c.obj
LOAD CMakeFiles\train_cpu.dir\C_\Pico\pico-sdk\src\rp2_common\pico_float\float_math.c.obj
LOAD CMakeFiles\train_cpu.dir\C_\Pico\pico-sdk\src\rp2_common\pico_float\float_v1_rom_shim.S.obj
LOAD CMakeFiles\train_cpu.dir\C_\Pico\pico-sdk\src\rp2_common\pico_malloc\pico_malloc.c.obj
LOAD CMakeFiles\train_cpu.dir\C_\Pico\pico-sdk\src\rp2_common\pico_mem_ops\mem_ops_aeabi.S.obj
LOAD CMakeFiles\train_cpu.dir\C_\Pico\pico-sdk\src\rp2_common\pico_standard_link\crt0.S.obj
LOAD CMakeFiles\train_cpu.dir\C_\Pico\pico-sdk\src\rp2_common\pico_standard_link\new_delete.cpp.obj
LOAD CMakeFiles\train_cpu.dir\C_\Pico\pico-sdk\src\rp2_common\pico_standard_link\binary_info.c.obj
LOAD CMakeFiles\train_cpu.dir\C_\Pico\pico-sdk\src\rp2_common\pico_stdio\stdio.c.obj
LOAD CMakeFiles\train_cpu.dir\C_\Pico\pico-sdk\src\rp2_common\pico_stdio_uart\stdio_uart.c.obj
LOAD C:\Users\a235917\AppData\Local\Temp\cc6sDfwh.o
LOAD c:/progra~2/gnuarm~1/102021~1.07/bin/../lib/gcc/arm-none-eabi/10.3.1/../../../../arm-none-eabi/lib/thumb/v6-m/nofp\libstdc++.a
LOAD c:/progra~2/gnuarm~1/102021~1.07/bin/../lib/gcc/arm-none-eabi/10.3.1/../../../../arm-none-eabi/lib/thumb/v6-m/nofp\libm.a
START GROUP
LOAD c:/progra~2/gnuarm~1/102021~1.07/bin/../lib/gcc/arm-none-eabi/10.3.1/thumb/v6-m/nofp\libgcc.a
LOAD c:/progra~2/gnuarm~1/102021~1.07/bin/../lib/gcc/arm-none-eabi/10.3.1/../../../../arm-none-eabi/lib/thumb/v6-m/nofp\libg.a
LOAD c:/progra~2/gnuarm~1/102021~1.07/bin/../lib/gcc/arm-none-eabi/10.3.1/../../../../arm-none-eabi/lib/thumb/v6-m/nofp\libc.a
END GROUP
START GROUP
LOAD c:/progra~2/gnuarm~1/102021~1.07/bin/../lib/gcc/arm-none-eabi/10.3.1/thumb/v6-m/nofp\libgcc.a
LOAD c:/progra~2/gnuarm~1/102021~1.07/bin/../lib/gcc/arm-none-eabi/10.3.1/../../../../arm-none-eabi/lib/thumb/v6-m/nofp\libc.a
LOAD c:/progra~2/gnuarm~1/102021~1.07/bin/../lib/gcc/arm-none-eabi/10.3.1/../../../../arm-none-eabi/lib/thumb/v6-m/nofp\libnosys.a
END GROUP
LOAD c:/progra~2/gnuarm~1/102021~1.07/bin/../lib/gcc/arm-none-eabi/10.3.1/thumb/v6-m/nofp/crtend.o
LOAD c:/progra~2/gnuarm~1/102021~1.07/bin/../lib/gcc/arm-none-eabi/10.3.1/thumb/v6-m/nofp/crtn.o
OUTPUT(train_cpu.elf elf32-littlearm)
LOAD linker stubs

.ARM.attributes
                0x00000000       0x28
 .ARM.attributes
                0x00000000       0x1e c:/progra~2/gnuarm~1/102021~1.07/bin/../lib/gcc/arm-none-eabi/10.3.1/thumb/v6-m/nofp/crti.o
 .ARM.attributes
                0x0000001e       0x2c c:/progra~2/gnuarm~1/102021~1.07/bin/../lib/gcc/arm-none-eabi/10.3.1/thumb/v6-m/nofp/crtbegin.o
 .ARM.attributes
                0x0000004a       0x2c CMakeFiles\train_cpu.dir\train_cpu.c.obj
 .ARM.attributes
                0x00000076       0x2c CMakeFiles\train_cpu.dir\C_\Pico\pico-sdk\src\rp2_common\hardware_gpio\gpio.c.obj
 .ARM.attributes
                0x000000a2       0x2c CMakeFiles\train_cpu.dir\C_\Pico\pico-sdk\src\rp2_common\hardware_claim\claim.c.obj
 .ARM.attributes
                0x000000ce       0x2c CMakeFiles\train_cpu.dir\C_\Pico\pico-sdk\src\rp2_common\pico_platform\platform.c.obj
 .ARM.attributes
                0x000000fa       0x2c CMakeFiles\train_cpu.dir\C_\Pico\pico-sdk\src\rp2_common\hardware_sync\sync.c.obj
 .ARM.attributes
                0x00000126       0x2c CMakeFiles\train_cpu.dir\C_\Pico\pico-sdk\src\rp2_common\hardware_irq\irq.c.obj
 .ARM.attributes
                0x00000152       0x22 CMakeFiles\train_cpu.dir\C_\Pico\pico-sdk\src\rp2_common\hardware_irq\irq_handler_chain.S.obj
 .ARM.attributes
                0x00000174       0x2c CMakeFiles\train_cpu.dir\C_\Pico\pico-sdk\src\common\pico_sync\lock_core.c.obj
 .ARM.attributes
                0x000001a0       0x2c CMakeFiles\train_cpu.dir\C_\Pico\pico-sdk\src\common\pico_time\time.c.obj
 .ARM.attributes
                0x000001cc       0x2c CMakeFiles\train_cpu.dir\C_\Pico\pico-sdk\src\rp2_common\hardware_timer\timer.c.obj
 .ARM.attributes
                0x000001f8       0x2c CMakeFiles\train_cpu.dir\C_\Pico\pico-sdk\src\common\pico_util\pheap.c.obj
 .ARM.attributes
                0x00000224       0x2c CMakeFiles\train_cpu.dir\C_\Pico\pico-sdk\src\common\pico_sync\mutex.c.obj
 .ARM.attributes
                0x00000250       0x2c CMakeFiles\train_cpu.dir\C_\Pico\pico-sdk\src\rp2_common\hardware_uart\uart.c.obj
 .ARM.attributes
                0x0000027c       0x2c CMakeFiles\train_cpu.dir\C_\Pico\pico-sdk\src\rp2_common\pico_runtime\runtime.c.obj
 .ARM.attributes
                0x000002a8       0x2c CMakeFiles\train_cpu.dir\C_\Pico\pico-sdk\src\rp2_common\hardware_clocks\clocks.c.obj
 .ARM.attributes
                0x000002d4       0x2c CMakeFiles\train_cpu.dir\C_\Pico\pico-sdk\src\rp2_common\hardware_pll\pll.c.obj
 .ARM.attributes
                0x00000300       0x2c CMakeFiles\train_cpu.dir\C_\Pico\pico-sdk\src\rp2_common\hardware_watchdog\watchdog.c.obj
 .ARM.attributes
                0x0000032c       0x2c CMakeFiles\train_cpu.dir\C_\Pico\pico-sdk\src\rp2_common\hardware_xosc\xosc.c.obj
 .ARM.attributes
                0x00000358       0x2c CMakeFiles\train_cpu.dir\C_\Pico\pico-sdk\src\rp2_common\pico_printf\printf.c.obj
 .ARM.attributes
                0x00000384       0x22 CMakeFiles\train_cpu.dir\C_\Pico\pico-sdk\src\rp2_common\pico_bit_ops\bit_ops_aeabi.S.obj
 .ARM.attributes
                0x000003a6       0x2c CMakeFiles\train_cpu.dir\C_\Pico\pico-sdk\src\rp2_common\pico_bootrom\bootrom.c.obj
 .ARM.attributes
                0x000003d2       0x22 CMakeFiles\train_cpu.dir\C_\Pico\pico-sdk\src\rp2_common\pico_divider\divider.S.obj
 .ARM.attributes
                0x000003f4       0x22 CMakeFiles\train_cpu.dir\C_\Pico\pico-sdk\src\rp2_common\pico_double\double_aeabi.S.obj
 .ARM.attributes
                0x00000416       0x2c CMakeFiles\train_cpu.dir\C_\Pico\pico-sdk\src\rp2_common\pico_double\double_init_rom.c.obj
 .ARM.attributes
                0x00000442       0x22 CMakeFiles\train_cpu.dir\C_\Pico\pico-sdk\src\rp2_common\pico_double\double_v1_rom_shim.S.obj
 .ARM.attributes
                0x00000464       0x22 CMakeFiles\train_cpu.dir\C_\Pico\pico-sdk\src\rp2_common\pico_int64_ops\pico_int64_ops_aeabi.S.obj
 .ARM.attributes
                0x00000486       0x22 CMakeFiles\train_cpu.dir\C_\Pico\pico-sdk\src\rp2_common\pico_float\float_aeabi.S.obj
 .ARM.attributes
                0x000004a8       0x2c CMakeFiles\train_cpu.dir\C_\Pico\pico-sdk\src\rp2_common\pico_float\float_init_rom.c.obj
 .ARM.attributes
                0x000004d4       0x22 CMakeFiles\train_cpu.dir\C_\Pico\pico-sdk\src\rp2_common\pico_float\float_v1_rom_shim.S.obj
 .ARM.attributes
                0x000004f6       0x22 CMakeFiles\train_cpu.dir\C_\Pico\pico-sdk\src\rp2_common\pico_mem_ops\mem_ops_aeabi.S.obj
 .ARM.attributes
                0x00000518       0x22 CMakeFiles\train_cpu.dir\C_\Pico\pico-sdk\src\rp2_common\pico_standard_link\crt0.S.obj
 .ARM.attributes
                0x0000053a       0x32 CMakeFiles\train_cpu.dir\C_\Pico\pico-sdk\src\rp2_common\pico_standard_link\binary_info.c.obj
 .ARM.attributes
                0x0000056c       0x2c CMakeFiles\train_cpu.dir\C_\Pico\pico-sdk\src\rp2_common\pico_stdio\stdio.c.obj
 .ARM.attributes
                0x00000598       0x2c CMakeFiles\train_cpu.dir\C_\Pico\pico-sdk\src\rp2_common\pico_stdio_uart\stdio_uart.c.obj
 .ARM.attributes
                0x000005c4       0x22 C:\Users\a235917\AppData\Local\Temp\cc6sDfwh.o
 .ARM.attributes
                0x000005e6       0x1e c:/progra~2/gnuarm~1/102021~1.07/bin/../lib/gcc/arm-none-eabi/10.3.1/thumb/v6-m/nofp\libgcc.a(_dvmd_tls.o)
 .ARM.attributes
                0x00000604       0x2c c:/progra~2/gnuarm~1/102021~1.07/bin/../lib/gcc/arm-none-eabi/10.3.1/../../../../arm-none-eabi/lib/thumb/v6-m/nofp\libg.a(lib_a-strlen-stub.o)

.comment        0x00000000       0x49
 .comment       0x00000000       0x49 CMakeFiles\train_cpu.dir\train_cpu.c.obj
                                 0x4a (size before relaxing)
 .comment       0x00000049       0x4a CMakeFiles\train_cpu.dir\C_\Pico\pico-sdk\src\rp2_common\hardware_gpio\gpio.c.obj
 .comment       0x00000049       0x4a CMakeFiles\train_cpu.dir\C_\Pico\pico-sdk\src\rp2_common\hardware_claim\claim.c.obj
 .comment       0x00000049       0x4a CMakeFiles\train_cpu.dir\C_\Pico\pico-sdk\src\rp2_common\pico_platform\platform.c.obj
 .comment       0x00000049       0x4a CMakeFiles\train_cpu.dir\C_\Pico\pico-sdk\src\rp2_common\hardware_sync\sync.c.obj
 .comment       0x00000049       0x4a CMakeFiles\train_cpu.dir\C_\Pico\pico-sdk\src\rp2_common\hardware_irq\irq.c.obj
 .comment       0x00000049       0x4a CMakeFiles\train_cpu.dir\C_\Pico\pico-sdk\src\common\pico_sync\lock_core.c.obj
 .comment       0x00000049       0x4a CMakeFiles\train_cpu.dir\C_\Pico\pico-sdk\src\common\pico_time\time.c.obj
 .comment       0x00000049       0x4a CMakeFiles\train_cpu.dir\C_\Pico\pico-sdk\src\rp2_common\hardware_timer\timer.c.obj
 .comment       0x00000049       0x4a CMakeFiles\train_cpu.dir\C_\Pico\pico-sdk\src\common\pico_util\pheap.c.obj
 .comment       0x00000049       0x4a CMakeFiles\train_cpu.dir\C_\Pico\pico-sdk\src\common\pico_sync\mutex.c.obj
 .comment       0x00000049       0x4a CMakeFiles\train_cpu.dir\C_\Pico\pico-sdk\src\rp2_common\hardware_uart\uart.c.obj
 .comment       0x00000049       0x4a CMakeFiles\train_cpu.dir\C_\Pico\pico-sdk\src\rp2_common\pico_runtime\runtime.c.obj
 .comment       0x00000049       0x4a CMakeFiles\train_cpu.dir\C_\Pico\pico-sdk\src\rp2_common\hardware_clocks\clocks.c.obj
 .comment       0x00000049       0x4a CMakeFiles\train_cpu.dir\C_\Pico\pico-sdk\src\rp2_common\hardware_pll\pll.c.obj
 .comment       0x00000049       0x4a CMakeFiles\train_cpu.dir\C_\Pico\pico-sdk\src\rp2_common\hardware_watchdog\watchdog.c.obj
 .comment       0x00000049       0x4a CMakeFiles\train_cpu.dir\C_\Pico\pico-sdk\src\rp2_common\hardware_xosc\xosc.c.obj
 .comment       0x00000049       0x4a CMakeFiles\train_cpu.dir\C_\Pico\pico-sdk\src\rp2_common\pico_printf\printf.c.obj
 .comment       0x00000049       0x4a CMakeFiles\train_cpu.dir\C_\Pico\pico-sdk\src\rp2_common\pico_bootrom\bootrom.c.obj
 .comment       0x00000049       0x4a CMakeFiles\train_cpu.dir\C_\Pico\pico-sdk\src\rp2_common\pico_double\double_init_rom.c.obj
 .comment       0x00000049       0x4a CMakeFiles\train_cpu.dir\C_\Pico\pico-sdk\src\rp2_common\pico_float\float_init_rom.c.obj
 .comment       0x00000049       0x4a CMakeFiles\train_cpu.dir\C_\Pico\pico-sdk\src\rp2_common\pico_standard_link\binary_info.c.obj
 .comment       0x00000049       0x4a CMakeFiles\train_cpu.dir\C_\Pico\pico-sdk\src\rp2_common\pico_stdio\stdio.c.obj
 .comment       0x00000049       0x4a CMakeFiles\train_cpu.dir\C_\Pico\pico-sdk\src\rp2_common\pico_stdio_uart\stdio_uart.c.obj

.debug_info     0x00000000    0x159a4
 .debug_info    0x00000000     0x20b0 CMakeFiles\train_cpu.dir\train_cpu.c.obj
 .debug_info    0x000020b0     0x16d7 CMakeFiles\train_cpu.dir\C_\Pico\pico-sdk\src\rp2_common\hardware_gpio\gpio.c.obj
 .debug_info    0x00003787      0x6bb CMakeFiles\train_cpu.dir\C_\Pico\pico-sdk\src\rp2_common\hardware_claim\claim.c.obj
 .debug_info    0x00003e42      0x1e3 CMakeFiles\train_cpu.dir\C_\Pico\pico-sdk\src\rp2_common\pico_platform\platform.c.obj
 .debug_info    0x00004025      0x58e CMakeFiles\train_cpu.dir\C_\Pico\pico-sdk\src\rp2_common\hardware_sync\sync.c.obj
 .debug_info    0x000045b3     0x1c49 CMakeFiles\train_cpu.dir\C_\Pico\pico-sdk\src\rp2_common\hardware_irq\irq.c.obj
 .debug_info    0x000061fc      0x1a4 CMakeFiles\train_cpu.dir\C_\Pico\pico-sdk\src\common\pico_sync\lock_core.c.obj
 .debug_info    0x000063a0     0x3b3b CMakeFiles\train_cpu.dir\C_\Pico\pico-sdk\src\common\pico_time\time.c.obj
 .debug_info    0x00009edb     0x1134 CMakeFiles\train_cpu.dir\C_\Pico\pico-sdk\src\rp2_common\hardware_timer\timer.c.obj
 .debug_info    0x0000b00f     0x120c CMakeFiles\train_cpu.dir\C_\Pico\pico-sdk\src\common\pico_util\pheap.c.obj
 .debug_info    0x0000c21b     0x2022 CMakeFiles\train_cpu.dir\C_\Pico\pico-sdk\src\common\pico_sync\mutex.c.obj
 .debug_info    0x0000e23d      0xb65 CMakeFiles\train_cpu.dir\C_\Pico\pico-sdk\src\rp2_common\hardware_uart\uart.c.obj
 .debug_info    0x0000eda2      0xa87 CMakeFiles\train_cpu.dir\C_\Pico\pico-sdk\src\rp2_common\pico_runtime\runtime.c.obj
 .debug_info    0x0000f829      0xf63 CMakeFiles\train_cpu.dir\C_\Pico\pico-sdk\src\rp2_common\hardware_clocks\clocks.c.obj
 .debug_info    0x0001078c      0x54a CMakeFiles\train_cpu.dir\C_\Pico\pico-sdk\src\rp2_common\hardware_pll\pll.c.obj
 .debug_info    0x00010cd6      0x4ee CMakeFiles\train_cpu.dir\C_\Pico\pico-sdk\src\rp2_common\hardware_watchdog\watchdog.c.obj
 .debug_info    0x000111c4      0x1d8 CMakeFiles\train_cpu.dir\C_\Pico\pico-sdk\src\rp2_common\hardware_xosc\xosc.c.obj
 .debug_info    0x0001139c     0x1a5f CMakeFiles\train_cpu.dir\C_\Pico\pico-sdk\src\rp2_common\pico_printf\printf.c.obj
 .debug_info    0x00012dfb       0x22 CMakeFiles\train_cpu.dir\C_\Pico\pico-sdk\src\rp2_common\pico_bit_ops\bit_ops_aeabi.S.obj
 .debug_info    0x00012e1d      0x27c CMakeFiles\train_cpu.dir\C_\Pico\pico-sdk\src\rp2_common\pico_bootrom\bootrom.c.obj
 .debug_info    0x00013099       0x22 CMakeFiles\train_cpu.dir\C_\Pico\pico-sdk\src\rp2_common\pico_divider\divider.S.obj
 .debug_info    0x000130bb       0x22 CMakeFiles\train_cpu.dir\C_\Pico\pico-sdk\src\rp2_common\pico_double\double_aeabi.S.obj
 .debug_info    0x000130dd      0x2d1 CMakeFiles\train_cpu.dir\C_\Pico\pico-sdk\src\rp2_common\pico_double\double_init_rom.c.obj
 .debug_info    0x000133ae       0x22 CMakeFiles\train_cpu.dir\C_\Pico\pico-sdk\src\rp2_common\pico_double\double_v1_rom_shim.S.obj
 .debug_info    0x000133d0       0x26 CMakeFiles\train_cpu.dir\C_\Pico\pico-sdk\src\rp2_common\pico_int64_ops\pico_int64_ops_aeabi.S.obj
 .debug_info    0x000133f6       0x22 CMakeFiles\train_cpu.dir\C_\Pico\pico-sdk\src\rp2_common\pico_float\float_aeabi.S.obj
 .debug_info    0x00013418      0x2eb CMakeFiles\train_cpu.dir\C_\Pico\pico-sdk\src\rp2_common\pico_float\float_init_rom.c.obj
 .debug_info    0x00013703       0x22 CMakeFiles\train_cpu.dir\C_\Pico\pico-sdk\src\rp2_common\pico_float\float_v1_rom_shim.S.obj
 .debug_info    0x00013725       0x22 CMakeFiles\train_cpu.dir\C_\Pico\pico-sdk\src\rp2_common\pico_mem_ops\mem_ops_aeabi.S.obj
 .debug_info    0x00013747       0x22 CMakeFiles\train_cpu.dir\C_\Pico\pico-sdk\src\rp2_common\pico_standard_link\crt0.S.obj
 .debug_info    0x00013769      0x2f6 CMakeFiles\train_cpu.dir\C_\Pico\pico-sdk\src\rp2_common\pico_standard_link\binary_info.c.obj
 .debug_info    0x00013a5f     0x12ee CMakeFiles\train_cpu.dir\C_\Pico\pico-sdk\src\rp2_common\pico_stdio\stdio.c.obj
 .debug_info    0x00014d4d      0xc57 CMakeFiles\train_cpu.dir\C_\Pico\pico-sdk\src\rp2_common\pico_stdio_uart\stdio_uart.c.obj

.debug_abbrev   0x00000000     0x41b7
 .debug_abbrev  0x00000000      0x397 CMakeFiles\train_cpu.dir\train_cpu.c.obj
 .debug_abbrev  0x00000397      0x326 CMakeFiles\train_cpu.dir\C_\Pico\pico-sdk\src\rp2_common\hardware_gpio\gpio.c.obj
 .debug_abbrev  0x000006bd      0x2e9 CMakeFiles\train_cpu.dir\C_\Pico\pico-sdk\src\rp2_common\hardware_claim\claim.c.obj
 .debug_abbrev  0x000009a6       0xeb CMakeFiles\train_cpu.dir\C_\Pico\pico-sdk\src\rp2_common\pico_platform\platform.c.obj
 .debug_abbrev  0x00000a91      0x21b CMakeFiles\train_cpu.dir\C_\Pico\pico-sdk\src\rp2_common\hardware_sync\sync.c.obj
 .debug_abbrev  0x00000cac      0x4fc CMakeFiles\train_cpu.dir\C_\Pico\pico-sdk\src\rp2_common\hardware_irq\irq.c.obj
 .debug_abbrev  0x000011a8      0x116 CMakeFiles\train_cpu.dir\C_\Pico\pico-sdk\src\common\pico_sync\lock_core.c.obj
 .debug_abbrev  0x000012be      0x54d CMakeFiles\train_cpu.dir\C_\Pico\pico-sdk\src\common\pico_time\time.c.obj
 .debug_abbrev  0x0000180b      0x3a2 CMakeFiles\train_cpu.dir\C_\Pico\pico-sdk\src\rp2_common\hardware_timer\timer.c.obj
 .debug_abbrev  0x00001bad      0x297 CMakeFiles\train_cpu.dir\C_\Pico\pico-sdk\src\common\pico_util\pheap.c.obj
 .debug_abbrev  0x00001e44      0x386 CMakeFiles\train_cpu.dir\C_\Pico\pico-sdk\src\common\pico_sync\mutex.c.obj
 .debug_abbrev  0x000021ca      0x2d2 CMakeFiles\train_cpu.dir\C_\Pico\pico-sdk\src\rp2_common\hardware_uart\uart.c.obj
 .debug_abbrev  0x0000249c      0x3aa CMakeFiles\train_cpu.dir\C_\Pico\pico-sdk\src\rp2_common\pico_runtime\runtime.c.obj
 .debug_abbrev  0x00002846      0x3a5 CMakeFiles\train_cpu.dir\C_\Pico\pico-sdk\src\rp2_common\hardware_clocks\clocks.c.obj
 .debug_abbrev  0x00002beb      0x1ea CMakeFiles\train_cpu.dir\C_\Pico\pico-sdk\src\rp2_common\hardware_pll\pll.c.obj
 .debug_abbrev  0x00002dd5      0x1a8 CMakeFiles\train_cpu.dir\C_\Pico\pico-sdk\src\rp2_common\hardware_watchdog\watchdog.c.obj
 .debug_abbrev  0x00002f7d      0x109 CMakeFiles\train_cpu.dir\C_\Pico\pico-sdk\src\rp2_common\hardware_xosc\xosc.c.obj
 .debug_abbrev  0x00003086      0x384 CMakeFiles\train_cpu.dir\C_\Pico\pico-sdk\src\rp2_common\pico_printf\printf.c.obj
 .debug_abbrev  0x0000340a       0x12 CMakeFiles\train_cpu.dir\C_\Pico\pico-sdk\src\rp2_common\pico_bit_ops\bit_ops_aeabi.S.obj
 .debug_abbrev  0x0000341c      0x13b CMakeFiles\train_cpu.dir\C_\Pico\pico-sdk\src\rp2_common\pico_bootrom\bootrom.c.obj
 .debug_abbrev  0x00003557       0x12 CMakeFiles\train_cpu.dir\C_\Pico\pico-sdk\src\rp2_common\pico_divider\divider.S.obj
 .debug_abbrev  0x00003569       0x12 CMakeFiles\train_cpu.dir\C_\Pico\pico-sdk\src\rp2_common\pico_double\double_aeabi.S.obj
 .debug_abbrev  0x0000357b      0x179 CMakeFiles\train_cpu.dir\C_\Pico\pico-sdk\src\rp2_common\pico_double\double_init_rom.c.obj
 .debug_abbrev  0x000036f4       0x12 CMakeFiles\train_cpu.dir\C_\Pico\pico-sdk\src\rp2_common\pico_double\double_v1_rom_shim.S.obj
 .debug_abbrev  0x00003706       0x14 CMakeFiles\train_cpu.dir\C_\Pico\pico-sdk\src\rp2_common\pico_int64_ops\pico_int64_ops_aeabi.S.obj
 .debug_abbrev  0x0000371a       0x12 CMakeFiles\train_cpu.dir\C_\Pico\pico-sdk\src\rp2_common\pico_float\float_aeabi.S.obj
 .debug_abbrev  0x0000372c      0x18c CMakeFiles\train_cpu.dir\C_\Pico\pico-sdk\src\rp2_common\pico_float\float_init_rom.c.obj
 .debug_abbrev  0x000038b8       0x12 CMakeFiles\train_cpu.dir\C_\Pico\pico-sdk\src\rp2_common\pico_float\float_v1_rom_shim.S.obj
 .debug_abbrev  0x000038ca       0x12 CMakeFiles\train_cpu.dir\C_\Pico\pico-sdk\src\rp2_common\pico_mem_ops\mem_ops_aeabi.S.obj
 .debug_abbrev  0x000038dc       0x12 CMakeFiles\train_cpu.dir\C_\Pico\pico-sdk\src\rp2_common\pico_standard_link\crt0.S.obj
 .debug_abbrev  0x000038ee       0xad CMakeFiles\train_cpu.dir\C_\Pico\pico-sdk\src\rp2_common\pico_standard_link\binary_info.c.obj
 .debug_abbrev  0x0000399b      0x4a9 CMakeFiles\train_cpu.dir\C_\Pico\pico-sdk\src\rp2_common\pico_stdio\stdio.c.obj
 .debug_abbrev  0x00003e44      0x373 CMakeFiles\train_cpu.dir\C_\Pico\pico-sdk\src\rp2_common\pico_stdio_uart\stdio_uart.c.obj

.debug_loc      0x00000000     0xf780
 .debug_loc     0x00000000     0x1f45 CMakeFiles\train_cpu.dir\train_cpu.c.obj
 .debug_loc     0x00001f45     0x118d CMakeFiles\train_cpu.dir\C_\Pico\pico-sdk\src\rp2_common\hardware_gpio\gpio.c.obj
 .debug_loc     0x000030d2      0x45f CMakeFiles\train_cpu.dir\C_\Pico\pico-sdk\src\rp2_common\hardware_claim\claim.c.obj
 .debug_loc     0x00003531       0xe9 CMakeFiles\train_cpu.dir\C_\Pico\pico-sdk\src\rp2_common\pico_platform\platform.c.obj
 .debug_loc     0x0000361a      0x233 CMakeFiles\train_cpu.dir\C_\Pico\pico-sdk\src\rp2_common\hardware_sync\sync.c.obj
 .debug_loc     0x0000384d     0x1365 CMakeFiles\train_cpu.dir\C_\Pico\pico-sdk\src\rp2_common\hardware_irq\irq.c.obj
 .debug_loc     0x00004bb2       0x60 CMakeFiles\train_cpu.dir\C_\Pico\pico-sdk\src\common\pico_sync\lock_core.c.obj
 .debug_loc     0x00004c12     0x2e2a CMakeFiles\train_cpu.dir\C_\Pico\pico-sdk\src\common\pico_time\time.c.obj
 .debug_loc     0x00007a3c      0x952 CMakeFiles\train_cpu.dir\C_\Pico\pico-sdk\src\rp2_common\hardware_timer\timer.c.obj
 .debug_loc     0x0000838e     0x1439 CMakeFiles\train_cpu.dir\C_\Pico\pico-sdk\src\common\pico_util\pheap.c.obj
 .debug_loc     0x000097c7     0x1469 CMakeFiles\train_cpu.dir\C_\Pico\pico-sdk\src\common\pico_sync\mutex.c.obj
 .debug_loc     0x0000ac30      0x520 CMakeFiles\train_cpu.dir\C_\Pico\pico-sdk\src\rp2_common\hardware_uart\uart.c.obj
 .debug_loc     0x0000b150      0x3f0 CMakeFiles\train_cpu.dir\C_\Pico\pico-sdk\src\rp2_common\pico_runtime\runtime.c.obj
 .debug_loc     0x0000b540      0x7eb CMakeFiles\train_cpu.dir\C_\Pico\pico-sdk\src\rp2_common\hardware_clocks\clocks.c.obj
 .debug_loc     0x0000bd2b      0x32f CMakeFiles\train_cpu.dir\C_\Pico\pico-sdk\src\rp2_common\hardware_pll\pll.c.obj
 .debug_loc     0x0000c05a      0x2ec CMakeFiles\train_cpu.dir\C_\Pico\pico-sdk\src\rp2_common\hardware_watchdog\watchdog.c.obj
 .debug_loc     0x0000c346       0x71 CMakeFiles\train_cpu.dir\C_\Pico\pico-sdk\src\rp2_common\hardware_xosc\xosc.c.obj
 .debug_loc     0x0000c3b7     0x2095 CMakeFiles\train_cpu.dir\C_\Pico\pico-sdk\src\rp2_common\pico_printf\printf.c.obj
 .debug_loc     0x0000e44c      0x1a1 CMakeFiles\train_cpu.dir\C_\Pico\pico-sdk\src\rp2_common\pico_bootrom\bootrom.c.obj
 .debug_loc     0x0000e5ed       0x59 CMakeFiles\train_cpu.dir\C_\Pico\pico-sdk\src\rp2_common\pico_double\double_init_rom.c.obj
 .debug_loc     0x0000e646       0x73 CMakeFiles\train_cpu.dir\C_\Pico\pico-sdk\src\rp2_common\pico_float\float_init_rom.c.obj
 .debug_loc     0x0000e6b9      0xb7b CMakeFiles\train_cpu.dir\C_\Pico\pico-sdk\src\rp2_common\pico_stdio\stdio.c.obj
 .debug_loc     0x0000f234      0x54c CMakeFiles\train_cpu.dir\C_\Pico\pico-sdk\src\rp2_common\pico_stdio_uart\stdio_uart.c.obj

.debug_aranges  0x00000000      0xe20
 .debug_aranges
                0x00000000       0x88 CMakeFiles\train_cpu.dir\train_cpu.c.obj
 .debug_aranges
                0x00000088      0x100 CMakeFiles\train_cpu.dir\C_\Pico\pico-sdk\src\rp2_common\hardware_gpio\gpio.c.obj
 .debug_aranges
                0x00000188       0x48 CMakeFiles\train_cpu.dir\C_\Pico\pico-sdk\src\rp2_common\hardware_claim\claim.c.obj
 .debug_aranges
                0x000001d0       0x28 CMakeFiles\train_cpu.dir\C_\Pico\pico-sdk\src\rp2_common\pico_platform\platform.c.obj
 .debug_aranges
                0x000001f8       0x58 CMakeFiles\train_cpu.dir\C_\Pico\pico-sdk\src\rp2_common\hardware_sync\sync.c.obj
 .debug_aranges
                0x00000250       0xc8 CMakeFiles\train_cpu.dir\C_\Pico\pico-sdk\src\rp2_common\hardware_irq\irq.c.obj
 .debug_aranges
                0x00000318       0x20 CMakeFiles\train_cpu.dir\C_\Pico\pico-sdk\src\common\pico_sync\lock_core.c.obj
 .debug_aranges
                0x00000338       0xd0 CMakeFiles\train_cpu.dir\C_\Pico\pico-sdk\src\common\pico_time\time.c.obj
 .debug_aranges
                0x00000408       0x78 CMakeFiles\train_cpu.dir\C_\Pico\pico-sdk\src\rp2_common\hardware_timer\timer.c.obj
 .debug_aranges
                0x00000480       0x78 CMakeFiles\train_cpu.dir\C_\Pico\pico-sdk\src\common\pico_util\pheap.c.obj
 .debug_aranges
                0x000004f8       0x88 CMakeFiles\train_cpu.dir\C_\Pico\pico-sdk\src\common\pico_sync\mutex.c.obj
 .debug_aranges
                0x00000580       0x40 CMakeFiles\train_cpu.dir\C_\Pico\pico-sdk\src\rp2_common\hardware_uart\uart.c.obj
 .debug_aranges
                0x000005c0       0x60 CMakeFiles\train_cpu.dir\C_\Pico\pico-sdk\src\rp2_common\pico_runtime\runtime.c.obj
 .debug_aranges
                0x00000620       0x70 CMakeFiles\train_cpu.dir\C_\Pico\pico-sdk\src\rp2_common\hardware_clocks\clocks.c.obj
 .debug_aranges
                0x00000690       0x28 CMakeFiles\train_cpu.dir\C_\Pico\pico-sdk\src\rp2_common\hardware_pll\pll.c.obj
 .debug_aranges
                0x000006b8       0x58 CMakeFiles\train_cpu.dir\C_\Pico\pico-sdk\src\rp2_common\hardware_watchdog\watchdog.c.obj
 .debug_aranges
                0x00000710       0x30 CMakeFiles\train_cpu.dir\C_\Pico\pico-sdk\src\rp2_common\hardware_xosc\xosc.c.obj
 .debug_aranges
                0x00000740       0x90 CMakeFiles\train_cpu.dir\C_\Pico\pico-sdk\src\rp2_common\pico_printf\printf.c.obj
 .debug_aranges
                0x000007d0       0x68 CMakeFiles\train_cpu.dir\C_\Pico\pico-sdk\src\rp2_common\pico_bit_ops\bit_ops_aeabi.S.obj
 .debug_aranges
                0x00000838       0x30 CMakeFiles\train_cpu.dir\C_\Pico\pico-sdk\src\rp2_common\pico_bootrom\bootrom.c.obj
 .debug_aranges
                0x00000868       0x40 CMakeFiles\train_cpu.dir\C_\Pico\pico-sdk\src\rp2_common\pico_divider\divider.S.obj
 .debug_aranges
                0x000008a8      0x140 CMakeFiles\train_cpu.dir\C_\Pico\pico-sdk\src\rp2_common\pico_double\double_aeabi.S.obj
 .debug_aranges
                0x000009e8       0x20 CMakeFiles\train_cpu.dir\C_\Pico\pico-sdk\src\rp2_common\pico_double\double_init_rom.c.obj
 .debug_aranges
                0x00000a08       0xc8 CMakeFiles\train_cpu.dir\C_\Pico\pico-sdk\src\rp2_common\pico_double\double_v1_rom_shim.S.obj
 .debug_aranges
                0x00000ad0       0x20 CMakeFiles\train_cpu.dir\C_\Pico\pico-sdk\src\rp2_common\pico_int64_ops\pico_int64_ops_aeabi.S.obj
 .debug_aranges
                0x00000af0      0x130 CMakeFiles\train_cpu.dir\C_\Pico\pico-sdk\src\rp2_common\pico_float\float_aeabi.S.obj
 .debug_aranges
                0x00000c20       0x20 CMakeFiles\train_cpu.dir\C_\Pico\pico-sdk\src\rp2_common\pico_float\float_init_rom.c.obj
 .debug_aranges
                0x00000c40       0x50 CMakeFiles\train_cpu.dir\C_\Pico\pico-sdk\src\rp2_common\pico_float\float_v1_rom_shim.S.obj
 .debug_aranges
                0x00000c90       0x38 CMakeFiles\train_cpu.dir\C_\Pico\pico-sdk\src\rp2_common\pico_mem_ops\mem_ops_aeabi.S.obj
 .debug_aranges
                0x00000cc8       0x28 CMakeFiles\train_cpu.dir\C_\Pico\pico-sdk\src\rp2_common\pico_standard_link\crt0.S.obj
 .debug_aranges
                0x00000cf0       0x18 CMakeFiles\train_cpu.dir\C_\Pico\pico-sdk\src\rp2_common\pico_standard_link\binary_info.c.obj
 .debug_aranges
                0x00000d08       0xd0 CMakeFiles\train_cpu.dir\C_\Pico\pico-sdk\src\rp2_common\pico_stdio\stdio.c.obj
 .debug_aranges
                0x00000dd8       0x48 CMakeFiles\train_cpu.dir\C_\Pico\pico-sdk\src\rp2_common\pico_stdio_uart\stdio_uart.c.obj

.debug_ranges   0x00000000     0x43b0
 .debug_ranges  0x00000000     0x1478 CMakeFiles\train_cpu.dir\train_cpu.c.obj
 .debug_ranges  0x00001478      0x150 CMakeFiles\train_cpu.dir\C_\Pico\pico-sdk\src\rp2_common\hardware_gpio\gpio.c.obj
 .debug_ranges  0x000015c8       0xd8 CMakeFiles\train_cpu.dir\C_\Pico\pico-sdk\src\rp2_common\hardware_claim\claim.c.obj
 .debug_ranges  0x000016a0       0x18 CMakeFiles\train_cpu.dir\C_\Pico\pico-sdk\src\rp2_common\pico_platform\platform.c.obj
 .debug_ranges  0x000016b8       0xf0 CMakeFiles\train_cpu.dir\C_\Pico\pico-sdk\src\rp2_common\hardware_sync\sync.c.obj
 .debug_ranges  0x000017a8      0x400 CMakeFiles\train_cpu.dir\C_\Pico\pico-sdk\src\rp2_common\hardware_irq\irq.c.obj
 .debug_ranges  0x00001ba8       0x10 CMakeFiles\train_cpu.dir\C_\Pico\pico-sdk\src\common\pico_sync\lock_core.c.obj
 .debug_ranges  0x00001bb8      0xba0 CMakeFiles\train_cpu.dir\C_\Pico\pico-sdk\src\common\pico_time\time.c.obj
 .debug_ranges  0x00002758      0x320 CMakeFiles\train_cpu.dir\C_\Pico\pico-sdk\src\rp2_common\hardware_timer\timer.c.obj
 .debug_ranges  0x00002a78      0x248 CMakeFiles\train_cpu.dir\C_\Pico\pico-sdk\src\common\pico_util\pheap.c.obj
 .debug_ranges  0x00002cc0      0xab8 CMakeFiles\train_cpu.dir\C_\Pico\pico-sdk\src\common\pico_sync\mutex.c.obj
 .debug_ranges  0x00003778       0xf8 CMakeFiles\train_cpu.dir\C_\Pico\pico-sdk\src\rp2_common\hardware_uart\uart.c.obj
 .debug_ranges  0x00003870       0x80 CMakeFiles\train_cpu.dir\C_\Pico\pico-sdk\src\rp2_common\pico_runtime\runtime.c.obj
 .debug_ranges  0x000038f0       0x60 CMakeFiles\train_cpu.dir\C_\Pico\pico-sdk\src\rp2_common\hardware_clocks\clocks.c.obj
 .debug_ranges  0x00003950       0x30 CMakeFiles\train_cpu.dir\C_\Pico\pico-sdk\src\rp2_common\hardware_pll\pll.c.obj
 .debug_ranges  0x00003980       0x48 CMakeFiles\train_cpu.dir\C_\Pico\pico-sdk\src\rp2_common\hardware_watchdog\watchdog.c.obj
 .debug_ranges  0x000039c8       0x20 CMakeFiles\train_cpu.dir\C_\Pico\pico-sdk\src\rp2_common\hardware_xosc\xosc.c.obj
 .debug_ranges  0x000039e8      0x108 CMakeFiles\train_cpu.dir\C_\Pico\pico-sdk\src\rp2_common\pico_printf\printf.c.obj
 .debug_ranges  0x00003af0       0x60 CMakeFiles\train_cpu.dir\C_\Pico\pico-sdk\src\rp2_common\pico_bit_ops\bit_ops_aeabi.S.obj
 .debug_ranges  0x00003b50       0x38 CMakeFiles\train_cpu.dir\C_\Pico\pico-sdk\src\rp2_common\pico_bootrom\bootrom.c.obj
 .debug_ranges  0x00003b88       0x38 CMakeFiles\train_cpu.dir\C_\Pico\pico-sdk\src\rp2_common\pico_divider\divider.S.obj
 .debug_ranges  0x00003bc0      0x138 CMakeFiles\train_cpu.dir\C_\Pico\pico-sdk\src\rp2_common\pico_double\double_aeabi.S.obj
 .debug_ranges  0x00003cf8       0x30 CMakeFiles\train_cpu.dir\C_\Pico\pico-sdk\src\rp2_common\pico_double\double_init_rom.c.obj
 .debug_ranges  0x00003d28       0xc0 CMakeFiles\train_cpu.dir\C_\Pico\pico-sdk\src\rp2_common\pico_double\double_v1_rom_shim.S.obj
 .debug_ranges  0x00003de8      0x128 CMakeFiles\train_cpu.dir\C_\Pico\pico-sdk\src\rp2_common\pico_float\float_aeabi.S.obj
 .debug_ranges  0x00003f10       0x28 CMakeFiles\train_cpu.dir\C_\Pico\pico-sdk\src\rp2_common\pico_float\float_init_rom.c.obj
 .debug_ranges  0x00003f38       0x48 CMakeFiles\train_cpu.dir\C_\Pico\pico-sdk\src\rp2_common\pico_float\float_v1_rom_shim.S.obj
 .debug_ranges  0x00003f80       0x30 CMakeFiles\train_cpu.dir\C_\Pico\pico-sdk\src\rp2_common\pico_mem_ops\mem_ops_aeabi.S.obj
 .debug_ranges  0x00003fb0       0x20 CMakeFiles\train_cpu.dir\C_\Pico\pico-sdk\src\rp2_common\pico_standard_link\crt0.S.obj
 .debug_ranges  0x00003fd0      0x1b0 CMakeFiles\train_cpu.dir\C_\Pico\pico-sdk\src\rp2_common\pico_stdio\stdio.c.obj
 .debug_ranges  0x00004180      0x230 CMakeFiles\train_cpu.dir\C_\Pico\pico-sdk\src\rp2_common\pico_stdio_uart\stdio_uart.c.obj

.debug_line     0x00000000     0xe42f
 .debug_line    0x00000000     0x171f CMakeFiles\train_cpu.dir\train_cpu.c.obj
 .debug_line    0x0000171f      0xc38 CMakeFiles\train_cpu.dir\C_\Pico\pico-sdk\src\rp2_common\hardware_gpio\gpio.c.obj
 .debug_line    0x00002357      0x433 CMakeFiles\train_cpu.dir\C_\Pico\pico-sdk\src\rp2_common\hardware_claim\claim.c.obj
 .debug_line    0x0000278a      0x24c CMakeFiles\train_cpu.dir\C_\Pico\pico-sdk\src\rp2_common\pico_platform\platform.c.obj
 .debug_line    0x000029d6      0x42f CMakeFiles\train_cpu.dir\C_\Pico\pico-sdk\src\rp2_common\hardware_sync\sync.c.obj