Archive member included to satisfy reference by file (symbol)

c:/progra~2/gnuarm~1/102021~1.07/bin/../lib/gcc/arm-none-eabi/10.3.1/thumb/v6-m/nofp\libgcc.a(_dvmd_tls.o)
                              CMakeFiles/train_cpu_test.dir/C_/Pico/pico-sdk/src/rp2_common/pico_divider/divider.S.obj (__aeabi_idiv0)
c:/progra~2/gnuarm~1/102021~1.07/bin/../lib/gcc/arm-none-eabi/10.3.1/../../../../arm-none-eabi/lib/thumb/v6-m/nofp\libg.a(lib_a-calloc.o)
                              CMakeFiles/train_cpu_test.dir/C_/Pico/pico-sdk/src/rp2_common/pico_malloc/pico_malloc.c.obj (calloc)
c:/progra~2/gnuarm~1/102021~1.07/bin/../lib/gcc/arm-none-eabi/10.3.1/../../../../arm-none-eabi/lib/thumb/v6-m/nofp\libg.a(lib_a-callocr.o)
                              c:/progra~2/gnuarm~1/102021~1.07/bin/../lib/gcc/arm-none-eabi/10.3.1/../../../../arm-none-eabi/lib/thumb/v6-m/nofp\libg.a(lib_a-calloc.o) (_calloc_r)
c:/progra~2/gnuarm~1/102021~1.07/bin/../lib/gcc/arm-none-eabi/10.3.1/../../../../arm-none-eabi/lib/thumb/v6-m/nofp\libg.a(lib_a-errno.o)
                              c:/progra~2/gnuarm~1/102021~1.07/bin/../lib/gcc/arm-none-eabi/10.3.1/../../../../arm-none-eabi/lib/thumb/v6-m/nofp\libg.a(lib_a-callocr.o) (__errno)
c:/progra~2/gnuarm~1/102021~1.07/bin/../lib/gcc/arm-none-eabi/10.3.1/../../../../arm-none-eabi/lib/thumb/v6-m/nofp\libg.a(lib_a-impure.o)
                              c:/progra~2/gnuarm~1/102021~1.07/bin/../lib/gcc/arm-none-eabi/10.3.1/../../../../arm-none-eabi/lib/thumb/v6-m/nofp\libg.a(lib_a-calloc.o) (_impure_ptr)
c:/progra~2/gnuarm~1/102021~1.07/bin/../lib/gcc/arm-none-eabi/10.3.1/../../../../arm-none-eabi/lib/thumb/v6-m/nofp\libg.a(lib_a-init.o)
                              c:/progra~2/gnuarm~1/102021~1.07/bin/../lib/gcc/arm-none-eabi/10.3.1/../../../../arm-none-eabi/lib/thumb/v6-m/nofp/crt0.o (__libc_init_array)
c:/progra~2/gnuarm~1/102021~1.07/bin/../lib/gcc/arm-none-eabi/10.3.1/../../../../arm-none-eabi/lib/thumb/v6-m/nofp\libg.a(lib_a-malloc.o)
                              CMakeFiles/train_cpu_test.dir/C_/Pico/pico-sdk/src/rp2_common/pico_malloc/pico_malloc.c.obj (malloc)
c:/progra~2/gnuarm~1/102021~1.07/bin/../lib/gcc/arm-none-eabi/10.3.1/../../../../arm-none-eabi/lib/thumb/v6-m/nofp\libg.a(lib_a-mallocr.o)
                              c:/progra~2/gnuarm~1/102021~1.07/bin/../lib/gcc/arm-none-eabi/10.3.1/../../../../arm-none-eabi/lib/thumb/v6-m/nofp\libg.a(lib_a-callocr.o) (_malloc_r)
c:/progra~2/gnuarm~1/102021~1.07/bin/../lib/gcc/arm-none-eabi/10.3.1/../../../../arm-none-eabi/lib/thumb/v6-m/nofp\libg.a(lib_a-mlock.o)
                              c:/progra~2/gnuarm~1/102021~1.07/bin/../lib/gcc/arm-none-eabi/10.3.1/../../../../arm-none-eabi/lib/thumb/v6-m/nofp\libg.a(lib_a-mallocr.o) (__malloc_lock)
c:/progra~2/gnuarm~1/102021~1.07/bin/../lib/gcc/arm-none-eabi/10.3.1/../../../../arm-none-eabi/lib/thumb/v6-m/nofp\libg.a(lib_a-realloc.o)
                              CMakeFiles/train_cpu_test.dir/C_/Pico/pico-sdk/src/rp2_common/pico_malloc/pico_malloc.c.obj (realloc)
c:/progra~2/gnuarm~1/102021~1.07/bin/../lib/gcc/arm-none-eabi/10.3.1/../../../../arm-none-eabi/lib/thumb/v6-m/nofp\libg.a(lib_a-reallocr.o)
                              c:/progra~2/gnuarm~1/102021~1.07/bin/../lib/gcc/arm-none-eabi/10.3.1/../../../../arm-none-eabi/lib/thumb/v6-m/nofp\libg.a(lib_a-realloc.o) (_realloc_r)
c:/progra~2/gnuarm~1/102021~1.07/bin/../lib/gcc/arm-none-eabi/10.3.1/../../../../arm-none-eabi/lib/thumb/v6-m/nofp\libg.a(lib_a-sbrkr.o)
                              c:/progra~2/gnuarm~1/102021~1.07/bin/../lib/gcc/arm-none-eabi/10.3.1/../../../../arm-none-eabi/lib/thumb/v6-m/nofp\libg.a(lib_a-mallocr.o) (_sbrk_r)
c:/progra~2/gnuarm~1/102021~1.07/bin/../lib/gcc/arm-none-eabi/10.3.1/../../../../arm-none-eabi/lib/thumb/v6-m/nofp\libg.a(lib_a-strlen-stub.o)
                              CMakeFiles/train_cpu_test.dir/C_/Pico/pico-sdk/src/rp2_common/pico_stdio/stdio.c.obj (strlen)
c:/progra~2/gnuarm~1/102021~1.07/bin/../lib/gcc/arm-none-eabi/10.3.1/../../../../arm-none-eabi/lib/thumb/v6-m/nofp\libg.a(lib_a-freer.o)
                              c:/progra~2/gnuarm~1/102021~1.07/bin/../lib/gcc/arm-none-eabi/10.3.1/../../../../arm-none-eabi/lib/thumb/v6-m/nofp\libg.a(lib_a-malloc.o) (_free_r)
c:/progra~2/gnuarm~1/102021~1.07/bin/../lib/gcc/arm-none-eabi/10.3.1/../../../../arm-none-eabi/lib/thumb/v6-m/nofp\libg.a(lib_a-lock.o)
                              c:/progra~2/gnuarm~1/102021~1.07/bin/../lib/gcc/arm-none-eabi/10.3.1/../../../../arm-none-eabi/lib/thumb/v6-m/nofp\libg.a(lib_a-mlock.o) (__retarget_lock_acquire_recursive)
c:/progra~2/gnuarm~1/102021~1.07/bin/../lib/gcc/arm-none-eabi/10.3.1/../../../../arm-none-eabi/lib/thumb/v6-m/nofp\libg.a(lib_a-memmove.o)
                              c:/progra~2/gnuarm~1/102021~1.07/bin/../lib/gcc/arm-none-eabi/10.3.1/../../../../arm-none-eabi/lib/thumb/v6-m/nofp\libg.a(lib_a-reallocr.o) (memmove)
[...]
Memory Configuration

Name             Origin             Length             Attributes
FLASH            0x10000000         0x00200000         xr
RAM              0x20000000         0x00040000         xrw
SCRATCH_X        0x20040000         0x00001000         xrw
SCRATCH_Y        0x20041000         0x00001000         xrw
*default*        0x00000000         0xffffffff

Linker script and memory map

LOAD c:/progra~2/gnuarm~1/102021~1.07/bin/../lib/gcc/arm-none-eabi/10.3.1/thumb/v6-m/nofp/crti.o
LOAD c:/progra~2/gnuarm~1/102021~1.07/bin/../lib/gcc/arm-none-eabi/10.3.1/thumb/v6-m/nofp/crtbegin.o
LOAD c:/progra~2/gnuarm~1/102021~1.07/bin/../lib/gcc/arm-none-eabi/10.3.1/../../../../arm-none-eabi/lib/thumb/v6-m/nofp/crt0.o

.flash_begin    0x10000000        0x0
                0x10000000                __flash_binary_start = .

.boot2          0x10000000      0x100
                0x10000000                __boot2_start__ = .
 *(.boot2)
 .boot2         0x10000000      0x100 C:\Users\a235917\AppData\Local\Temp\ccAqL06r.o
                0x10000100                __boot2_end__ = .
                0x00000001                ASSERT (((__boot2_end__ - __boot2_start__) == 0x100), ERROR: Pico second stage bootloader must be 256 bytes in size)

.text           0x10000100     0x5608
                0x10000100                __logical_binary_start = .
 *(.vectors)
 .vectors       0x10000100       0xd4 CMakeFiles/train_cpu_test.dir/C_/Pico/pico-sdk/src/rp2_common/pico_standard_link/crt0.S.obj
                0x10000100                __VECTOR_TABLE
                0x10000100                __vectors
                0x100001c0                isr_invalid
                0x100001c0                __default_isrs_start
                0x100001c2                isr_nmi
                0x100001c4                isr_hardfault
                0x100001c6                isr_svcall
                0x100001c8                isr_pendsv
                0x100001ca                isr_systick
                0x100001cc                isr_irq23
                0x100001cc                isr_irq18
                0x100001cc                isr_irq11
                0x100001cc                isr_irq28
                0x100001cc                isr_irq19
                0x100001cc                isr_irq0
                0x100001cc                isr_irq6
                0x100001cc                isr_irq5
                0x100001cc                isr_irq12
                0x100001cc                isr_irq22
                0x100001cc                isr_irq31
                0x100001cc                isr_irq17
                0x100001cc                isr_irq27
                0x100001cc                isr_irq30
                0x100001cc                isr_irq2
                0x100001cc                isr_irq10
                0x100001cc                isr_irq8
                0x100001cc                isr_irq24
                0x100001cc                isr_irq1
                0x100001cc                isr_irq7
                0x100001cc                isr_irq21
                0x100001cc                isr_irq20
                0x100001cc                isr_irq15
                0x100001cc                isr_irq25
                0x100001cc                isr_irq13
                0x100001cc                __unhandled_user_irq
                0x100001cc                isr_irq4
                0x100001cc                isr_irq16
                0x100001cc                isr_irq29
                0x100001cc                isr_irq26
                0x100001cc                __default_isrs_end
                0x100001cc                isr_irq3
                0x100001cc                isr_irq14
                0x100001cc                isr_irq9
                0x100001d2                unhandled_user_irq_num_in_r0
 *(.binary_info_header)
 .binary_info_header
                0x100001d4       0x14 CMakeFiles/train_cpu_test.dir/C_/Pico/pico-sdk/src/rp2_common/pico_standard_link/crt0.S.obj
                0x100001e8                __binary_info_header_end = .
 *(.reset)
 .reset         0x100001e8       0xa8 CMakeFiles/train_cpu_test.dir/C_/Pico/pico-sdk/src/rp2_common/pico_standard_link/crt0.S.obj
                0x100001e8                _entry_point
                0x10000266                __get_current_exception
 .reset         0x10000290       0x30 CMakeFiles/train_cpu_test.dir/C_/Pico/pico-sdk/src/rp2_common/pico_standard_link/binary_info.c.obj
 *(.init)
 .init          0x100002c0        0x4 c:/progra~2/gnuarm~1/102021~1.07/bin/../lib/gcc/arm-none-eabi/10.3.1/thumb/v6-m/nofp/crti.o
                0x100002c0                _init
 *(EXCLUDE_FILE(*libm.a: *libc.a:*lib_a-mem*.o *libgcc.a:) .text*)
 .text          0x100002c4       0x48 c:/progra~2/gnuarm~1/102021~1.07/bin/../lib/gcc/arm-none-eabi/10.3.1/thumb/v6-m/nofp/crtbegin.o
 .text.check_input_start
                0x1000030c      0x160 CMakeFiles/train_cpu_test.dir/train_cpu_test.c.obj
                0x1000030c                check_input_start
 .text.store_command
                0x1000046c       0x9c CMakeFiles/train_cpu_test.dir/train_cpu_test.c.obj
                0x1000046c                store_command
 .text.program_display
                0x10000508       0x5c CMakeFiles/train_cpu_test.dir/train_cpu_test.c.obj
                0x10000508                program_display
 .text.fetch    0x10000564       0x70 CMakeFiles/train_cpu_test.dir/train_cpu_test.c.obj
                0x10000564                fetch
 .text.get_register_index
                0x100005d4       0xcc CMakeFiles/train_cpu_test.dir/train_cpu_test.c.obj
                0x100005d4                get_register_index
 .text.get_mediate
                0x100006a0       0xc8 CMakeFiles/train_cpu_test.dir/train_cpu_test.c.obj
                0x100006a0                get_mediate
 .text.mov      0x10000768       0x70 CMakeFiles/train_cpu_test.dir/train_cpu_test.c.obj
                0x10000768                mov
 .text.sub      0x100007d8       0x8c CMakeFiles/train_cpu_test.dir/train_cpu_test.c.obj
                0x100007d8                sub
 .text.mul      0x10000864       0x8c CMakeFiles/train_cpu_test.dir/train_cpu_test.c.obj
                0x10000864                mul
 .text.cmp      0x100008f0       0xc4 CMakeFiles/train_cpu_test.dir/train_cpu_test.c.obj
                0x100008f0                cmp
 .text.blt      0x100009b4       0x60 CMakeFiles/train_cpu_test.dir/train_cpu_test.c.obj
                0x100009b4                blt
 .text.b        0x10000a14       0x44 CMakeFiles/train_cpu_test.dir/train_cpu_test.c.obj
                0x10000a14                b
 .text.out      0x10000a58      0x184 CMakeFiles/train_cpu_test.dir/train_cpu_test.c.obj
                0x10000a58                out
 .text.main     0x10000bdc       0xc4 CMakeFiles/train_cpu_test.dir/train_cpu_test.c.obj
                0x10000bdc                main
 .text.gpio_set_function
                0x10000ca0       0x30 CMakeFiles/train_cpu_test.dir/C_/Pico/pico-sdk/src/rp2_common/hardware_gpio/gpio.c.obj
                0x10000ca0                gpio_set_function
 .text.gpio_init
                0x10000cd0       0x16 CMakeFiles/train_cpu_test.dir/C_/Pico/pico-sdk/src/rp2_common/hardware_gpio/gpio.c.obj
                0x10000cd0                gpio_init
 *fill*         0x10000ce6        0x2 
 .text.hw_claim_lock
                0x10000ce8       0x18 CMakeFiles/train_cpu_test.dir/C_/Pico/pico-sdk/src/rp2_common/hardware_claim/claim.c.obj
                0x10000ce8                hw_claim_lock
 .text.hw_claim_unlock
                0x10000d00       0x14 CMakeFiles/train_cpu_test.dir/C_/Pico/pico-sdk/src/rp2_common/hardware_claim/claim.c.obj
                0x10000d00                hw_claim_unlock
 .text.hw_claim_or_assert
                0x10000d14       0x32 CMakeFiles/train_cpu_test.dir/C_/Pico/pico-sdk/src/rp2_common/hardware_claim/claim.c.obj
                0x10000d14                hw_claim_or_assert
 *fill*         0x10000d46        0x2 
 .text.running_on_fpga
                0x10000d48       0x14 CMakeFiles/train_cpu_test.dir/C_/Pico/pico-sdk/src/rp2_common/pico_platform/platform.c.obj
                0x10000d48                running_on_fpga
 .text.spin_locks_reset
                0x10000d5c       0x20 CMakeFiles/train_cpu_test.dir/C_/Pico/pico-sdk/src/rp2_common/hardware_sync/sync.c.obj
                0x10000d5c                spin_locks_reset
 .text.next_striped_spin_lock_num
                0x10000d7c       0x1c CMakeFiles/train_cpu_test.dir/C_/Pico/pico-sdk/src/rp2_common/hardware_sync/sync.c.obj
                0x10000d7c                next_striped_spin_lock_num
 .text.set_raw_irq_handler_and_unlock
                0x10000d98       0x28 CMakeFiles/train_cpu_test.dir/C_/Pico/pico-sdk/src/rp2_common/hardware_irq/irq.c.obj
 .text.make_branch
                0x10000dc0       0x48 CMakeFiles/train_cpu_test.dir/C_/Pico/pico-sdk/src/rp2_common/hardware_irq/irq.c.obj
 .text.insert_branch_and_link
                0x10000e08       0x40 CMakeFiles/train_cpu_test.dir/C_/Pico/pico-sdk/src/rp2_common/hardware_irq/irq.c.obj
 .text.irq_is_enabled
                0x10000e48       0x18 CMakeFiles/train_cpu_test.dir/C_/Pico/pico-sdk/src/rp2_common/hardware_irq/irq.c.obj
                0x10000e48                irq_is_enabled
 .text.irq_set_mask_enabled
                0x10000e60       0x20 CMakeFiles/train_cpu_test.dir/C_/Pico/pico-sdk/src/rp2_common/hardware_irq/irq.c.obj
                0x10000e60                irq_set_mask_enabled
 .text.irq_set_enabled
                0x10000e80        0xe CMakeFiles/train_cpu_test.dir/C_/Pico/pico-sdk/src/rp2_common/hardware_irq/irq.c.obj
                0x10000e80                irq_set_enabled
 *fill*         0x10000e8e        0x2 
 .text.irq_get_vtable_handler
                0x10000e90       0x10 CMakeFiles/train_cpu_test.dir/C_/Pico/pico-sdk/src/rp2_common/hardware_irq/irq.c.obj
                0x10000e90                irq_get_vtable_handler
 .text.irq_set_exclusive_handler
                0x10000ea0       0x54 CMakeFiles/train_cpu_test.dir/C_/Pico/pico-sdk/src/rp2_common/hardware_irq/irq.c.obj
                0x10000ea0                irq_set_exclusive_handler
 .text.irq_remove_handler
                0x10000ef4      0x1a8 CMakeFiles/train_cpu_test.dir/C_/Pico/pico-sdk/src/rp2_common/hardware_irq/irq.c.obj
                0x10000ef4                irq_remove_handler
 .text.irq_add_tail_to_free_list
                0x1000109c       0xf0 CMakeFiles/train_cpu_test.dir/C_/Pico/pico-sdk/src/rp2_common/hardware_irq/irq.c.obj
                0x1000109c                irq_add_tail_to_free_list
 .text.irq_init_priorities
                0x1000118c       0x1c CMakeFiles/train_cpu_test.dir/C_/Pico/pico-sdk/src/rp2_common/hardware_irq/irq.c.obj
                0x1000118c                irq_init_priorities
 .text.lock_init
                0x100011a8       0x10 CMakeFiles/train_cpu_test.dir/C_/Pico/pico-sdk/src/common/pico_sync/lock_core.c.obj
                0x100011a8                lock_init
 .text.alarm_pool_post_alloc_init
                0x100011b8       0x40 CMakeFiles/train_cpu_test.dir/C_/Pico/pico-sdk/src/common/pico_time/time.c.obj
 .text.timer_pool_entry_comparator
                0x100011f8       0x7c CMakeFiles/train_cpu_test.dir/C_/Pico/pico-sdk/src/common/pico_time/time.c.obj
                0x100011f8                timer_pool_entry_comparator
 .text.ph_add_child_node
                0x10001274       0xa4 CMakeFiles/train_cpu_test.dir/C_/Pico/pico-sdk/src/common/pico_time/time.c.obj
 .text.ph_merge_nodes
                0x10001318       0x3e CMakeFiles/train_cpu_test.dir/C_/Pico/pico-sdk/src/common/pico_time/time.c.obj
 *fill*         0x10001356        0x2 
 .text.add_alarm_under_lock
                0x10001358      0x174 CMakeFiles/train_cpu_test.dir/C_/Pico/pico-sdk/src/common/pico_time/time.c.obj
 .text.alarm_pool_alarm_callback
                0x100014cc      0x328 CMakeFiles/train_cpu_test.dir/C_/Pico/pico-sdk/src/common/pico_time/time.c.obj
 .text.alarm_pool_init_default
                0x100017f4       0x38 CMakeFiles/train_cpu_test.dir/C_/Pico/pico-sdk/src/common/pico_time/time.c.obj
                0x100017f4                alarm_pool_init_default
 .text.hardware_alarm_irq_handler
                0x1000182c       0x8c CMakeFiles/train_cpu_test.dir/C_/Pico/pico-sdk/src/rp2_common/hardware_timer/timer.c.obj
 .text.hardware_alarm_claim
                0x100018b8       0x18 CMakeFiles/train_cpu_test.dir/C_/Pico/pico-sdk/src/rp2_common/hardware_timer/timer.c.obj
                0x100018b8                hardware_alarm_claim
 .text.time_us_64
                0x100018d0       0x18 CMakeFiles/train_cpu_test.dir/C_/Pico/pico-sdk/src/rp2_common/hardware_timer/timer.c.obj
                0x100018d0                time_us_64
 .text.hardware_alarm_set_callback
                0x100018e8       0x90 CMakeFiles/train_cpu_test.dir/C_/Pico/pico-sdk/src/rp2_common/hardware_timer/timer.c.obj
                0x100018e8                hardware_alarm_set_callback
 .text.hardware_alarm_set_target
                0x10001978       0xe8 CMakeFiles/train_cpu_test.dir/C_/Pico/pico-sdk/src/rp2_common/hardware_timer/timer.c.obj
                0x10001978                hardware_alarm_set_target
 .text.hardware_alarm_cancel
                0x10001a60       0x40 CMakeFiles/train_cpu_test.dir/C_/Pico/pico-sdk/src/rp2_common/hardware_timer/timer.c.obj
                0x10001a60                hardware_alarm_cancel
 .text.ph_add_child_node
                0x10001aa0       0xa4 CMakeFiles/train_cpu_test.dir/C_/Pico/pico-sdk/src/common/pico_util/pheap.c.obj
 .text.ph_merge_nodes
                0x10001b44       0x3e CMakeFiles/train_cpu_test.dir/C_/Pico/pico-sdk/src/common/pico_util/pheap.c.obj
 *fill*         0x10001b82        0x2 
 .text.ph_clear
                0x10001b84       0x70 CMakeFiles/train_cpu_test.dir/C_/Pico/pico-sdk/src/common/pico_util/pheap.c.obj
                0x10001b84                ph_clear
 .text.ph_post_alloc_init
                0x10001bf4        0xe CMakeFiles/train_cpu_test.dir/C_/Pico/pico-sdk/src/common/pico_util/pheap.c.obj
                0x10001bf4                ph_post_alloc_init
 *fill*         0x10001c02        0x2 
 .text.ph_merge_two_pass
                0x10001c04       0xa8 CMakeFiles/train_cpu_test.dir/C_/Pico/pico-sdk/src/common/pico_util/pheap.c.obj
                0x10001c04                ph_merge_two_pass
 .text.ph_remove_any_head
                0x10001cac      0x108 CMakeFiles/train_cpu_test.dir/C_/Pico/pico-sdk/src/common/pico_util/pheap.c.obj
 .text.ph_remove_head
                0x10001db4       0x14 CMakeFiles/train_cpu_test.dir/C_/Pico/pico-sdk/src/common/pico_util/pheap.c.obj
                0x10001db4                ph_remove_head
 .text.ph_remove_and_free_node
                0x10001dc8       0xf8 CMakeFiles/train_cpu_test.dir/C_/Pico/pico-sdk/src/common/pico_util/pheap.c.obj
                0x10001dc8                ph_remove_and_free_node
 .text.mutex_init
                0x10001ec0       0x1a CMakeFiles/train_cpu_test.dir/C_/Pico/pico-sdk/src/common/pico_sync/mutex.c.obj
                0x10001ec0                mutex_init
 .text.recursive_mutex_init
                0x10001eda       0x1e CMakeFiles/train_cpu_test.dir/C_/Pico/pico-sdk/src/common/pico_sync/mutex.c.obj
                0x10001eda                recursive_mutex_init
 .text.uart_set_baudrate
                0x10001ef8       0x5c CMakeFiles/train_cpu_test.dir/C_/Pico/pico-sdk/src/rp2_common/hardware_uart/uart.c.obj
                0x10001ef8                uart_set_baudrate
 .text.uart_set_translate_crlf
                0x10001f54       0x28 CMakeFiles/train_cpu_test.dir/C_/Pico/pico-sdk/src/rp2_common/hardware_uart/uart.c.obj
                0x10001f54                uart_set_translate_crlf
 .text.uart_init
                0x10001f7c       0x80 CMakeFiles/train_cpu_test.dir/C_/Pico/pico-sdk/src/rp2_common/hardware_uart/uart.c.obj
                0x10001f7c                uart_init
 .text._exit    0x10001ffc        0x4 CMakeFiles/train_cpu_test.dir/C_/Pico/pico-sdk/src/rp2_common/pico_runtime/runtime.c.obj
                0x10001ffc                _exit
 .text.exit     0x10002000        0x6 CMakeFiles/train_cpu_test.dir/C_/Pico/pico-sdk/src/rp2_common/pico_runtime/runtime.c.obj
                0x10002000                exit
 *fill*         0x10002006        0x2 
 .text.__assert_func
                0x10002008       0x3c CMakeFiles/train_cpu_test.dir/C_/Pico/pico-sdk/src/rp2_common/pico_runtime/runtime.c.obj
                0x10002008                __assert_func
 .text.runtime_init
                0x10002044       0xf8 CMakeFiles/train_cpu_test.dir/C_/Pico/pico-sdk/src/rp2_common/pico_runtime/runtime.c.obj
                0x10002044                runtime_init
 .text.panic    0x1000213c       0x30 CMakeFiles/train_cpu_test.dir/C_/Pico/pico-sdk/src/rp2_common/pico_runtime/runtime.c.obj
                0x1000213c                panic
 .text.clock_configure
                0x1000216c      0x104 CMakeFiles/train_cpu_test.dir/C_/Pico/pico-sdk/src/rp2_common/hardware_clocks/clocks.c.obj
                0x1000216c                clock_configure
 .text.clocks_init
                0x10002270      0x100 CMakeFiles/train_cpu_test.dir/C_/Pico/pico-sdk/src/rp2_common/hardware_clocks/clocks.c.obj
                0x10002270                clocks_init
 .text.clock_get_hz
                0x10002370        0xc CMakeFiles/train_cpu_test.dir/C_/Pico/pico-sdk/src/rp2_common/hardware_clocks/clocks.c.obj
                0x10002370                clock_get_hz
 .text.pll_init
                0x1000237c      0x140 CMakeFiles/train_cpu_test.dir/C_/Pico/pico-sdk/src/rp2_common/hardware_pll/pll.c.obj
                0x1000237c                pll_init
 .text.watchdog_start_tick
                0x100024bc       0x10 CMakeFiles/train_cpu_test.dir/C_/Pico/pico-sdk/src/rp2_common/hardware_watchdog/watchdog.c.obj
                0x100024bc                watchdog_start_tick
 .text.xosc_init
                0x100024cc       0x28 CMakeFiles/train_cpu_test.dir/C_/Pico/pico-sdk/src/rp2_common/hardware_xosc/xosc.c.obj
                0x100024cc                xosc_init
 .text._out_buffer
                0x100024f4        0x8 CMakeFiles/train_cpu_test.dir/C_/Pico/pico-sdk/src/rp2_common/pico_printf/printf.c.obj
 .text._out_null
                0x100024fc        0x2 CMakeFiles/train_cpu_test.dir/C_/Pico/pico-sdk/src/rp2_common/pico_printf/printf.c.obj
 .text._out_fct
                0x100024fe        0xe CMakeFiles/train_cpu_test.dir/C_/Pico/pico-sdk/src/rp2_common/pico_printf/printf.c.obj
 .text._atoi    0x1000250c       0x24 CMakeFiles/train_cpu_test.dir/C_/Pico/pico-sdk/src/rp2_common/pico_printf/printf.c.obj
 .text._out_rev
                0x10002530       0xae CMakeFiles/train_cpu_test.dir/C_/Pico/pico-sdk/src/rp2_common/pico_printf/printf.c.obj
 .text._ntoa_format
                0x100025de      0x112 CMakeFiles/train_cpu_test.dir/C_/Pico/pico-sdk/src/rp2_common/pico_printf/printf.c.obj
 .text._ntoa_long
                0x100026f0       0xbc CMakeFiles/train_cpu_test.dir/C_/Pico/pico-sdk/src/rp2_common/pico_printf/printf.c.obj
 .text._ntoa_long_long
                0x100027ac       0xe2 CMakeFiles/train_cpu_test.dir/C_/Pico/pico-sdk/src/rp2_common/pico_printf/printf.c.obj
 *fill*         0x1000288e        0x2 
 .text._etoa    0x10002890      0x414 CMakeFiles/train_cpu_test.dir/C_/Pico/pico-sdk/src/rp2_common/pico_printf/printf.c.obj
 .text._ftoa    0x10002ca4      0x354 CMakeFiles/train_cpu_test.dir/C_/Pico/pico-sdk/src/rp2_common/pico_printf/printf.c.obj
 .text._vsnprintf
                0x10002ff8      0x624 CMakeFiles/train_cpu_test.dir/C_/Pico/pico-sdk/src/rp2_common/pico_printf/printf.c.obj
 .text.__wrap_sprintf
                0x1000361c       0x28 CMakeFiles/train_cpu_test.dir/C_/Pico/pico-sdk/src/rp2_common/pico_printf/printf.c.obj
                0x1000361c                __wrap_sprintf
 .text.vfctprintf
                0x10003644       0x20 CMakeFiles/train_cpu_test.dir/C_/Pico/pico-sdk/src/rp2_common/pico_printf/printf.c.obj
                0x10003644                vfctprintf
 .text          0x10003664       0x10 CMakeFiles/train_cpu_test.dir/C_/Pico/pico-sdk/src/rp2_common/pico_bit_ops/bit_ops_aeabi.S.obj
 .text.rom_func_lookup
                0x10003674       0x10 CMakeFiles/train_cpu_test.dir/C_/Pico/pico-sdk/src/rp2_common/pico_bootrom/bootrom.c.obj
                0x10003674                rom_func_lookup
 .text.rom_data_lookup
                0x10003684       0x10 CMakeFiles/train_cpu_test.dir/C_/Pico/pico-sdk/src/rp2_common/pico_bootrom/bootrom.c.obj
                0x10003684                rom_data_lookup
 .text.rom_funcs_lookup
                0x10003694       0x36 CMakeFiles/train_cpu_test.dir/C_/Pico/pico-sdk/src/rp2_common/pico_bootrom/bootrom.c.obj
                0x10003694                rom_funcs_lookup
 *fill*         0x100036ca        0x2 
 .text.__wrap___aeabi_idiv
                0x100036cc       0x50 CMakeFiles/train_cpu_test.dir/C_/Pico/pico-sdk/src/rp2_common/pico_divider/divider.S.obj
                0x100036cc                __wrap___aeabi_idivmod
                0x100036cc                divmod_s32s32
                0x100036cc                div_s32s32
                0x100036cc                __wrap___aeabi_idiv
                0x100036d4                divmod_s32s32_unsafe
                0x10003700                divmod_s32s32_savestate
 .text.__wrap___aeabi_uidiv
                0x1000371c       0x4c CMakeFiles/train_cpu_test.dir/C_/Pico/pico-sdk/src/rp2_common/pico_divider/divider.S.obj
                0x1000371c                __wrap___aeabi_uidiv
                0x1000371c                __wrap___aeabi_uidivmod
                0x1000371c                div_u32u32
                0x1000371c                divmod_u32u32
                0x10003724                divmod_u32u32_unsafe
                0x1000374c                divmod_u32u32_savestate
 .text.__wrap___aeabi_ldiv
                0x10003768      0x434 CMakeFiles/train_cpu_test.dir/C_/Pico/pico-sdk/src/rp2_common/pico_divider/divider.S.obj
                0x10003768                div_s64s64
                0x10003768                divmod_s64s64
                0x10003768                __wrap___aeabi_ldivmod
                0x100037a0                divmod_u64u64
                0x100037a0                div_u64u64
                0x100037a0                __wrap___aeabi_uldivmod
                0x100037b0                divmod_u64u64_savestate
                0x100037d8                divmod_s64s64_unsafe
                0x10003860                divmod_u64u64_unsafe
 .text.__wrap___aeabi_darithmetic
                0x10003b9c       0x80 CMakeFiles/train_cpu_test.dir/C_/Pico/pico-sdk/src/rp2_common/pico_double/double_aeabi.S.obj
                0x10003b9c                __wrap___aeabi_drsub
                0x10003ba2                __wrap___aeabi_dsub
                0x10003bb4                __wrap___aeabi_dadd
                0x10003bc6                __wrap___aeabi_ddiv
                0x10003c02                __wrap___aeabi_dmul
 .text.__wrap___aeabi_cdcmple
                0x10003c1c       0x6c CMakeFiles/train_cpu_test.dir/C_/Pico/pico-sdk/src/rp2_common/pico_double/double_aeabi.S.obj
                0x10003c1c                __wrap___aeabi_cdrcmple
                0x10003c2c                __wrap___aeabi_cdcmpeq
                0x10003c2c                __wrap___aeabi_cdcmple
 .text.__wrap___aeabi_dcmpeq
                0x10003c88       0x10 CMakeFiles/train_cpu_test.dir/C_/Pico/pico-sdk/src/rp2_common/pico_double/double_aeabi.S.obj
                0x10003c88                __wrap___aeabi_dcmpeq
 .text.__wrap___aeabi_dcmplt
                0x10003c98        0xc CMakeFiles/train_cpu_test.dir/C_/Pico/pico-sdk/src/rp2_common/pico_double/double_aeabi.S.obj
                0x10003c98                __wrap___aeabi_dcmplt
 .text.__wrap___aeabi_dcmple
                0x10003ca4       0x10 CMakeFiles/train_cpu_test.dir/C_/Pico/pico-sdk/src/rp2_common/pico_double/double_aeabi.S.obj
                0x10003ca4                __wrap___aeabi_dcmple
 .text.__wrap___aeabi_dcmpge
                0x10003cb4       0x10 CMakeFiles/train_cpu_test.dir/C_/Pico/pico-sdk/src/rp2_common/pico_double/double_aeabi.S.obj
                0x10003cb4                __wrap___aeabi_dcmpge
 .text.__wrap___aeabi_dcmpgt
                0x10003cc4        0xa CMakeFiles/train_cpu_test.dir/C_/Pico/pico-sdk/src/rp2_common/pico_double/double_aeabi.S.obj
                0x10003cc4                __wrap___aeabi_dcmpgt
 .text.__wrap___aeabi_dcmpun
                0x10003cce       0x1c CMakeFiles/train_cpu_test.dir/C_/Pico/pico-sdk/src/rp2_common/pico_double/double_aeabi.S.obj
                0x10003cce                __wrap___aeabi_dcmpun
 *fill*         0x10003cea        0x2 
 .text.__wrap___aeabi_i2d
                0x10003cec       0x38 CMakeFiles/train_cpu_test.dir/C_/Pico/pico-sdk/src/rp2_common/pico_double/double_aeabi.S.obj
                0x10003cec                __wrap___aeabi_ui2d
                0x10003cf4                __wrap___aeabi_i2d
 .text.__wrap___aeabi_d2iz
                0x10003d24       0x48 CMakeFiles/train_cpu_test.dir/C_/Pico/pico-sdk/src/rp2_common/pico_double/double_aeabi.S.obj
                0x10003d24                double2int_z
                0x10003d24                __wrap___aeabi_d2iz
 .text.__wrap___aeabi_d2uiz
                0x10003d6c       0x18 CMakeFiles/train_cpu_test.dir/C_/Pico/pico-sdk/src/rp2_common/pico_double/double_aeabi.S.obj
                0x10003d6c                __wrap___aeabi_d2uiz
                0x10003d6c                double2uint
 .text.__wrap_exp
                0x10003d84       0x18 CMakeFiles/train_cpu_test.dir/C_/Pico/pico-sdk/src/rp2_common/pico_double/double_aeabi.S.obj
                0x10003d84                __wrap_exp
 .text.__wrap_log
                0x10003d9c       0x18 CMakeFiles/train_cpu_test.dir/C_/Pico/pico-sdk/src/rp2_common/pico_double/double_aeabi.S.obj
                0x10003d9c                __wrap_log
 .text.__aeabi_double_init
                0x10003db4       0xc8 CMakeFiles/train_cpu_test.dir/C_/Pico/pico-sdk/src/rp2_common/pico_double/double_init_rom.c.obj
                0x10003db4                __aeabi_double_init
 .text.dpow_int2
                0x10003e7c       0x2c CMakeFiles/train_cpu_test.dir/C_/Pico/pico-sdk/src/rp2_common/pico_double/double_math.c.obj
 .text.dpow_1   0x10003ea8      0x2a8 CMakeFiles/train_cpu_test.dir/C_/Pico/pico-sdk/src/rp2_common/pico_double/double_math.c.obj
 .text.dpow_0   0x10004150      0x1a0 CMakeFiles/train_cpu_test.dir/C_/Pico/pico-sdk/src/rp2_common/pico_double/double_math.c.obj
 .text.__wrap_ldexp
                0x100042f0       0x50 CMakeFiles/train_cpu_test.dir/C_/Pico/pico-sdk/src/rp2_common/pico_double/double_math.c.obj
                0x100042f0                __wrap_ldexp
 .text.__wrap_round
                0x10004340       0x9c CMakeFiles/train_cpu_test.dir/C_/Pico/pico-sdk/src/rp2_common/pico_double/double_math.c.obj
                0x10004340                __wrap_round
 .text.__wrap_exp2
                0x100043dc       0xcc CMakeFiles/train_cpu_test.dir/C_/Pico/pico-sdk/src/rp2_common/pico_double/double_math.c.obj
                0x100043dc                __wrap_exp2
 .text.__wrap_pow
                0x100044a8      0x37c CMakeFiles/train_cpu_test.dir/C_/Pico/pico-sdk/src/rp2_common/pico_double/double_math.c.obj
                0x100044a8                __wrap_pow
 .text.double_table_shim_on_use_helper
                0x10004824       0x34 CMakeFiles/train_cpu_test.dir/C_/Pico/pico-sdk/src/rp2_common/pico_double/double_v1_rom_shim.S.obj
                0x10004824                double_table_shim_on_use_helper
 .text.__wrap___aeabi_dsub
                0x10004858       0x10 CMakeFiles/train_cpu_test.dir/C_/Pico/pico-sdk/src/rp2_common/pico_double/double_v1_rom_shim.S.obj
                0x10004858                drsub_shim
                0x1000485e                dsub_shim
 .text.dadd_shim
                0x10004868      0x15c CMakeFiles/train_cpu_test.dir/C_/Pico/pico-sdk/src/rp2_common/pico_double/double_v1_rom_shim.S.obj
                0x10004868                dadd_shim
 .text.dmul_shim
                0x100049c4      0x15c CMakeFiles/train_cpu_test.dir/C_/Pico/pico-sdk/src/rp2_common/pico_double/double_v1_rom_shim.S.obj
                0x100049c4                dmul_shim
 .text.ddiv_shim
                0x10004b20      0x1b0 CMakeFiles/train_cpu_test.dir/C_/Pico/pico-sdk/src/rp2_common/pico_double/double_v1_rom_shim.S.obj
                0x10004b20                ddiv_shim
 .text.double2uint_shim
                0x10004cd0        0xe CMakeFiles/train_cpu_test.dir/C_/Pico/pico-sdk/src/rp2_common/pico_double/double_v1_rom_shim.S.obj
                0x10004cd0                double2uint_shim
                0x10004cd2                double2ufix_shim
 *fill*         0x10004cde        0x2 
 .text.double2uint64_shim
                0x10004ce0       0x70 CMakeFiles/train_cpu_test.dir/C_/Pico/pico-sdk/src/rp2_common/pico_double/double_v1_rom_shim.S.obj
                0x10004ce0                double2uint64_shim
                0x10004ce2                double2ufix64_shim
                0x10004d02                d2fix_a
 .text.x2double_shims
                0x10004d50       0x90 CMakeFiles/train_cpu_test.dir/C_/Pico/pico-sdk/src/rp2_common/pico_double/double_v1_rom_shim.S.obj
                0x10004d50                uint2double_shim
                0x10004d52                ufix2double_shim
                0x10004d58                int2double_shim
                0x10004d5a                fix2double_shim
                0x10004d60                uint642double_shim
                0x10004d62                ufix642double_shim
                0x10004d68                int642double_shim
                0x10004d6a                fix642double_shim
 .text.dunpacks
                0x10004de0       0x3c CMakeFiles/train_cpu_test.dir/C_/Pico/pico-sdk/src/rp2_common/pico_double/double_v1_rom_shim.S.obj
                0x10004de0                dunpacks
 .text.dreduce  0x10004e1c       0x82 CMakeFiles/train_cpu_test.dir/C_/Pico/pico-sdk/src/rp2_common/pico_double/double_v1_rom_shim.S.obj
                0x10004e1c                dreduce
 *fill*         0x10004e9e        0x2 
 .text.dexp_guts
                0x10004ea0      0x268 CMakeFiles/train_cpu_test.dir/C_/Pico/pico-sdk/src/rp2_common/pico_double/double_v1_rom_shim.S.obj
                0x10004ea0                dexp_shim
                0x10004f3c                dln_shim
 .text.__aeabi_float_init
                0x10005108       0xfc CMakeFiles/train_cpu_test.dir/C_/Pico/pico-sdk/src/rp2_common/pico_float/float_init_rom.c.obj
                0x10005108                __aeabi_float_init
 .text.float_table_shim_on_use_helper
                0x10005204       0x34 CMakeFiles/train_cpu_test.dir/C_/Pico/pico-sdk/src/rp2_common/pico_float/float_v1_rom_shim.S.obj
                0x10005204                float_table_shim_on_use_helper
 .text          0x10005238       0x10 CMakeFiles/train_cpu_test.dir/C_/Pico/pico-sdk/src/rp2_common/pico_mem_ops/mem_ops_aeabi.S.obj
                0x10005238                __aeabi_mem_init
 .text.memset   0x10005248        0xc CMakeFiles/train_cpu_test.dir/C_/Pico/pico-sdk/src/rp2_common/pico_mem_ops/mem_ops_aeabi.S.obj
                0x10005248                __wrap_memset
 .text.memcpy   0x10005254        0xc CMakeFiles/train_cpu_test.dir/C_/Pico/pico-sdk/src/rp2_common/pico_mem_ops/mem_ops_aeabi.S.obj
                0x10005254                __wrap_memcpy
                0x10005254                __wrap___aeabi_memcpy
 .text.stdio_out_chars_no_crlf
                0x10005260        0xe CMakeFiles/train_cpu_test.dir/C_/Pico/pico-sdk/src/rp2_common/pico_stdio/stdio.c.obj
 *fill*         0x1000526e        0x2 
 .text.stdio_out_chars_crlf
                0x10005270       0x80 CMakeFiles/train_cpu_test.dir/C_/Pico/pico-sdk/src/rp2_common/pico_stdio/stdio.c.obj
 .text.stdio_stack_buffer_flush
                0x100052f0       0x44 CMakeFiles/train_cpu_test.dir/C_/Pico/pico-sdk/src/rp2_common/pico_stdio/stdio.c.obj
 .text.stdio_buffered_printer
                0x10005334       0x20 CMakeFiles/train_cpu_test.dir/C_/Pico/pico-sdk/src/rp2_common/pico_stdio/stdio.c.obj
 .text.stdout_serialize_begin
                0x10005354       0x30 CMakeFiles/train_cpu_test.dir/C_/Pico/pico-sdk/src/rp2_common/pico_stdio/stdio.c.obj
                0x10005354                stdout_serialize_begin
 .text.stdout_serialize_end
                0x10005384       0x10 CMakeFiles/train_cpu_test.dir/C_/Pico/pico-sdk/src/rp2_common/pico_stdio/stdio.c.obj
                0x10005384                stdout_serialize_end
 .text.stdio_put_string
                0x10005394       0x98 CMakeFiles/train_cpu_test.dir/C_/Pico/pico-sdk/src/rp2_common/pico_stdio/stdio.c.obj
 .text.__wrap_putchar
                0x1000542c       0x1c CMakeFiles/train_cpu_test.dir/C_/Pico/pico-sdk/src/rp2_common/pico_stdio/stdio.c.obj
                0x1000542c                __wrap_putchar
 .text.stdio_set_driver_enabled
                0x10005448       0x2c CMakeFiles/train_cpu_test.dir/C_/Pico/pico-sdk/src/rp2_common/pico_stdio/stdio.c.obj
                0x10005448                stdio_set_driver_enabled
 .text.stdio_flush
                0x10005474       0x20 CMakeFiles/train_cpu_test.dir/C_/Pico/pico-sdk/src/rp2_common/pico_stdio/stdio.c.obj
                0x10005474                stdio_flush
 .text.__wrap_puts
                0x10005494       0x1e CMakeFiles/train_cpu_test.dir/C_/Pico/pico-sdk/src/rp2_common/pico_stdio/stdio.c.obj
                0x10005494                __wrap_puts
 *fill*         0x100054b2        0x2 
 .text.__wrap_vprintf
                0x100054b4       0x44 CMakeFiles/train_cpu_test.dir/C_/Pico/pico-sdk/src/rp2_common/pico_stdio/stdio.c.obj
                0x100054b4                __wrap_vprintf
 .text.__wrap_printf
                0x100054f8       0x18 CMakeFiles/train_cpu_test.dir/C_/Pico/pico-sdk/src/rp2_common/pico_stdio/stdio.c.obj
                0x100054f8                __wrap_printf
 .text.stdio_init_all
                0x10005510        0x8 CMakeFiles/train_cpu_test.dir/C_/Pico/pico-sdk/src/rp2_common/pico_stdio/stdio.c.obj
                0x10005510                stdio_init_all
 .text.stdio_uart_out_chars
                0x10005518       0x74 CMakeFiles/train_cpu_test.dir/C_/Pico/pico-sdk/src/rp2_common/pico_stdio_uart/stdio_uart.c.obj
 .text.stdio_uart_in_chars
                0x1000558c       0x58 CMakeFiles/train_cpu_test.dir/C_/Pico/pico-sdk/src/rp2_common/pico_stdio_uart/stdio_uart.c.obj
                0x1000558c                stdio_uart_in_chars
 .text.stdio_uart_init_full
                0x100055e4       0x3c CMakeFiles/train_cpu_test.dir/C_/Pico/pico-sdk/src/rp2_common/pico_stdio_uart/stdio_uart.c.obj
                0x100055e4                stdio_uart_init_full
 .text.stdio_uart_init
                0x10005620       0x28 CMakeFiles/train_cpu_test.dir/C_/Pico/pico-sdk/src/rp2_common/pico_stdio_uart/stdio_uart.c.obj
                0x10005620                stdio_uart_init
 .text.strlen   0x10005648       0x5c c:/progra~2/gnuarm~1/102021~1.07/bin/../lib/gcc/arm-none-eabi/10.3.1/../../../../arm-none-eabi/lib/thumb/v6-m/nofp\libg.a(lib_a-strlen-stub.o)
                0x10005648                strlen
 *(.fini)
 .fini          0x100056a4        0x4 c:/progra~2/gnuarm~1/102021~1.07/bin/../lib/gcc/arm-none-eabi/10.3.1/thumb/v6-m/nofp/crti.o
                0x100056a4                _fini
 .fini.__stub   0x100056a8       0x60 linker stubs
 *crtbegin.o(.ctors)
 *crtbegin?.o(.ctors)
 *(EXCLUDE_FILE(*crtend.o *crtend?.o) .ctors)
 *(SORT_BY_NAME(.ctors.*))
 *(.ctors)
 *crtbegin.o(.dtors)
 *crtbegin?.o(.dtors)
 *(EXCLUDE_FILE(*crtend.o *crtend?.o) .dtors)
 *(SORT_BY_NAME(.dtors.*))
 *(.dtors)
 *(.eh_frame*)
 .eh_frame      0x10005708        0x0 c:/progra~2/gnuarm~1/102021~1.07/bin/../lib/gcc/arm-none-eabi/10.3.1/thumb/v6-m/nofp/crtbegin.o
                0x10005708                . = ALIGN (0x4)

.glue_7         0x10005708        0x0
 .glue_7        0x10005708        0x0 linker stubs

.glue_7t        0x10005708        0x0
 .glue_7t       0x10005708        0x0 linker stubs

.vfp11_veneer   0x10005708        0x0
 .vfp11_veneer  0x10005708        0x0 linker stubs

.v4_bx          0x10005708        0x0
 .v4_bx         0x10005708        0x0 linker stubs

.iplt           0x10005708        0x0
 .iplt          0x10005708        0x0 c:/progra~2/gnuarm~1/102021~1.07/bin/../lib/gcc/arm-none-eabi/10.3.1/thumb/v6-m/nofp/crtbegin.o

.rodata         0x10005708      0xf94
 *(EXCLUDE_FILE(*libm.a: *libc.a:*lib_a-mem*.o *libgcc.a:) .rodata*)
 .rodata.check_input_start.str1.4
                0x10005708       0x2d CMakeFiles/train_cpu_test.dir/train_cpu_test.c.obj
 *fill*         0x10005735        0x3 
 .rodata.store_command.str1.4
                0x10005738       0x11 CMakeFiles/train_cpu_test.dir/train_cpu_test.c.obj
 *fill*         0x10005749        0x3 
 .rodata.program_display.str1.4
                0x1000574c       0x46 CMakeFiles/train_cpu_test.dir/train_cpu_test.c.obj
 *fill*         0x10005792        0x2 
 .rodata.mov.str1.4
                0x10005794       0x3d CMakeFiles/train_cpu_test.dir/train_cpu_test.c.obj
 *fill*         0x100057d1        0x3 
 .rodata.sub.str1.4
                0x100057d4       0x35 CMakeFiles/train_cpu_test.dir/train_cpu_test.c.obj
 *fill*         0x10005809        0x3 
 .rodata.mul.str1.4
                0x1000580c       0x23 CMakeFiles/train_cpu_test.dir/train_cpu_test.c.obj
 *fill*         0x1000582f        0x1 
 .rodata.cmp.str1.4
                0x10005830       0x4d CMakeFiles/train_cpu_test.dir/train_cpu_test.c.obj
 *fill*         0x1000587d        0x3 
 .rodata.blt.str1.4
                0x10005880       0x11 CMakeFiles/train_cpu_test.dir/train_cpu_test.c.obj
 *fill*         0x10005891        0x3 
 .rodata.b.str1.4
                0x10005894        0xb CMakeFiles/train_cpu_test.dir/train_cpu_test.c.obj
 *fill*         0x1000589f        0x1 
 .rodata.out.str1.4
                0x100058a0       0x11 CMakeFiles/train_cpu_test.dir/train_cpu_test.c.obj
 *fill*         0x100058b1        0x3 
 .rodata.main   0x100058b4       0x28 CMakeFiles/train_cpu_test.dir/train_cpu_test.c.obj
 .rodata.make_branch.str1.4
                0x100058dc       0x63 CMakeFiles/train_cpu_test.dir/C_/Pico/pico-sdk/src/rp2_common/hardware_irq/irq.c.obj
 *fill*         0x1000593f        0x1 
 .rodata.insert_branch_and_link.str1.4
                0x10005940       0x10 CMakeFiles/train_cpu_test.dir/C_/Pico/pico-sdk/src/rp2_common/hardware_irq/irq.c.obj
 .rodata.irq_set_exclusive_handler.str1.4
                0x10005950       0x36 CMakeFiles/train_cpu_test.dir/C_/Pico/pico-sdk/src/rp2_common/hardware_irq/irq.c.obj
 *fill*         0x10005986        0x2 
 .rodata.irq_add_shared_handler.str1.4
                0x10005988       0xd9 CMakeFiles/train_cpu_test.dir/C_/Pico/pico-sdk/src/rp2_common/hardware_irq/irq.c.obj
 *fill*         0x10005a61        0x3 
 .rodata.irq_remove_handler.str1.4
                0x10005a64       0x2a CMakeFiles/train_cpu_test.dir/C_/Pico/pico-sdk/src/rp2_common/hardware_irq/irq.c.obj
 *fill*         0x10005a8e        0x2 
 .rodata.irq_add_tail_to_free_list.str1.4
                0x10005a90       0x3a CMakeFiles/train_cpu_test.dir/C_/Pico/pico-sdk/src/rp2_common/hardware_irq/irq.c.obj
 *fill*         0x10005aca        0x2 
 .rodata.__func__.0
                0x10005acc       0x1a CMakeFiles/train_cpu_test.dir/C_/Pico/pico-sdk/src/rp2_common/hardware_irq/irq.c.obj
 *fill*         0x10005ae6        0x2 
 .rodata.__func__.1
                0x10005ae8       0x17 CMakeFiles/train_cpu_test.dir/C_/Pico/pico-sdk/src/rp2_common/hardware_irq/irq.c.obj
 *fill*         0x10005aff        0x1 
 .rodata.__func__.2
                0x10005b00       0x13 CMakeFiles/train_cpu_test.dir/C_/Pico/pico-sdk/src/rp2_common/hardware_irq/irq.c.obj
 *fill*         0x10005b13        0x1 
 .rodata.__func__.3
                0x10005b14        0xc CMakeFiles/train_cpu_test.dir/C_/Pico/pico-sdk/src/rp2_common/hardware_irq/irq.c.obj
 .rodata.__func__.4
                0x10005b20        0xf CMakeFiles/train_cpu_test.dir/C_/Pico/pico-sdk/src/rp2_common/hardware_irq/irq.c.obj
 *fill*         0x10005b2f        0x1 
 .rodata.__func__.6
                0x10005b30       0x1a CMakeFiles/train_cpu_test.dir/C_/Pico/pico-sdk/src/rp2_common/hardware_irq/irq.c.obj
 *fill*         0x10005b4a        0x2 
 .rodata.repeating_timer_callback.str1.4
                0x10005b4c       0x41 CMakeFiles/train_cpu_test.dir/C_/Pico/pico-sdk/src/common/pico_time/time.c.obj
 *fill*         0x10005b8d        0x3 
 .rodata.alarm_pool_dump_key.str1.4
                0x10005b90       0x33 CMakeFiles/train_cpu_test.dir/C_/Pico/pico-sdk/src/common/pico_time/time.c.obj
 *fill*         0x10005bc3        0x1 
 .rodata.ph_add_child_node.str1.4
                0x10005bc4       0x8a CMakeFiles/train_cpu_test.dir/C_/Pico/pico-sdk/src/common/pico_time/time.c.obj
 *fill*         0x10005c4e        0x2 
 .rodata.add_alarm_under_lock.str1.4
                0x10005c50       0x28 CMakeFiles/train_cpu_test.dir/C_/Pico/pico-sdk/src/common/pico_time/time.c.obj
                                 0x2b (size before relaxing)
 .rodata.alarm_pool_alarm_callback.str1.4
                0x10005c78       0xda CMakeFiles/train_cpu_test.dir/C_/Pico/pico-sdk/src/common/pico_time/time.c.obj
 *fill*         0x10005d52        0x2 
 .rodata.__func__.10
                0x10005d54       0x15 CMakeFiles/train_cpu_test.dir/C_/Pico/pico-sdk/src/common/pico_time/time.c.obj
 *fill*         0x10005d69        0x3 
 .rodata.__func__.11
                0x10005d6c       0x1a CMakeFiles/train_cpu_test.dir/C_/Pico/pico-sdk/src/common/pico_time/time.c.obj
 *fill*         0x10005d86        0x2 
 .rodata.__func__.12
                0x10005d88        0xa CMakeFiles/train_cpu_test.dir/C_/Pico/pico-sdk/src/common/pico_time/time.c.obj
 *fill*         0x10005d92        0x2 
 .rodata.__func__.4
                0x10005d94       0x12 CMakeFiles/train_cpu_test.dir/C_/Pico/pico-sdk/src/common/pico_time/time.c.obj
 *fill*         0x10005da6        0x2 
 .rodata.__func__.5
                0x10005da8        0xd CMakeFiles/train_cpu_test.dir/C_/Pico/pico-sdk/src/common/pico_time/time.c.obj
 *fill*         0x10005db5        0x3 
 .rodata.__func__.6
                0x10005db8       0x12 CMakeFiles/train_cpu_test.dir/C_/Pico/pico-sdk/src/common/pico_time/time.c.obj
 *fill*         0x10005dca        0x2 
 .rodata.__func__.7
                0x10005dcc        0xf CMakeFiles/train_cpu_test.dir/C_/Pico/pico-sdk/src/common/pico_time/time.c.obj
 *fill*         0x10005ddb        0x1 
 .rodata.__func__.8
                0x10005ddc        0xc CMakeFiles/train_cpu_test.dir/C_/Pico/pico-sdk/src/common/pico_time/time.c.obj
 .rodata.__func__.9
                0x10005de8       0x15 CMakeFiles/train_cpu_test.dir/C_/Pico/pico-sdk/src/common/pico_time/time.c.obj
 *fill*         0x10005dfd        0x3 
 .rodata.hardware_alarm_claim.str1.4
                0x10005e00       0x22 CMakeFiles/train_cpu_test.dir/C_/Pico/pico-sdk/src/rp2_common/hardware_timer/timer.c.obj
 *fill*         0x10005e22        0x2 
 .rodata.hardware_alarm_set_target.str1.4
                0x10005e24       0x5b CMakeFiles/train_cpu_test.dir/C_/Pico/pico-sdk/src/rp2_common/hardware_timer/timer.c.obj
 *fill*         0x10005e7f        0x1 
 .rodata.__func__.0
                0x10005e80       0x1a CMakeFiles/train_cpu_test.dir/C_/Pico/pico-sdk/src/rp2_common/hardware_timer/timer.c.obj
 .rodata.ph_add_child_node.str1.4
                0x10005e9a       0x8a CMakeFiles/train_cpu_test.dir/C_/Pico/pico-sdk/src/common/pico_util/pheap.c.obj
 *fill*         0x10005e9a        0x2 
 .rodata.ph_remove_any_head.str1.4
                0x10005e9c       0x84 CMakeFiles/train_cpu_test.dir/C_/Pico/pico-sdk/src/common/pico_util/pheap.c.obj
 .rodata.ph_remove_and_free_node.str1.4
                0x10005f20       0x1e CMakeFiles/train_cpu_test.dir/C_/Pico/pico-sdk/src/common/pico_util/pheap.c.obj
                                 0x26 (size before relaxing)
 *fill*         0x10005f3e        0x2 
 .rodata.__func__.0
                0x10005f40       0x18 CMakeFiles/train_cpu_test.dir/C_/Pico/pico-sdk/src/common/pico_util/pheap.c.obj
 .rodata.__func__.1
                0x10005f58       0x13 CMakeFiles/train_cpu_test.dir/C_/Pico/pico-sdk/src/common/pico_util/pheap.c.obj
 *fill*         0x10005f6b        0x1 
 .rodata.__func__.2
                0x10005f6c       0x12 CMakeFiles/train_cpu_test.dir/C_/Pico/pico-sdk/src/common/pico_util/pheap.c.obj
 *fill*         0x10005f7e        0x2 
 .rodata.__func__.3
                0x10005f80        0xc CMakeFiles/train_cpu_test.dir/C_/Pico/pico-sdk/src/common/pico_util/pheap.c.obj
 .rodata.str1.4
                0x10005f8c       0x81 CMakeFiles/train_cpu_test.dir/C_/Pico/pico-sdk/src/common/pico_sync/mutex.c.obj
                                 0xd9 (size before relaxing)
 *fill*         0x1000600d        0x3 
 .rodata.__func__.1
                0x10006010        0xb CMakeFiles/train_cpu_test.dir/C_/Pico/pico-sdk/src/common/pico_sync/mutex.c.obj
 *fill*         0x1000601b        0x1 
 .rodata.__assert_func.str1.4
                0x1000601c       0x3f CMakeFiles/train_cpu_test.dir/C_/Pico/pico-sdk/src/rp2_common/pico_runtime/runtime.c.obj
                                 0x43 (size before relaxing)
 *fill*         0x1000605b        0x1 
 .rodata.runtime_init.str1.4
                0x1000605c       0x57 CMakeFiles/train_cpu_test.dir/C_/Pico/pico-sdk/src/rp2_common/pico_runtime/runtime.c.obj
 *fill*         0x100060b3        0x1 
 .rodata.panic.str1.4
                0x100060b4       0x10 CMakeFiles/train_cpu_test.dir/C_/Pico/pico-sdk/src/rp2_common/pico_runtime/runtime.c.obj
                                 0x12 (size before relaxing)
 .rodata.__func__.1
                0x100060c4        0xd CMakeFiles/train_cpu_test.dir/C_/Pico/pico-sdk/src/rp2_common/pico_runtime/runtime.c.obj
 *fill*         0x100060d1        0x3 
 .rodata.clock_configure.str1.4
                0x100060d4       0x4d CMakeFiles/train_cpu_test.dir/C_/Pico/pico-sdk/src/rp2_common/hardware_clocks/clocks.c.obj
 *fill*         0x10006121        0x3 
 .rodata.__func__.1
                0x10006124       0x10 CMakeFiles/train_cpu_test.dir/C_/Pico/pico-sdk/src/rp2_common/hardware_clocks/clocks.c.obj
 .rodata.pll_init.str1.4
                0x10006134      0x12f CMakeFiles/train_cpu_test.dir/C_/Pico/pico-sdk/src/rp2_common/hardware_pll/pll.c.obj
 *fill*         0x10006263        0x1 
 .rodata.__func__.0
                0x10006264        0x9 CMakeFiles/train_cpu_test.dir/C_/Pico/pico-sdk/src/rp2_common/hardware_pll/pll.c.obj
 *fill*         0x1000626d        0x3 
 .rodata._ftoa.str1.4
                0x10006270       0x15 CMakeFiles/train_cpu_test.dir/C_/Pico/pico-sdk/src/rp2_common/pico_printf/printf.c.obj
 *fill*         0x10006285        0x3 
 .rodata._vsnprintf
                0x10006288      0x1e0 CMakeFiles/train_cpu_test.dir/C_/Pico/pico-sdk/src/rp2_common/pico_printf/printf.c.obj
 .rodata.pow10.0
                0x10006468       0x50 CMakeFiles/train_cpu_test.dir/C_/Pico/pico-sdk/src/rp2_common/pico_printf/printf.c.obj
 .rodata.__aeabi_double_init.str1.4
                0x100064b8       0x9e CMakeFiles/train_cpu_test.dir/C_/Pico/pico-sdk/src/rp2_common/pico_double/double_init_rom.c.obj
 *fill*         0x10006556        0x2 
 .rodata.__func__.0
                0x10006558       0x14 CMakeFiles/train_cpu_test.dir/C_/Pico/pico-sdk/src/rp2_common/pico_double/double_init_rom.c.obj
 .rodata.__aeabi_float_init.str1.4
                0x1000656c       0x70 CMakeFiles/train_cpu_test.dir/C_/Pico/pico-sdk/src/rp2_common/pico_float/float_init_rom.c.obj
                                 0x74 (size before relaxing)
 .rodata.__func__.0
                0x100065dc       0x13 CMakeFiles/train_cpu_test.dir/C_/Pico/pico-sdk/src/rp2_common/pico_float/float_init_rom.c.obj
 *fill*         0x100065ef        0x1 
 .rodata.str1.4
                0x100065f0       0x44 CMakeFiles/train_cpu_test.dir/C_/Pico/pico-sdk/src/rp2_common/pico_standard_link/binary_info.c.obj
 .rodata.__bi_44
                0x10006634        0xc CMakeFiles/train_cpu_test.dir/C_/Pico/pico-sdk/src/rp2_common/pico_standard_link/binary_info.c.obj
 .rodata.__bi_75
                0x10006640        0xc CMakeFiles/train_cpu_test.dir/C_/Pico/pico-sdk/src/rp2_common/pico_standard_link/binary_info.c.obj
 .rodata.__bi_81
                0x1000664c        0xc CMakeFiles/train_cpu_test.dir/C_/Pico/pico-sdk/src/rp2_common/pico_standard_link/binary_info.c.obj
 .rodata.crlf_str.3
                0x10006658        0x2 CMakeFiles/train_cpu_test.dir/C_/Pico/pico-sdk/src/rp2_common/pico_stdio/stdio.c.obj
 *fill*         0x1000665a        0x2 
 .rodata.str1.4
                0x1000665c       0x2c CMakeFiles/train_cpu_test.dir/C_/Pico/pico-sdk/src/rp2_common/pico_stdio_uart/stdio_uart.c.obj
 .rodata.__bi_28.4
                0x10006688        0xc CMakeFiles/train_cpu_test.dir/C_/Pico/pico-sdk/src/rp2_common/pico_stdio_uart/stdio_uart.c.obj
 .rodata.__bi_29.5
                0x10006694        0x8 CMakeFiles/train_cpu_test.dir/C_/Pico/pico-sdk/src/rp2_common/pico_stdio_uart/stdio_uart.c.obj
                0x1000669c                . = ALIGN (0x4)
 *(SORT_BY_ALIGNMENT(SORT_BY_NAME(.flashdata*)))
                0x1000669c                . = ALIGN (0x4)

.rel.dyn        0x1000669c        0x0
 .rel.iplt      0x1000669c        0x0 c:/progra~2/gnuarm~1/102021~1.07/bin/../lib/gcc/arm-none-eabi/10.3.1/thumb/v6-m/nofp/crtbegin.o

.ARM.extab
 *(.ARM.extab* .gnu.linkonce.armextab.*)
                0x1000669c                __exidx_start = .

.ARM.exidx
 *(.ARM.exidx* .gnu.linkonce.armexidx.*)
                0x1000669c                __exidx_end = .
                0x1000669c                . = ALIGN (0x4)
                0x1000669c                __binary_info_start = .

.binary_info    0x1000669c       0x24
 *(.binary_info.keep.*)
 .binary_info.keep.__bi_ptr22
                0x1000669c        0x4 CMakeFiles/train_cpu_test.dir/C_/Pico/pico-sdk/src/rp2_common/pico_standard_link/binary_info.c.obj
 .binary_info.keep.__bi_ptr30
                0x100066a0        0x4 CMakeFiles/train_cpu_test.dir/C_/Pico/pico-sdk/src/rp2_common/pico_standard_link/binary_info.c.obj
 .binary_info.keep.__bi_ptr38
                0x100066a4        0x4 CMakeFiles/train_cpu_test.dir/C_/Pico/pico-sdk/src/rp2_common/pico_standard_link/binary_info.c.obj
 .binary_info.keep.__bi_ptr44
                0x100066a8        0x4 CMakeFiles/train_cpu_test.dir/C_/Pico/pico-sdk/src/rp2_common/pico_standard_link/binary_info.c.obj
 .binary_info.keep.__bi_ptr50
                0x100066ac        0x4 CMakeFiles/train_cpu_test.dir/C_/Pico/pico-sdk/src/rp2_common/pico_standard_link/binary_info.c.obj
 .binary_info.keep.__bi_ptr75
                0x100066b0        0x4 CMakeFiles/train_cpu_test.dir/C_/Pico/pico-sdk/src/rp2_common/pico_standard_link/binary_info.c.obj
 .binary_info.keep.__bi_ptr81
                0x100066b4        0x4 CMakeFiles/train_cpu_test.dir/C_/Pico/pico-sdk/src/rp2_common/pico_standard_link/binary_info.c.obj
 *(.binary_info.*)
 .binary_info.__bi_ptr28
                0x100066b8        0x4 CMakeFiles/train_cpu_test.dir/C_/Pico/pico-sdk/src/rp2_common/pico_stdio_uart/stdio_uart.c.obj
 .binary_info.__bi_ptr29
                0x100066bc        0x4 CMakeFiles/train_cpu_test.dir/C_/Pico/pico-sdk/src/rp2_common/pico_stdio_uart/stdio_uart.c.obj
                0x100066c0                __binary_info_end = .
                0x100066c0                . = ALIGN (0x4)
                0x100066c0                __etext = .

.ram_vector_table
                0x20000000       0xc0
 *(.ram_vector_table)
 .ram_vector_table
                0x20000000       0xc0 CMakeFiles/train_cpu_test.dir/C_/Pico/pico-sdk/src/rp2_common/pico_runtime/runtime.c.obj
                0x20000000                ram_vector_table

.data           0x200000c0      0x340 load address 0x100066c0
                0x200000c0                __data_start__ = .
 *(vtable)
 *(.time_critical*)
 .time_critical.mutex_enter_blocking
                0x200000c0       0x48 CMakeFiles/train_cpu_test.dir/C_/Pico/pico-sdk/src/common/pico_sync/mutex.c.obj
                0x200000c0                mutex_enter_blocking
 .time_critical.mutex_try_enter
                0x20000108       0x46 CMakeFiles/train_cpu_test.dir/C_/Pico/pico-sdk/src/common/pico_sync/mutex.c.obj
                0x20000108                mutex_try_enter
 *fill*         0x2000014e        0x2 
 .time_critical.mutex_exit
                0x20000150       0x4c CMakeFiles/train_cpu_test.dir/C_/Pico/pico-sdk/src/common/pico_sync/mutex.c.obj
                0x20000150                mutex_exit
 *(.text*)
 .text          0x2000019c        0x4 c:/progra~2/gnuarm~1/102021~1.07/bin/../lib/gcc/arm-none-eabi/10.3.1/thumb/v6-m/nofp\libgcc.a(_dvmd_tls.o)
                0x2000019c                __aeabi_idiv0
                0x2000019c                __aeabi_ldiv0
 .text.__stub   0x200001a0       0x10 linker stubs
                0x200001b0                . = ALIGN (0x4)
 *(.rodata*)
                0x200001b0                . = ALIGN (0x4)
 *(.data*)
 .data.sProgram_memory
                0x200001b0      0x180 CMakeFiles/train_cpu_test.dir/train_cpu_test.c.obj
                0x200001b0                sProgram_memory
 .data.striped_spin_lock_num
                0x20000330        0x1 CMakeFiles/train_cpu_test.dir/C_/Pico/pico-sdk/src/rp2_common/hardware_sync/sync.c.obj
 *fill*         0x20000331        0x3 
 .data          0x20000334       0x48 CMakeFiles/train_cpu_test.dir/C_/Pico/pico-sdk/src/rp2_common/hardware_irq/irq_handler_chain.S.obj
                0x20000334                irq_handler_chain_slots
                0x20000364                irq_handler_chain_first_slot
                0x2000036e                irq_handler_chain_remove_tail
 .data.default_alarm_pool
                0x2000037c       0x18 CMakeFiles/train_cpu_test.dir/C_/Pico/pico-sdk/src/common/pico_time/time.c.obj
 .data.default_alarm_pool_heap
                0x20000394       0x10 CMakeFiles/train_cpu_test.dir/C_/Pico/pico-sdk/src/common/pico_time/time.c.obj
 *fill*         0x200003a4        0xc 
 .data.aeabi_bits_funcs
                0x200003b0       0x10 CMakeFiles/train_cpu_test.dir/C_/Pico/pico-sdk/src/rp2_common/pico_bit_ops/bit_ops_aeabi.S.obj
                0x200003b0                aeabi_bits_funcs
                0x200003c0                aeabi_bits_funcs_end
 .data.aeabi_mem_funcs
                0x200003c0       0x10 CMakeFiles/train_cpu_test.dir/C_/Pico/pico-sdk/src/rp2_common/pico_mem_ops/mem_ops_aeabi.S.obj
                0x200003c0                aeabi_mem_funcs
                0x200003d0                aeabi_mem_funcs_end
 .data.stdio_uart
                0x200003d0       0x14 CMakeFiles/train_cpu_test.dir/C_/Pico/pico-sdk/src/rp2_common/pico_stdio_uart/stdio_uart.c.obj
                0x200003d0                stdio_uart
                0x200003e4                . = ALIGN (0x4)
 *(.after_data.*)
                0x200003e4                . = ALIGN (0x4)
                0x200003e4                PROVIDE (__mutex_array_start = .)
 *(SORT_BY_NAME(.mutex_array.*))
 *(.mutex_array)
 .mutex_array   0x200003e4        0x8 CMakeFiles/train_cpu_test.dir/C_/Pico/pico-sdk/src/rp2_common/pico_stdio/stdio.c.obj
                0x200003ec                PROVIDE (__mutex_array_end = .)
                0x200003ec                . = ALIGN (0x4)
                0x200003ec                PROVIDE (__preinit_array_start = .)
 *(SORT_BY_NAME(.preinit_array.*))
 .preinit_array.00001
                0x200003ec        0x4 CMakeFiles/train_cpu_test.dir/C_/Pico/pico-sdk/src/rp2_common/pico_mem_ops/mem_ops_aeabi.S.obj
 .preinit_array.00010
                0x200003f0        0x4 CMakeFiles/train_cpu_test.dir/C_/Pico/pico-sdk/src/rp2_common/pico_bit_ops/bit_ops_aeabi.S.obj
 .preinit_array.00020
                0x200003f4        0x4 CMakeFiles/train_cpu_test.dir/C_/Pico/pico-sdk/src/rp2_common/pico_double/double_aeabi.S.obj
 .preinit_array.00020
                0x200003f8        0x4 CMakeFiles/train_cpu_test.dir/C_/Pico/pico-sdk/src/rp2_common/pico_float/float_aeabi.S.obj
 *(.preinit_array)
                0x200003fc                PROVIDE (__preinit_array_end = .)
                0x200003fc                . = ALIGN (0x4)
                0x200003fc                PROVIDE (__init_array_start = .)
 *(SORT_BY_NAME(.init_array.*))
 *(.init_array)
 .init_array    0x200003fc        0x4 c:/progra~2/gnuarm~1/102021~1.07/bin/../lib/gcc/arm-none-eabi/10.3.1/thumb/v6-m/nofp/crtbegin.o
                0x20000400                PROVIDE (__init_array_end = .)
                0x20000400                . = ALIGN (0x4)
                [!provide]                PROVIDE (__fini_array_start = .)
 *(SORT_BY_NAME(.fini_array.*))
 *(.fini_array)
                [!provide]                PROVIDE (__fini_array_end = .)
 *(.jcr)
                0x20000400                . = ALIGN (0x4)
                0x20000400                __data_end__ = .

.igot.plt       0x20000400        0x0 load address 0x10006a00
 .igot.plt      0x20000400        0x0 c:/progra~2/gnuarm~1/102021~1.07/bin/../lib/gcc/arm-none-eabi/10.3.1/thumb/v6-m/nofp/crtbegin.o

.uninitialized_data
                0x20000400        0x0 load address 0x10006a00
                0x20000400                . = ALIGN (0x4)
 *(.uninitialized_data*)

.scratch_x      0x20040000        0x0 load address 0x10006a00
                0x20040000                __scratch_x_start__ = .
 *(.scratch_x.*)
                0x20040000                . = ALIGN (0x4)
                0x20040000                __scratch_x_end__ = .
                0x10006a00                __scratch_x_source__ = LOADADDR (.scratch_x)

.scratch_y      0x20041000        0x0 load address 0x10006a00
                0x20041000                __scratch_y_start__ = .
 *(.scratch_y.*)
                0x20041000                . = ALIGN (0x4)
                0x20041000                __scratch_y_end__ = .
                0x10006a00                __scratch_y_source__ = LOADADDR (.scratch_y)

.bss            0x20000400      0x408
                0x20000400                . = ALIGN (0x4)
                0x20000400                __bss_start__ = .
 *(SORT_BY_ALIGNMENT(SORT_BY_NAME(.bss*)))
 .bss.default_alarm_pool_entries
                0x20000400      0x100 CMakeFiles/train_cpu_test.dir/C_/Pico/pico-sdk/src/common/pico_time/time.c.obj
 .bss           0x20000500       0x1c c:/progra~2/gnuarm~1/102021~1.07/bin/../lib/gcc/arm-none-eabi/10.3.1/thumb/v6-m/nofp/crtbegin.o
 .bss.alarm_callbacks
                0x2000051c       0x10 CMakeFiles/train_cpu_test.dir/C_/Pico/pico-sdk/src/rp2_common/hardware_timer/timer.c.obj
 .bss.configured_freq
                0x2000052c       0x28 CMakeFiles/train_cpu_test.dir/C_/Pico/pico-sdk/src/rp2_common/hardware_clocks/clocks.c.obj
 .bss.default_alarm_pool_entry_ids_high
                0x20000554       0x10 CMakeFiles/train_cpu_test.dir/C_/Pico/pico-sdk/src/common/pico_time/time.c.obj
 .bss.default_alarm_pool_heap_nodes
                0x20000564       0x30 CMakeFiles/train_cpu_test.dir/C_/Pico/pico-sdk/src/common/pico_time/time.c.obj
 .bss.drivers   0x20000594        0x4 CMakeFiles/train_cpu_test.dir/C_/Pico/pico-sdk/src/rp2_common/pico_stdio/stdio.c.obj
 .bss.filter    0x20000598        0x4 CMakeFiles/train_cpu_test.dir/C_/Pico/pico-sdk/src/rp2_common/pico_stdio/stdio.c.obj
 .bss.instruction_register
                0x2000059c       0x18 CMakeFiles/train_cpu_test.dir/train_cpu_test.c.obj
                0x2000059c                instruction_register
 .bss.pools     0x200005b4       0x10 CMakeFiles/train_cpu_test.dir/C_/Pico/pico-sdk/src/common/pico_time/time.c.obj
 .bss.sGeneral_register
                0x200005c4       0x14 CMakeFiles/train_cpu_test.dir/train_cpu_test.c.obj
                0x200005c4                sGeneral_register
 .bss.sProgram_counter
                0x200005d8        0x4 CMakeFiles/train_cpu_test.dir/train_cpu_test.c.obj
                0x200005d8                sProgram_counter
 .bss.sStatus_register
                0x200005dc        0x8 CMakeFiles/train_cpu_test.dir/train_cpu_test.c.obj
                0x200005dc                sStatus_register
 .bss.sd_table  0x200005e4      0x100 CMakeFiles/train_cpu_test.dir/C_/Pico/pico-sdk/src/rp2_common/pico_double/double_init_rom.c.obj
                0x200005e4                sd_table
 .bss.sf_clz_func
                0x200006e4        0x4 CMakeFiles/train_cpu_test.dir/C_/Pico/pico-sdk/src/rp2_common/pico_double/double_init_rom.c.obj
                0x200006e4                sf_clz_func
 .bss.sf_table  0x200006e8      0x100 CMakeFiles/train_cpu_test.dir/C_/Pico/pico-sdk/src/rp2_common/pico_float/float_init_rom.c.obj
                0x200006e8                sf_table
 .bss.sleep_notifier
                0x200007e8        0x4 CMakeFiles/train_cpu_test.dir/C_/Pico/pico-sdk/src/common/pico_time/time.c.obj
 .bss.target_hi
                0x200007ec       0x10 CMakeFiles/train_cpu_test.dir/C_/Pico/pico-sdk/src/rp2_common/hardware_timer/timer.c.obj
 .bss.uart_char_to_line_feed
                0x200007fc        0x4 CMakeFiles/train_cpu_test.dir/C_/Pico/pico-sdk/src/rp2_common/hardware_uart/uart.c.obj
                0x200007fc                uart_char_to_line_feed
 .bss.uart_instance
                0x20000800        0x4 CMakeFiles/train_cpu_test.dir/C_/Pico/pico-sdk/src/rp2_common/pico_stdio_uart/stdio_uart.c.obj
 .bss.claimed   0x20000804        0x1 CMakeFiles/train_cpu_test.dir/C_/Pico/pico-sdk/src/rp2_common/hardware_timer/timer.c.obj
 .bss.irq_hander_chain_free_slot_head
                0x20000805        0x1 CMakeFiles/train_cpu_test.dir/C_/Pico/pico-sdk/src/rp2_common/hardware_irq/irq.c.obj
 .bss.timer_callbacks_pending
                0x20000806        0x1 CMakeFiles/train_cpu_test.dir/C_/Pico/pico-sdk/src/rp2_common/hardware_timer/timer.c.obj
 *(COMMON)
                0x20000808                . = ALIGN (0x4)
 *fill*         0x20000807        0x1 
                0x20000808                __bss_end__ = .

.heap           0x20000808      0x800
                0x20000808                __end__ = .
                0x20000808                end = __end__
 *(.heap*)
 .heap          0x20000808      0x800 CMakeFiles/train_cpu_test.dir/C_/Pico/pico-sdk/src/rp2_common/pico_standard_link/crt0.S.obj
                0x20001008                __HeapLimit = .

.stack1_dummy   0x20040000        0x0
 *(.stack1*)

.stack_dummy    0x20041000      0x800
 *(.stack*)
 .stack         0x20041000      0x800 CMakeFiles/train_cpu_test.dir/C_/Pico/pico-sdk/src/rp2_common/pico_standard_link/crt0.S.obj

.flash_end      0x10006a00        0x0
                0x10006a00                __flash_binary_end = .
                0x20040000                __StackLimit = (ORIGIN (RAM) + LENGTH (RAM))
                0x20041000                __StackOneTop = (ORIGIN (SCRATCH_X) + LENGTH (SCRATCH_X))
                0x20042000                __StackTop = (ORIGIN (SCRATCH_Y) + LENGTH (SCRATCH_Y))
                0x20041000                __StackOneBottom = (__StackOneTop - SIZEOF (.stack1_dummy))
                0x20041800                __StackBottom = (__StackTop - SIZEOF (.stack_dummy))
                0x20042000                PROVIDE (__stack = __StackTop)
                0x00000001                ASSERT ((__StackLimit >= __HeapLimit), region RAM overflowed)
                0x00000001                ASSERT (((__binary_info_header_end - __logical_binary_start) <= 0x100), Binary info must be in first 256 bytes of the binary)
LOAD CMakeFiles/train_cpu_test.dir/train_cpu_test.c.obj
LOAD CMakeFiles/train_cpu_test.dir/C_/Pico/pico-sdk/src/rp2_common/pico_stdlib/stdlib.c.obj
LOAD CMakeFiles/train_cpu_test.dir/C_/Pico/pico-sdk/src/rp2_common/hardware_gpio/gpio.c.obj
LOAD CMakeFiles/train_cpu_test.dir/C_/Pico/pico-sdk/src/rp2_common/hardware_claim/claim.c.obj
LOAD CMakeFiles/train_cpu_test.dir/C_/Pico/pico-sdk/src/rp2_common/pico_platform/platform.c.obj
LOAD CMakeFiles/train_cpu_test.dir/C_/Pico/pico-sdk/src/rp2_common/hardware_sync/sync.c.obj
LOAD CMakeFiles/train_cpu_test.dir/C_/Pico/pico-sdk/src/rp2_common/hardware_irq/irq.c.obj
LOAD CMakeFiles/train_cpu_test.dir/C_/Pico/pico-sdk/src/rp2_common/hardware_irq/irq_handler_chain.S.obj
LOAD CMakeFiles/train_cpu_test.dir/C_/Pico/pico-sdk/src/common/pico_sync/sem.c.obj
LOAD CMakeFiles/train_cpu_test.dir/C_/Pico/pico-sdk/src/common/pico_sync/lock_core.c.obj
LOAD CMakeFiles/train_cpu_test.dir/C_/Pico/pico-sdk/src/common/pico_time/time.c.obj
LOAD CMakeFiles/train_cpu_test.dir/C_/Pico/pico-sdk/src/common/pico_time/timeout_helper.c.obj
LOAD CMakeFiles/train_cpu_test.dir/C_/Pico/pico-sdk/src/rp2_common/hardware_timer/timer.c.obj
LOAD CMakeFiles/train_cpu_test.dir/C_/Pico/pico-sdk/src/common/pico_util/datetime.c.obj
LOAD CMakeFiles/train_cpu_test.dir/C_/Pico/pico-sdk/src/common/pico_util/pheap.c.obj
LOAD CMakeFiles/train_cpu_test.dir/C_/Pico/pico-sdk/src/common/pico_util/queue.c.obj
LOAD CMakeFiles/train_cpu_test.dir/C_/Pico/pico-sdk/src/common/pico_sync/mutex.c.obj
LOAD CMakeFiles/train_cpu_test.dir/C_/Pico/pico-sdk/src/common/pico_sync/critical_section.c.obj
LOAD CMakeFiles/train_cpu_test.dir/C_/Pico/pico-sdk/src/rp2_common/hardware_uart/uart.c.obj
LOAD CMakeFiles/train_cpu_test.dir/C_/Pico/pico-sdk/src/rp2_common/hardware_divider/divider.S.obj
LOAD CMakeFiles/train_cpu_test.dir/C_/Pico/pico-sdk/src/rp2_common/pico_runtime/runtime.c.obj
LOAD CMakeFiles/train_cpu_test.dir/C_/Pico/pico-sdk/src/rp2_common/hardware_clocks/clocks.c.obj
LOAD CMakeFiles/train_cpu_test.dir/C_/Pico/pico-sdk/src/rp2_common/hardware_pll/pll.c.obj
LOAD CMakeFiles/train_cpu_test.dir/C_/Pico/pico-sdk/src/rp2_common/hardware_vreg/vreg.c.obj
LOAD CMakeFiles/train_cpu_test.dir/C_/Pico/pico-sdk/src/rp2_common/hardware_watchdog/watchdog.c.obj
LOAD CMakeFiles/train_cpu_test.dir/C_/Pico/pico-sdk/src/rp2_common/hardware_xosc/xosc.c.obj
LOAD CMakeFiles/train_cpu_test.dir/C_/Pico/pico-sdk/src/rp2_common/pico_printf/printf.c.obj
LOAD CMakeFiles/train_cpu_test.dir/C_/Pico/pico-sdk/src/rp2_common/pico_bit_ops/bit_ops_aeabi.S.obj
LOAD CMakeFiles/train_cpu_test.dir/C_/Pico/pico-sdk/src/rp2_common/pico_bootrom/bootrom.c.obj
LOAD CMakeFiles/train_cpu_test.dir/C_/Pico/pico-sdk/src/rp2_common/pico_divider/divider.S.obj
LOAD CMakeFiles/train_cpu_test.dir/C_/Pico/pico-sdk/src/rp2_common/pico_double/double_aeabi.S.obj
LOAD CMakeFiles/train_cpu_test.dir/C_/Pico/pico-sdk/src/rp2_common/pico_double/double_init_rom.c.obj
LOAD CMakeFiles/train_cpu_test.dir/C_/Pico/pico-sdk/src/rp2_common/pico_double/double_math.c.obj
LOAD CMakeFiles/train_cpu_test.dir/C_/Pico/pico-sdk/src/rp2_common/pico_double/double_v1_rom_shim.S.obj
LOAD CMakeFiles/train_cpu_test.dir/C_/Pico/pico-sdk/src/rp2_common/pico_int64_ops/pico_int64_ops_aeabi.S.obj
LOAD CMakeFiles/train_cpu_test.dir/C_/Pico/pico-sdk/src/rp2_common/pico_float/float_aeabi.S.obj
LOAD CMakeFiles/train_cpu_test.dir/C_/Pico/pico-sdk/src/rp2_common/pico_float/float_init_rom.c.obj
LOAD CMakeFiles/train_cpu_test.dir/C_/Pico/pico-sdk/src/rp2_common/pico_float/float_math.c.obj
LOAD CMakeFiles/train_cpu_test.dir/C_/Pico/pico-sdk/src/rp2_common/pico_float/float_v1_rom_shim.S.obj
LOAD CMakeFiles/train_cpu_test.dir/C_/Pico/pico-sdk/src/rp2_common/pico_malloc/pico_malloc.c.obj
LOAD CMakeFiles/train_cpu_test.dir/C_/Pico/pico-sdk/src/rp2_common/pico_mem_ops/mem_ops_aeabi.S.obj
LOAD CMakeFiles/train_cpu_test.dir/C_/Pico/pico-sdk/src/rp2_common/pico_standard_link/crt0.S.obj
LOAD CMakeFiles/train_cpu_test.dir/C_/Pico/pico-sdk/src/rp2_common/pico_standard_link/new_delete.cpp.obj
LOAD CMakeFiles/train_cpu_test.dir/C_/Pico/pico-sdk/src/rp2_common/pico_standard_link/binary_info.c.obj
LOAD CMakeFiles/train_cpu_test.dir/C_/Pico/pico-sdk/src/rp2_common/pico_stdio/stdio.c.obj
LOAD CMakeFiles/train_cpu_test.dir/C_/Pico/pico-sdk/src/rp2_common/pico_stdio_uart/stdio_uart.c.obj
LOAD C:\Users\a235917\AppData\Local\Temp\ccAqL06r.o
LOAD c:/progra~2/gnuarm~1/102021~1.07/bin/../lib/gcc/arm-none-eabi/10.3.1/../../../../arm-none-eabi/lib/thumb/v6-m/nofp\libstdc++.a
LOAD c:/progra~2/gnuarm~1/102021~1.07/bin/../lib/gcc/arm-none-eabi/10.3.1/../../../../arm-none-eabi/lib/thumb/v6-m/nofp\libm.a
START GROUP
LOAD c:/progra~2/gnuarm~1/102021~1.07/bin/../lib/gcc/arm-none-eabi/10.3.1/thumb/v6-m/nofp\libgcc.a
LOAD c:/progra~2/gnuarm~1/102021~1.07/bin/../lib/gcc/arm-none-eabi/10.3.1/../../../../arm-none-eabi/lib/thumb/v6-m/nofp\libg.a
LOAD c:/progra~2/gnuarm~1/102021~1.07/bin/../lib/gcc/arm-none-eabi/10.3.1/../../../../arm-none-eabi/lib/thumb/v6-m/nofp\libc.a
END GROUP
START GROUP
LOAD c:/progra~2/gnuarm~1/102021~1.07/bin/../lib/gcc/arm-none-eabi/10.3.1/thumb/v6-m/nofp\libgcc.a
LOAD c:/progra~2/gnuarm~1/102021~1.07/bin/../lib/gcc/arm-none-eabi/10.3.1/../../../../arm-none-eabi/lib/thumb/v6-m/nofp\libc.a
LOAD c:/progra~2/gnuarm~1/102021~1.07/bin/../lib/gcc/arm-none-eabi/10.3.1/../../../../arm-none-eabi/lib/thumb/v6-m/nofp\libnosys.a
END GROUP
LOAD c:/progra~2/gnuarm~1/102021~1.07/bin/../lib/gcc/arm-none-eabi/10.3.1/thumb/v6-m/nofp/crtend.o
LOAD c:/progra~2/gnuarm~1/102021~1.07/bin/../lib/gcc/arm-none-eabi/10.3.1/thumb/v6-m/nofp/crtn.o
OUTPUT(train_cpu_test.elf elf32-littlearm)
LOAD linker stubs

.ARM.attributes
                0x00000000       0x28
 .ARM.attributes
                0x00000000       0x1e c:/progra~2/gnuarm~1/102021~1.07/bin/../lib/gcc/arm-none-eabi/10.3.1/thumb/v6-m/nofp/crti.o
 .ARM.attributes
                0x0000001e       0x2c c:/progra~2/gnuarm~1/102021~1.07/bin/../lib/gcc/arm-none-eabi/10.3.1/thumb/v6-m/nofp/crtbegin.o
 .ARM.attributes
                0x0000004a       0x2c CMakeFiles/train_cpu_test.dir/train_cpu_test.c.obj
 .ARM.attributes
                0x00000076       0x2c CMakeFiles/train_cpu_test.dir/C_/Pico/pico-sdk/src/rp2_common/hardware_gpio/gpio.c.obj
 .ARM.attributes
                0x000000a2       0x2c CMakeFiles/train_cpu_test.dir/C_/Pico/pico-sdk/src/rp2_common/hardware_claim/claim.c.obj
 .ARM.attributes
                0x000000ce       0x2c CMakeFiles/train_cpu_test.dir/C_/Pico/pico-sdk/src/rp2_common/pico_platform/platform.c.obj
 .ARM.attributes
                0x000000fa       0x2c CMakeFiles/train_cpu_test.dir/C_/Pico/pico-sdk/src/rp2_common/hardware_sync/sync.c.obj
 .ARM.attributes
                0x00000126       0x2c CMakeFiles/train_cpu_test.dir/C_/Pico/pico-sdk/src/rp2_common/hardware_irq/irq.c.obj
 .ARM.attributes
                0x00000152       0x22 CMakeFiles/train_cpu_test.dir/C_/Pico/pico-sdk/src/rp2_common/hardware_irq/irq_handler_chain.S.obj
 .ARM.attributes
                0x00000174       0x2c CMakeFiles/train_cpu_test.dir/C_/Pico/pico-sdk/src/common/pico_sync/lock_core.c.obj
 .ARM.attributes
                0x000001a0       0x2c CMakeFiles/train_cpu_test.dir/C_/Pico/pico-sdk/src/common/pico_time/time.c.obj
 .ARM.attributes
                0x000001cc       0x2c CMakeFiles/train_cpu_test.dir/C_/Pico/pico-sdk/src/rp2_common/hardware_timer/timer.c.obj
 .ARM.attributes
                0x000001f8       0x2c CMakeFiles/train_cpu_test.dir/C_/Pico/pico-sdk/src/common/pico_util/pheap.c.obj
 .ARM.attributes
                0x00000224       0x2c CMakeFiles/train_cpu_test.dir/C_/Pico/pico-sdk/src/common/pico_sync/mutex.c.obj
 .ARM.attributes
                0x00000250       0x2c CMakeFiles/train_cpu_test.dir/C_/Pico/pico-sdk/src/rp2_common/hardware_uart/uart.c.obj
 .ARM.attributes
                0x0000027c       0x2c CMakeFiles/train_cpu_test.dir/C_/Pico/pico-sdk/src/rp2_common/pico_runtime/runtime.c.obj
 .ARM.attributes
                0x000002a8       0x2c CMakeFiles/train_cpu_test.dir/C_/Pico/pico-sdk/src/rp2_common/hardware_clocks/clocks.c.obj
 .ARM.attributes
                0x000002d4       0x2c CMakeFiles/train_cpu_test.dir/C_/Pico/pico-sdk/src/rp2_common/hardware_pll/pll.c.obj
 .ARM.attributes
                0x00000300       0x2c CMakeFiles/train_cpu_test.dir/C_/Pico/pico-sdk/src/rp2_common/hardware_watchdog/watchdog.c.obj
 .ARM.attributes
                0x0000032c       0x2c CMakeFiles/train_cpu_test.dir/C_/Pico/pico-sdk/src/rp2_common/hardware_xosc/xosc.c.obj
 .ARM.attributes
                0x00000358       0x2c CMakeFiles/train_cpu_test.dir/C_/Pico/pico-sdk/src/rp2_common/pico_printf/printf.c.obj
 .ARM.attributes
                0x00000384       0x22 CMakeFiles/train_cpu_test.dir/C_/Pico/pico-sdk/src/rp2_common/pico_bit_ops/bit_ops_aeabi.S.obj
 .ARM.attributes
                0x000003a6       0x2c CMakeFiles/train_cpu_test.dir/C_/Pico/pico-sdk/src/rp2_common/pico_bootrom/bootrom.c.obj
 .ARM.attributes
                0x000003d2       0x22 CMakeFiles/train_cpu_test.dir/C_/Pico/pico-sdk/src/rp2_common/pico_divider/divider.S.obj
 .ARM.attributes
                0x000003f4       0x22 CMakeFiles/train_cpu_test.dir/C_/Pico/pico-sdk/src/rp2_common/pico_double/double_aeabi.S.obj
 .ARM.attributes
                0x00000416       0x2c CMakeFiles/train_cpu_test.dir/C_/Pico/pico-sdk/src/rp2_common/pico_double/double_init_rom.c.obj
 .ARM.attributes
                0x00000442       0x2c CMakeFiles/train_cpu_test.dir/C_/Pico/pico-sdk/src/rp2_common/pico_double/double_math.c.obj
 .ARM.attributes
                0x0000046e       0x22 CMakeFiles/train_cpu_test.dir/C_/Pico/pico-sdk/src/rp2_common/pico_double/double_v1_rom_shim.S.obj
 .ARM.attributes
                0x00000490       0x22 CMakeFiles/train_cpu_test.dir/C_/Pico/pico-sdk/src/rp2_common/pico_float/float_aeabi.S.obj
 .ARM.attributes
                0x000004b2       0x2c CMakeFiles/train_cpu_test.dir/C_/Pico/pico-sdk/src/rp2_common/pico_float/float_init_rom.c.obj
 .ARM.attributes
                0x000004de       0x22 CMakeFiles/train_cpu_test.dir/C_/Pico/pico-sdk/src/rp2_common/pico_float/float_v1_rom_shim.S.obj
 .ARM.attributes
                0x00000500       0x22 CMakeFiles/train_cpu_test.dir/C_/Pico/pico-sdk/src/rp2_common/pico_mem_ops/mem_ops_aeabi.S.obj
 .ARM.attributes
                0x00000522       0x22 CMakeFiles/train_cpu_test.dir/C_/Pico/pico-sdk/src/rp2_common/pico_standard_link/crt0.S.obj
 .ARM.attributes
                0x00000544       0x32 CMakeFiles/train_cpu_test.dir/C_/Pico/pico-sdk/src/rp2_common/pico_standard_link/binary_info.c.obj
 .ARM.attributes
                0x00000576       0x2c CMakeFiles/train_cpu_test.dir/C_/Pico/pico-sdk/src/rp2_common/pico_stdio/stdio.c.obj
 .ARM.attributes
                0x000005a2       0x2c CMakeFiles/train_cpu_test.dir/C_/Pico/pico-sdk/src/rp2_common/pico_stdio_uart/stdio_uart.c.obj
 .ARM.attributes
                0x000005ce       0x22 C:\Users\a235917\AppData\Local\Temp\ccAqL06r.o
 .ARM.attributes
                0x000005f0       0x1e c:/progra~2/gnuarm~1/102021~1.07/bin/../lib/gcc/arm-none-eabi/10.3.1/thumb/v6-m/nofp\libgcc.a(_dvmd_tls.o)
 .ARM.attributes
                0x0000060e       0x2c c:/progra~2/gnuarm~1/102021~1.07/bin/../lib/gcc/arm-none-eabi/10.3.1/../../../../arm-none-eabi/lib/thumb/v6-m/nofp\libg.a(lib_a-strlen-stub.o)

.comment        0x00000000       0x49
 .comment       0x00000000       0x49 CMakeFiles/train_cpu_test.dir/train_cpu_test.c.obj
                                 0x4a (size before relaxing)
 .comment       0x00000049       0x4a CMakeFiles/train_cpu_test.dir/C_/Pico/pico-sdk/src/rp2_common/hardware_gpio/gpio.c.obj
 .comment       0x00000049       0x4a CMakeFiles/train_cpu_test.dir/C_/Pico/pico-sdk/src/rp2_common/hardware_claim/claim.c.obj
 .comment       0x00000049       0x4a CMakeFiles/train_cpu_test.dir/C_/Pico/pico-sdk/src/rp2_common/pico_platform/platform.c.obj
 .comment       0x00000049       0x4a CMakeFiles/train_cpu_test.dir/C_/Pico/pico-sdk/src/rp2_common/hardware_sync/sync.c.obj
 .comment       0x00000049       0x4a CMakeFiles/train_cpu_test.dir/C_/Pico/pico-sdk/src/rp2_common/hardware_irq/irq.c.obj
 .comment       0x00000049       0x4a CMakeFiles/train_cpu_test.dir/C_/Pico/pico-sdk/src/common/pico_sync/lock_core.c.obj
 .comment       0x00000049       0x4a CMakeFiles/train_cpu_test.dir/C_/Pico/pico-sdk/src/common/pico_time/time.c.obj
 .comment       0x00000049       0x4a CMakeFiles/train_cpu_test.dir/C_/Pico/pico-sdk/src/rp2_common/hardware_timer/timer.c.obj
 .comment       0x00000049       0x4a CMakeFiles/train_cpu_test.dir/C_/Pico/pico-sdk/src/common/pico_util/pheap.c.obj
 .comment       0x00000049       0x4a CMakeFiles/train_cpu_test.dir/C_/Pico/pico-sdk/src/common/pico_sync/mutex.c.obj
 .comment       0x00000049       0x4a CMakeFiles/train_cpu_test.dir/C_/Pico/pico-sdk/src/rp2_common/hardware_uart/uart.c.obj
 .comment       0x00000049       0x4a CMakeFiles/train_cpu_test.dir/C_/Pico/pico-sdk/src/rp2_common/pico_runtime/runtime.c.obj
 .comment       0x00000049       0x4a CMakeFiles/train_cpu_test.dir/C_/Pico/pico-sdk/src/rp2_common/hardware_clocks/clocks.c.obj
 .comment       0x00000049       0x4a CMakeFiles/train_cpu_test.dir/C_/Pico/pico-sdk/src/rp2_common/hardware_pll/pll.c.obj
 .comment       0x00000049       0x4a CMakeFiles/train_cpu_test.dir/C_/Pico/pico-sdk/src/rp2_common/hardware_watchdog/watchdog.c.obj
 .comment       0x00000049       0x4a CMakeFiles/train_cpu_test.dir/C_/Pico/pico-sdk/src/rp2_common/hardware_xosc/xosc.c.obj
 .comment       0x00000049       0x4a CMakeFiles/train_cpu_test.dir/C_/Pico/pico-sdk/src/rp2_common/pico_printf/printf.c.obj
 .comment       0x00000049       0x4a CMakeFiles/train_cpu_test.dir/C_/Pico/pico-sdk/src/rp2_common/pico_bootrom/bootrom.c.obj
 .comment       0x00000049       0x4a CMakeFiles/train_cpu_test.dir/C_/Pico/pico-sdk/src/rp2_common/pico_double/double_init_rom.c.obj
 .comment       0x00000049       0x4a CMakeFiles/train_cpu_test.dir/C_/Pico/pico-sdk/src/rp2_common/pico_double/double_math.c.obj
 .comment       0x00000049       0x4a CMakeFiles/train_cpu_test.dir/C_/Pico/pico-sdk/src/rp2_common/pico_float/float_init_rom.c.obj
 .comment       0x00000049       0x4a CMakeFiles/train_cpu_test.dir/C_/Pico/pico-sdk/src/rp2_common/pico_standard_link/binary_info.c.obj
 .comment       0x00000049       0x4a CMakeFiles/train_cpu_test.dir/C_/Pico/pico-sdk/src/rp2_common/pico_stdio/stdio.c.obj
 .comment       0x00000049       0x4a CMakeFiles/train_cpu_test.dir/C_/Pico/pico-sdk/src/rp2_common/pico_stdio_uart/stdio_uart.c.obj

.debug_info     0x00000000    0x1af28
 .debug_info    0x00000000     0x20d3 CMakeFiles/train_cpu_test.dir/train_cpu_test.c.obj
 .debug_info    0x000020d3     0x16d7 CMakeFiles/train_cpu_test.dir/C_/Pico/pico-sdk/src/rp2_common/hardware_gpio/gpio.c.obj
 .debug_info    0x000037aa      0x6bb CMakeFiles/train_cpu_test.dir/C_/Pico/pico-sdk/src/rp2_common/hardware_claim/claim.c.obj
 .debug_info    0x00003e65      0x1e3 CMakeFiles/train_cpu_test.dir/C_/Pico/pico-sdk/src/rp2_common/pico_platform/platform.c.obj
 .debug_info    0x00004048      0x58e CMakeFiles/train_cpu_test.dir/C_/Pico/pico-sdk/src/rp2_common/hardware_sync/sync.c.obj
 .debug_info    0x000045d6     0x1c49 CMakeFiles/train_cpu_test.dir/C_/Pico/pico-sdk/src/rp2_common/hardware_irq/irq.c.obj
 .debug_info    0x0000621f      0x1a4 CMakeFiles/train_cpu_test.dir/C_/Pico/pico-sdk/src/common/pico_sync/lock_core.c.obj
 .debug_info    0x000063c3     0x3b3b CMakeFiles/train_cpu_test.dir/C_/Pico/pico-sdk/src/common/pico_time/time.c.obj
 .debug_info    0x00009efe     0x1134 CMakeFiles/train_cpu_test.dir/C_/Pico/pico-sdk/src/rp2_common/hardware_timer/timer.c.obj
 .debug_info    0x0000b032     0x120c CMakeFiles/train_cpu_test.dir/C_/Pico/pico-sdk/src/common/pico_util/pheap.c.obj
 .debug_info    0x0000c23e     0x2022 CMakeFiles/train_cpu_test.dir/C_/Pico/pico-sdk/src/common/pico_sync/mutex.c.obj
 .debug_info    0x0000e260      0xb65 CMakeFiles/train_cpu_test.dir/C_/Pico/pico-sdk/src/rp2_common/hardware_uart/uart.c.obj
 .debug_info    0x0000edc5      0xa87 CMakeFiles/train_cpu_test.dir/C_/Pico/pico-sdk/src/rp2_common/pico_runtime/runtime.c.obj
 .debug_info    0x0000f84c      0xf63 CMakeFiles/train_cpu_test.dir/C_/Pico/pico-sdk/src/rp2_common/hardware_clocks/clocks.c.obj
 .debug_info    0x000107af      0x54a CMakeFiles/train_cpu_test.dir/C_/Pico/pico-sdk/src/rp2_common/hardware_pll/pll.c.obj
 .debug_info    0x00010cf9      0x4ee CMakeFiles/train_cpu_test.dir/C_/Pico/pico-sdk/src/rp2_common/hardware_watchdog/watchdog.c.obj
 .debug_info    0x000111e7      0x1d8 CMakeFiles/train_cpu_test.dir/C_/Pico/pico-sdk/src/rp2_common/hardware_xosc/xosc.c.obj
 .debug_info    0x000113bf     0x1a5f CMakeFiles/train_cpu_test.dir/C_/Pico/pico-sdk/src/rp2_common/pico_printf/printf.c.obj
 .debug_info    0x00012e1e       0x22 CMakeFiles/train_cpu_test.dir/C_/Pico/pico-sdk/src/rp2_common/pico_bit_ops/bit_ops_aeabi.S.obj
 .debug_info    0x00012e40      0x27c CMakeFiles/train_cpu_test.dir/C_/Pico/pico-sdk/src/rp2_common/pico_bootrom/bootrom.c.obj
 .debug_info    0x000130bc       0x22 CMakeFiles/train_cpu_test.dir/C_/Pico/pico-sdk/src/rp2_common/pico_divider/divider.S.obj
 .debug_info    0x000130de       0x22 CMakeFiles/train_cpu_test.dir/C_/Pico/pico-sdk/src/rp2_common/pico_double/double_aeabi.S.obj
 .debug_info    0x00013100      0x2d1 CMakeFiles/train_cpu_test.dir/C_/Pico/pico-sdk/src/rp2_common/pico_double/double_init_rom.c.obj
 .debug_info    0x000133d1     0x5587 CMakeFiles/train_cpu_test.dir/C_/Pico/pico-sdk/src/rp2_common/pico_double/double_math.c.obj
 .debug_info    0x00018958       0x22 CMakeFiles/train_cpu_test.dir/C_/Pico/pico-sdk/src/rp2_common/pico_double/double_v1_rom_shim.S.obj
 .debug_info    0x0001897a       0x22 CMakeFiles/train_cpu_test.dir/C_/Pico/pico-sdk/src/rp2_common/pico_float/float_aeabi.S.obj
 .debug_info    0x0001899c      0x2eb CMakeFiles/train_cpu_test.dir/C_/Pico/pico-sdk/src/rp2_common/pico_float/float_init_rom.c.obj
 .debug_info    0x00018c87       0x22 CMakeFiles/train_cpu_test.dir/C_/Pico/pico-sdk/src/rp2_common/pico_float/float_v1_rom_shim.S.obj
 .debug_info    0x00018ca9       0x22 CMakeFiles/train_cpu_test.dir/C_/Pico/pico-sdk/src/rp2_common/pico_mem_ops/mem_ops_aeabi.S.obj
 .debug_info    0x00018ccb       0x22 CMakeFiles/train_cpu_test.dir/C_/Pico/pico-sdk/src/rp2_common/pico_standard_link/crt0.S.obj
 .debug_info    0x00018ced      0x2f6 CMakeFiles/train_cpu_test.dir/C_/Pico/pico-sdk/src/rp2_common/pico_standard_link/binary_info.c.obj
 .debug_info    0x00018fe3     0x12ee CMakeFiles/train_cpu_test.dir/C_/Pico/pico-sdk/src/rp2_common/pico_stdio/stdio.c.obj
 .debug_info    0x0001a2d1      0xc57 CMakeFiles/train_cpu_test.dir/C_/Pico/pico-sdk/src/rp2_common/pico_stdio_uart/stdio_uart.c.obj

.debug_abbrev   0x00000000     0x4546
 .debug_abbrev  0x00000000      0x457 CMakeFiles/train_cpu_test.dir/train_cpu_test.c.obj
 .debug_abbrev  0x00000457      0x326 CMakeFiles/train_cpu_test.dir/C_/Pico/pico-sdk/src/rp2_common/hardware_gpio/gpio.c.obj
 .debug_abbrev  0x0000077d      0x2e9 CMakeFiles/train_cpu_test.dir/C_/Pico/pico-sdk/src/rp2_common/hardware_claim/claim.c.obj
 .debug_abbrev  0x00000a66       0xeb CMakeFiles/train_cpu_test.dir/C_/Pico/pico-sdk/src/rp2_common/pico_platform/platform.c.obj
 .debug_abbrev  0x00000b51      0x21b CMakeFiles/train_cpu_test.dir/C_/Pico/pico-sdk/src/rp2_common/hardware_sync/sync.c.obj
 .debug_abbrev  0x00000d6c      0x4fc CMakeFiles/train_cpu_test.dir/C_/Pico/pico-sdk/src/rp2_common/hardware_irq/irq.c.obj
 .debug_abbrev  0x00001268      0x116 CMakeFiles/train_cpu_test.dir/C_/Pico/pico-sdk/src/common/pico_sync/lock_core.c.obj
 .debug_abbrev  0x0000137e      0x54d CMakeFiles/train_cpu_test.dir/C_/Pico/pico-sdk/src/common/pico_time/time.c.obj
 .debug_abbrev  0x000018cb      0x3a2 CMakeFiles/train_cpu_test.dir/C_/Pico/pico-sdk/src/rp2_common/hardware_timer/timer.c.obj
 .debug_abbrev  0x00001c6d      0x297 CMakeFiles/train_cpu_test.dir/C_/Pico/pico-sdk/src/common/pico_util/pheap.c.obj
 .debug_abbrev  0x00001f04      0x386 CMakeFiles/train_cpu_test.dir/C_/Pico/pico-sdk/src/common/pico_sync/mutex.c.obj
 .debug_abbrev  0x0000228a      0x2d2 CMakeFiles/train_cpu_test.dir/C_/Pico/pico-sdk/src/rp2_common/hardware_uart/uart.c.obj
 .debug_abbrev  0x0000255c      0x3aa CMakeFiles/train_cpu_test.dir/C_/Pico/pico-sdk/src/rp2_common/pico_runtime/runtime.c.obj
 .debug_abbrev  0x00002906      0x3a5 CMakeFiles/train_cpu_test.dir/C_/Pico/pico-sdk/src/rp2_common/hardware_clocks/clocks.c.obj
 .debug_abbrev  0x00002cab      0x1ea CMakeFiles/train_cpu_test.dir/C_/Pico/pico-sdk/src/rp2_common/hardware_pll/pll.c.obj
 .debug_abbrev  0x00002e95      0x1a8 CMakeFiles/train_cpu_test.dir/C_/Pico/pico-sdk/src/rp2_common/hardware_watchdog/watchdog.c.obj
 .debug_abbrev  0x0000303d      0x109 CMakeFiles/train_cpu_test.dir/C_/Pico/pico-sdk/src/rp2_common/hardware_xosc/xosc.c.obj
 .debug_abbrev  0x00003146      0x384 CMakeFiles/train_cpu_test.dir/C_/Pico/pico-sdk/src/rp2_common/pico_printf/printf.c.obj
 .debug_abbrev  0x000034ca       0x12 CMakeFiles/train_cpu_test.dir/C_/Pico/pico-sdk/src/rp2_common/pico_bit_ops/bit_ops_aeabi.S.obj
 .debug_abbrev  0x000034dc      0x13b CMakeFiles/train_cpu_test.dir/C_/Pico/pico-sdk/src/rp2_common/pico_bootrom/bootrom.c.obj
 .debug_abbrev  0x00003617       0x12 CMakeFiles/train_cpu_test.dir/C_/Pico/pico-sdk/src/rp2_common/pico_divider/divider.S.obj
 .debug_abbrev  0x00003629       0x12 CMakeFiles/train_cpu_test.dir/C_/Pico/pico-sdk/src/rp2_common/pico_double/double_aeabi.S.obj
 .debug_abbrev  0x0000363b      0x179 CMakeFiles/train_cpu_test.dir/C_/Pico/pico-sdk/src/rp2_common/pico_double/double_init_rom.c.obj
 .debug_abbrev  0x000037b4      0x2e3 CMakeFiles/train_cpu_test.dir/C_/Pico/pico-sdk/src/rp2_common/pico_double/double_math.c.obj
 .debug_abbrev  0x00003a97       0x12 CMakeFiles/train_cpu_test.dir/C_/Pico/pico-sdk/src/rp2_common/pico_double/double_v1_rom_shim.S.obj
 .debug_abbrev  0x00003aa9       0x12 CMakeFiles/train_cpu_test.dir/C_/Pico/pico-sdk/src/rp2_common/pico_float/float_aeabi.S.obj
 .debug_abbrev  0x00003abb      0x18c CMakeFiles/train_cpu_test.dir/C_/Pico/pico-sdk/src/rp2_common/pico_float/float_init_rom.c.obj
 .debug_abbrev  0x00003c47       0x12 CMakeFiles/train_cpu_test.dir/C_/Pico/pico-sdk/src/rp2_common/pico_float/float_v1_rom_shim.S.obj
 .debug_abbrev  0x00003c59       0x12 CMakeFiles/train_cpu_test.dir/C_/Pico/pico-sdk/src/rp2_common/pico_mem_ops/mem_ops_aeabi.S.obj
 .debug_abbrev  0x00003c6b       0x12 CMakeFiles/train_cpu_test.dir/C_/Pico/pico-sdk/src/rp2_common/pico_standard_link/crt0.S.obj
 .debug_abbrev  0x00003c7d       0xad CMakeFiles/train_cpu_test.dir/C_/Pico/pico-sdk/src/rp2_common/pico_standard_link/binary_info.c.obj
 .debug_abbrev  0x00003d2a      0x4a9 CMakeFiles/train_cpu_test.dir/C_/Pico/pico-sdk/src/rp2_common/pico_stdio/stdio.c.obj
 .debug_abbrev  0x000041d3      0x373 CMakeFiles/train_cpu_test.dir/C_/Pico/pico-sdk/src/rp2_common/pico_stdio_uart/stdio_uart.c.obj

.debug_loc      0x00000000    0x16eba
 .debug_loc     0x00000000     0x1765 CMakeFiles/train_cpu_test.dir/train_cpu_test.c.obj
 .debug_loc     0x00001765     0x118d CMakeFiles/train_cpu_test.dir/C_/Pico/pico-sdk/src/rp2_common/hardware_gpio/gpio.c.obj
 .debug_loc     0x000028f2      0x45f CMakeFiles/train_cpu_test.dir/C_/Pico/pico-sdk/src/rp2_common/hardware_claim/claim.c.obj
 .debug_loc     0x00002d51       0xe9 CMakeFiles/train_cpu_test.dir/C_/Pico/pico-sdk/src/rp2_common/pico_platform/platform.c.obj
 .debug_loc     0x00002e3a      0x233 CMakeFiles/train_cpu_test.dir/C_/Pico/pico-sdk/src/rp2_common/hardware_sync/sync.c.obj
 .debug_loc     0x0000306d     0x1365 CMakeFiles/train_cpu_test.dir/C_/Pico/pico-sdk/src/rp2_common/hardware_irq/irq.c.obj
 .debug_loc     0x000043d2       0x60 CMakeFiles/train_cpu_test.dir/C_/Pico/pico-sdk/src/common/pico_sync/lock_core.c.obj
 .debug_loc     0x00004432     0x2e2a CMakeFiles/train_cpu_test.dir/C_/Pico/pico-sdk/src/common/pico_time/time.c.obj
 .debug_loc     0x0000725c      0x952 CMakeFiles/train_cpu_test.dir/C_/Pico/pico-sdk/src/rp2_common/hardware_timer/timer.c.obj
 .debug_loc     0x00007bae     0x1439 CMakeFiles/train_cpu_test.dir/C_/Pico/pico-sdk/src/common/pico_util/pheap.c.obj
 .debug_loc     0x00008fe7     0x1469 CMakeFiles/train_cpu_test.dir/C_/Pico/pico-sdk/src/common/pico_sync/mutex.c.obj
 .debug_loc     0x0000a450      0x520 CMakeFiles/train_cpu_test.dir/C_/Pico/pico-sdk/src/rp2_common/hardware_uart/uart.c.obj
 .debug_loc     0x0000a970      0x3f0 CMakeFiles/train_cpu_test.dir/C_/Pico/pico-sdk/src/rp2_common/pico_runtime/runtime.c.obj
 .debug_loc     0x0000ad60      0x7eb CMakeFiles/train_cpu_test.dir/C_/Pico/pico-sdk/src/rp2_common/hardware_clocks/clocks.c.obj
 .debug_loc     0x0000b54b      0x32f CMakeFiles/train_cpu_test.dir/C_/Pico/pico-sdk/src/rp2_common/hardware_pll/pll.c.obj
 .debug_loc     0x0000b87a      0x2ec CMakeFiles/train_cpu_test.dir/C_/Pico/pico-sdk/src/rp2_common/hardware_watchdog/watchdog.c.obj
 .debug_loc     0x0000bb66       0x71 CMakeFiles/train_cpu_test.dir/C_/Pico/pico-sdk/src/rp2_common/hardware_xosc/xosc.c.obj
 .debug_loc     0x0000bbd7     0x2095 CMakeFiles/train_cpu_test.dir/C_/Pico/pico-sdk/src/rp2_common/pico_printf/printf.c.obj
 .debug_loc     0x0000dc6c      0x1a1 CMakeFiles/train_cpu_test.dir/C_/Pico/pico-sdk/src/rp2_common/pico_bootrom/bootrom.c.obj
 .debug_loc     0x0000de0d       0x59 CMakeFiles/train_cpu_test.dir/C_/Pico/pico-sdk/src/rp2_common/pico_double/double_init_rom.c.obj
 .debug_loc     0x0000de66     0x7f1a CMakeFiles/train_cpu_test.dir/C_/Pico/pico-sdk/src/rp2_common/pico_double/double_math.c.obj
 .debug_loc     0x00015d80       0x73 CMakeFiles/train_cpu_test.dir/C_/Pico/pico-sdk/src/rp2_common/pico_float/float_init_rom.c.obj
 .debug_loc     0x00015df3      0xb7b CMakeFiles/train_cpu_test.dir/C_/Pico/pico-sdk/src/rp2_common/pico_stdio/stdio.c.obj
 .debug_loc     0x0001696e      0x54c CMakeFiles/train_cpu_test.dir/C_/Pico/pico-sdk/src/rp2_common/pico_stdio_uart/stdio_uart.c.obj

.debug_aranges  0x00000000      0xf38
 .debug_aranges
                0x00000000       0x90 CMakeFiles/train_cpu_test.dir/train_cpu_test.c.obj
 .debug_aranges
                0x00000090      0x100 CMakeFiles/train_cpu_test.dir/C_/Pico/pico-sdk/src/rp2_common/hardware_gpio/gpio.c.obj
 .debug_aranges
                0x00000190       0x48 CMakeFiles/train_cpu_test.dir/C_/Pico/pico-sdk/src/rp2_common/hardware_claim/claim.c.obj
 .debug_aranges
                0x000001d8       0x28 CMakeFiles/train_cpu_test.dir/C_/Pico/pico-sdk/src/rp2_common/pico_platform/platform.c.obj
 .debug_aranges
                0x00000200       0x58 CMakeFiles/train_cpu_test.dir/C_/Pico/pico-sdk/src/rp2_common/hardware_sync/sync.c.obj
 .debug_aranges
                0x00000258       0xc8 CMakeFiles/train_cpu_test.dir/C_/Pico/pico-sdk/src/rp2_common/hardware_irq/irq.c.obj
 .debug_aranges
                0x00000320       0x20 CMakeFiles/train_cpu_test.dir/C_/Pico/pico-sdk/src/common/pico_sync/lock_core.c.obj
 .debug_aranges
                0x00000340       0xd0 CMakeFiles/train_cpu_test.dir/C_/Pico/pico-sdk/src/common/pico_time/time.c.obj
 .debug_aranges
                0x00000410       0x78 CMakeFiles/train_cpu_test.dir/C_/Pico/pico-sdk/src/rp2_common/hardware_timer/timer.c.obj
 .debug_aranges
                0x00000488       0x78 CMakeFiles/train_cpu_test.dir/C_/Pico/pico-sdk/src/common/pico_util/pheap.c.obj
 .debug_aranges
                0x00000500       0x88 CMakeFiles/train_cpu_test.dir/C_/Pico/pico-sdk/src/common/pico_sync/mutex.c.obj
 .debug_aranges
                0x00000588       0x40 CMakeFiles/train_cpu_test.dir/C_/Pico/pico-sdk/src/rp2_common/hardware_uart/uart.c.obj
 .debug_aranges
                0x000005c8       0x60 CMakeFiles/train_cpu_test.dir/C_/Pico/pico-sdk/src/rp2_common/pico_runtime/runtime.c.obj
 .debug_aranges
                0x00000628       0x70 CMakeFiles/train_cpu_test.dir/C_/Pico/pico-sdk/src/rp2_common/hardware_clocks/clocks.c.obj
 .debug_aranges
                0x00000698       0x28 CMakeFiles/train_cpu_test.dir/C_/Pico/pico-sdk/src/rp2_common/hardware_pll/pll.c.obj
 .debug_aranges
                0x000006c0       0x58 CMakeFiles/train_cpu_test.dir/C_/Pico/pico-sdk/src/rp2_common/hardware_watchdog/watchdog.c.obj
 .debug_aranges
                0x00000718       0x30 CMakeFiles/train_cpu_test.dir/C_/Pico/pico-sdk/src/rp2_common/hardware_xosc/xosc.c.obj
 .debug_aranges
                0x00000748       0x90 CMakeFiles/train_cpu_test.dir/C_/Pico/pico-sdk/src/rp2_common/pico_printf/printf.c.obj
 .debug_aranges
                0x000007d8       0x68 CMakeFiles/train_cpu_test.dir/C_/Pico/pico-sdk/src/rp2_common/pico_bit_ops/bit_ops_aeabi.S.obj
 .debug_aranges
                0x00000840       0x30 CMakeFiles/train_cpu_test.dir/C_/Pico/pico-sdk/src/rp2_common/pico_bootrom/bootrom.c.obj
 .debug_aranges
                0x00000870       0x40 CMakeFiles/train_cpu_test.dir/C_/Pico/pico-sdk/src/rp2_common/pico_divider/divider.S.obj
 .debug_aranges
                0x000008b0      0x140 CMakeFiles/train_cpu_test.dir/C_/Pico/pico-sdk/src/rp2_common/pico_double/double_aeabi.S.obj
 .debug_aranges
                0x000009f0       0x20 CMakeFiles/train_cpu_test.dir/C_/Pico/pico-sdk/src/rp2_common/pico_double/double_init_rom.c.obj
 .debug_aranges
                0x00000a10      0x130 CMakeFiles/train_cpu_test.dir/C_/Pico/pico-sdk/src/rp2_common/pico_double/double_math.c.obj
 .debug_aranges
                0x00000b40       0xc8 CMakeFiles/train_cpu_test.dir/C_/Pico/pico-sdk/src/rp2_common/pico_double/double_v1_rom_shim.S.obj
 .debug_aranges
                0x00000c08      0x130 CMakeFiles/train_cpu_test.dir/C_/Pico/pico-sdk/src/rp2_common/pico_float/float_aeabi.S.obj
 .debug_aranges
                0x00000d38       0x20 CMakeFiles/train_cpu_test.dir/C_/Pico/pico-sdk/src/rp2_common/pico_float/float_init_rom.c.obj
 .debug_aranges
                0x00000d58       0x50 CMakeFiles/train_cpu_test.dir/C_/Pico/pico-sdk/src/rp2_common/pico_float/float_v1_rom_shim.S.obj
 .debug_aranges
                0x00000da8       0x38 CMakeFiles/train_cpu_test.dir/C_/Pico/pico-sdk/src/rp2_common/pico_mem_ops/mem_ops_aeabi.S.obj
 .debug_aranges
                0x00000de0       0x28 CMakeFiles/train_cpu_test.dir/C_/Pico/pico-sdk/src/rp2_common/pico_standard_link/crt0.S.obj
 .debug_aranges
                0x00000e08       0x18 CMakeFiles/train_cpu_test.dir/C_/Pico/pico-sdk/src/rp2_common/pico_standard_link/binary_info.c.obj
 .debug_aranges
                0x00000e20       0xd0 CMakeFiles/train_cpu_test.dir/C_/Pico/pico-sdk/src/rp2_common/pico_stdio/stdio.c.obj
 .debug_aranges
                0x00000ef0       0x48 CMakeFiles/train_cpu_test.dir/C_/Pico/pico-sdk/src/rp2_common/pico_stdio_uart/stdio_uart.c.obj

.debug_ranges   0x00000000     0x41c0
 .debug_ranges  0x00000000      0xca0 CMakeFiles/train_cpu_test.dir/train_cpu_test.c.obj