Archive member included to satisfy reference by file (symbol)

c:/progra~2/gnuarm~1/102021~1.07/bin/../lib/gcc/arm-none-eabi/10.3.1/thumb/v6-m/nofp\libgcc.a(_dvmd_tls.o)
                              CMakeFiles/train_cpu_test.dir/C_/Pico/pico-sdk/src/rp2_common/pico_divider/divider.S.obj (__aeabi_idiv0)
c:/progra~2/gnuarm~1/102021~1.07/bin/../lib/gcc/arm-none-eabi/10.3.1/../../../../arm-none-eabi/lib/thumb/v6-m/nofp\libg.a(lib_a-calloc.o)
                              CMakeFiles/train_cpu_test.dir/C_/Pico/pico-sdk/src/rp2_common/pico_malloc/pico_malloc.c.obj (calloc)
c:/progra~2/gnuarm~1/102021~1.07/bin/../lib/gcc/arm-none-eabi/10.3.1/../../../../arm-none-eabi/lib/thumb/v6-m/nofp\libg.a(lib_a-callocr.o)
                              c:/progra~2/gnuarm~1/102021~1.07/bin/../lib/gcc/arm-none-eabi/10.3.1/../../../../arm-none-eabi/lib/thumb/v6-m/nofp\libg.a(lib_a-calloc.o) (_calloc_r)
c:/progra~2/gnuarm~1/102021~1.07/bin/../lib/gcc/arm-none-eabi/10.3.1/../../../../arm-none-eabi/lib/thumb/v6-m/nofp\libg.a(lib_a-errno.o)
                              c:/progra~2/gnuarm~1/102021~1.07/bin/../lib/gcc/arm-none-eabi/10.3.1/../../../../arm-none-eabi/lib/thumb/v6-m/nofp\libg.a(lib_a-callocr.o) (__errno)
c:/progra~2/gnuarm~1/102021~1.07/bin/../lib/gcc/arm-none-eabi/10.3.1/../../../../arm-none-eabi/lib/thumb/v6-m/nofp\libg.a(lib_a-impure.o)
                              c:/progra~2/gnuarm~1/102021~1.07/bin/../lib/gcc/arm-none-eabi/10.3.1/../../../../arm-none-eabi/lib/thumb/v6-m/nofp\libg.a(lib_a-calloc.o) (_impure_ptr)
c:/progra~2/gnuarm~1/102021~1.07/bin/../lib/gcc/arm-none-eabi/10.3.1/../../../../arm-none-eabi/lib/thumb/v6-m/nofp\libg.a(lib_a-init.o)
                              c:/progra~2/gnuarm~1/102021~1.07/bin/../lib/gcc/arm-none-eabi/10.3.1/../../../../arm-none-eabi/lib/thumb/v6-m/nofp/crt0.o (__libc_init_array)
c:/progra~2/gnuarm~1/102021~1.07/bin/../lib/gcc/arm-none-eabi/10.3.1/../../../../arm-none-eabi/lib/thumb/v6-m/nofp\libg.a(lib_a-malloc.o)
                              CMakeFiles/train_cpu_test.dir/C_/Pico/pico-sdk/src/rp2_common/pico_malloc/pico_malloc.c.obj (malloc)
c:/progra~2/gnuarm~1/102021~1.07/bin/../lib/gcc/arm-none-eabi/10.3.1/../../../../arm-none-eabi/lib/thumb/v6-m/nofp\libg.a(lib_a-mallocr.o)
                              c:/progra~2/gnuarm~1/102021~1.07/bin/../lib/gcc/arm-none-eabi/10.3.1/../../../../arm-none-eabi/lib/thumb/v6-m/nofp\libg.a(lib_a-callocr.o) (_malloc_r)
c:/progra~2/gnuarm~1/102021~1.07/bin/../lib/gcc/arm-none-eabi/10.3.1/../../../../arm-none-eabi/lib/thumb/v6-m/nofp\libg.a(lib_a-mlock.o)
                              c:/progra~2/gnuarm~1/102021~1.07/bin/../lib/gcc/arm-none-eabi/10.3.1/../../../../arm-none-eabi/lib/thumb/v6-m/nofp\libg.a(lib_a-mallocr.o) (__malloc_lock)
c:/progra~2/gnuarm~1/102021~1.07/bin/../lib/gcc/arm-none-eabi/10.3.1/../../../../arm-none-eabi/lib/thumb/v6-m/nofp\libg.a(lib_a-realloc.o)
                              CMakeFiles/train_cpu_test.dir/C_/Pico/pico-sdk/src/rp2_common/pico_malloc/pico_malloc.c.obj (realloc)
c:/progra~2/gnuarm~1/102021~1.07/bin/../lib/gcc/arm-none-eabi/10.3.1/../../../../arm-none-eabi/lib/thumb/v6-m/nofp\libg.a(lib_a-reallocr.o)
                              c:/progra~2/gnuarm~1/102021~1.07/bin/../lib/gcc/arm-none-eabi/10.3.1/../../../../arm-none-eabi/lib/thumb/v6-m/nofp\libg.a(lib_a-realloc.o) (_realloc_r)
c:/progra~2/gnuarm~1/102021~1.07/bin/../lib/gcc/arm-none-eabi/10.3.1/../../../../arm-none-eabi/lib/thumb/v6-m/nofp\libg.a(lib_a-sbrkr.o)
                              c:/progra~2/gnuarm~1/102021~1.07/bin/../lib/gcc/arm-none-eabi/10.3.1/../../../../arm-none-eabi/lib/thumb/v6-m/nofp\libg.a(lib_a-mallocr.o) (_sbrk_r)
c:/progra~2/gnuarm~1/102021~1.07/bin/../lib/gcc/arm-none-eabi/10.3.1/../../../../arm-none-eabi/lib/thumb/v6-m/nofp\libg.a(lib_a-strlen-stub.o)
                              CMakeFiles/train_cpu_test.dir/C_/Pico/pico-sdk/src/rp2_common/pico_stdio/stdio.c.obj (strlen)
c:/progra~2/gnuarm~1/102021~1.07/bin/../lib/gcc/arm-none-eabi/10.3.1/../../../../arm-none-eabi/lib/thumb/v6-m/nofp\libg.a(lib_a-freer.o)
                              c:/progra~2/gnuarm~1/102021~1.07/bin/../lib/gcc/arm-none-eabi/10.3.1/../../../../arm-none-eabi/lib/thumb/v6-m/nofp\libg.a(lib_a-malloc.o) (_free_r)
c:/progra~2/gnuarm~1/102021~1.07/bin/../lib/gcc/arm-none-eabi/10.3.1/../../../../arm-none-eabi/lib/thumb/v6-m/nofp\libg.a(lib_a-lock.o)
                              c:/progra~2/gnuarm~1/102021~1.07/bin/../lib/gcc/arm-none-eabi/10.3.1/../../../../arm-none-eabi/lib/thumb/v6-m/nofp\libg.a(lib_a-mlock.o) (__retarget_lock_acquire_recursive)
c:/progra~2/gnuarm~1/102021~1.07/bin/../lib/gcc/arm-none-eabi/10.3.1/../../../../arm-none-eabi/lib/thumb/v6-m/nofp\libg.a(lib_a-memmove.o)
                              c:/progra~2/gnuarm~1/102021~1.07/bin/../lib/gcc/arm-none-eabi/10.3.1/../../../../arm-none-eabi/lib/thumb/v6-m/nofp\libg.a(lib_a-reallocr.o) (memmove)
[...]
Memory Configuration

Name             Origin             Length             Attributes
FLASH            0x10000000         0x00200000         xr
RAM              0x20000000         0x00040000         xrw
SCRATCH_X        0x20040000         0x00001000         xrw
SCRATCH_Y        0x20041000         0x00001000         xrw
*default*        0x00000000         0xffffffff

Linker script and memory map

LOAD c:/progra~2/gnuarm~1/102021~1.07/bin/../lib/gcc/arm-none-eabi/10.3.1/thumb/v6-m/nofp/crti.o
LOAD c:/progra~2/gnuarm~1/102021~1.07/bin/../lib/gcc/arm-none-eabi/10.3.1/thumb/v6-m/nofp/crtbegin.o
LOAD c:/progra~2/gnuarm~1/102021~1.07/bin/../lib/gcc/arm-none-eabi/10.3.1/../../../../arm-none-eabi/lib/thumb/v6-m/nofp/crt0.o

.flash_begin    0x10000000        0x0
                0x10000000                __flash_binary_start = .

.boot2          0x10000000      0x100
                0x10000000                __boot2_start__ = .
 *(.boot2)
 .boot2         0x10000000      0x100 C:\Users\a235917\AppData\Local\Temp\ccHdh4on.o
                0x10000100                __boot2_end__ = .
                0x00000001                ASSERT (((__boot2_end__ - __boot2_start__) == 0x100), ERROR: Pico second stage bootloader must be 256 bytes in size)

.text           0x10000100     0x5610
                0x10000100                __logical_binary_start = .
 *(.vectors)
 .vectors       0x10000100       0xd4 CMakeFiles/train_cpu_test.dir/C_/Pico/pico-sdk/src/rp2_common/pico_standard_link/crt0.S.obj
                0x10000100                __VECTOR_TABLE
                0x10000100                __vectors
                0x100001c0                isr_invalid
                0x100001c0                __default_isrs_start
                0x100001c2                isr_nmi
                0x100001c4                isr_hardfault
                0x100001c6                isr_svcall
                0x100001c8                isr_pendsv
                0x100001ca                isr_systick
                0x100001cc                isr_irq23
                0x100001cc                isr_irq18
                0x100001cc                isr_irq11
                0x100001cc                isr_irq28
                0x100001cc                isr_irq19
                0x100001cc                isr_irq0
                0x100001cc                isr_irq6
                0x100001cc                isr_irq5
                0x100001cc                isr_irq12
                0x100001cc                isr_irq22
                0x100001cc                isr_irq31
                0x100001cc                isr_irq17
                0x100001cc                isr_irq27
                0x100001cc                isr_irq30
                0x100001cc                isr_irq2
                0x100001cc                isr_irq10
                0x100001cc                isr_irq8
                0x100001cc                isr_irq24
                0x100001cc                isr_irq1
                0x100001cc                isr_irq7
                0x100001cc                isr_irq21
                0x100001cc                isr_irq20
                0x100001cc                isr_irq15
                0x100001cc                isr_irq25
                0x100001cc                isr_irq13
                0x100001cc                __unhandled_user_irq
                0x100001cc                isr_irq4
                0x100001cc                isr_irq16
                0x100001cc                isr_irq29
                0x100001cc                isr_irq26
                0x100001cc                __default_isrs_end
                0x100001cc                isr_irq3
                0x100001cc                isr_irq14
                0x100001cc                isr_irq9
                0x100001d2                unhandled_user_irq_num_in_r0
 *(.binary_info_header)
 .binary_info_header
                0x100001d4       0x14 CMakeFiles/train_cpu_test.dir/C_/Pico/pico-sdk/src/rp2_common/pico_standard_link/crt0.S.obj
                0x100001e8                __binary_info_header_end = .
 *(.reset)
 .reset         0x100001e8       0xa8 CMakeFiles/train_cpu_test.dir/C_/Pico/pico-sdk/src/rp2_common/pico_standard_link/crt0.S.obj
                0x100001e8                _entry_point
                0x10000266                __get_current_exception
 .reset         0x10000290       0x30 CMakeFiles/train_cpu_test.dir/C_/Pico/pico-sdk/src/rp2_common/pico_standard_link/binary_info.c.obj
 *(.init)
 .init          0x100002c0        0x4 c:/progra~2/gnuarm~1/102021~1.07/bin/../lib/gcc/arm-none-eabi/10.3.1/thumb/v6-m/nofp/crti.o
                0x100002c0                _init
 *(EXCLUDE_FILE(*libm.a: *libc.a:*lib_a-mem*.o *libgcc.a:) .text*)
 .text          0x100002c4       0x48 c:/progra~2/gnuarm~1/102021~1.07/bin/../lib/gcc/arm-none-eabi/10.3.1/thumb/v6-m/nofp/crtbegin.o
 .text.check_input_start
                0x1000030c      0x160 CMakeFiles/train_cpu_test.dir/train_cpu_test.c.obj
                0x1000030c                check_input_start
 .text.store_command
                0x1000046c       0x9c CMakeFiles/train_cpu_test.dir/train_cpu_test.c.obj
                0x1000046c                store_command
 .text.program_display
                0x10000508       0x5c CMakeFiles/train_cpu_test.dir/train_cpu_test.c.obj
                0x10000508                program_display
 .text.fetch    0x10000564       0x70 CMakeFiles/train_cpu_test.dir/train_cpu_test.c.obj
                0x10000564                fetch
 .text.get_register_index
                0x100005d4       0xcc CMakeFiles/train_cpu_test.dir/train_cpu_test.c.obj
                0x100005d4                get_register_index
 .text.get_mediate
                0x100006a0       0xc8 CMakeFiles/train_cpu_test.dir/train_cpu_test.c.obj
                0x100006a0                get_mediate
 .text.mov      0x10000768       0x70 CMakeFiles/train_cpu_test.dir/train_cpu_test.c.obj
                0x10000768                mov
 .text.sub      0x100007d8       0x8c CMakeFiles/train_cpu_test.dir/train_cpu_test.c.obj
                0x100007d8                sub
 .text.mul      0x10000864       0x8c CMakeFiles/train_cpu_test.dir/train_cpu_test.c.obj
                0x10000864                mul
 .text.cmp      0x100008f0       0xc4 CMakeFiles/train_cpu_test.dir/train_cpu_test.c.obj
                0x100008f0                cmp
 .text.blt      0x100009b4       0x60 CMakeFiles/train_cpu_test.dir/train_cpu_test.c.obj
                0x100009b4                blt
 .text.b        0x10000a14       0x44 CMakeFiles/train_cpu_test.dir/train_cpu_test.c.obj
                0x10000a14                b
 .text.out      0x10000a58      0x184 CMakeFiles/train_cpu_test.dir/train_cpu_test.c.obj
                0x10000a58                out
 .text.decode   0x10000bdc       0x54 CMakeFiles/train_cpu_test.dir/train_cpu_test.c.obj
                0x10000bdc                decode
 .text.main     0x10000c30       0x74 CMakeFiles/train_cpu_test.dir/train_cpu_test.c.obj
                0x10000c30                main
 .text.gpio_set_function
                0x10000ca4       0x30 CMakeFiles/train_cpu_test.dir/C_/Pico/pico-sdk/src/rp2_common/hardware_gpio/gpio.c.obj
                0x10000ca4                gpio_set_function
 .text.gpio_init
                0x10000cd4       0x16 CMakeFiles/train_cpu_test.dir/C_/Pico/pico-sdk/src/rp2_common/hardware_gpio/gpio.c.obj
                0x10000cd4                gpio_init
 *fill*         0x10000cea        0x2 
 .text.hw_claim_lock
                0x10000cec       0x18 CMakeFiles/train_cpu_test.dir/C_/Pico/pico-sdk/src/rp2_common/hardware_claim/claim.c.obj
                0x10000cec                hw_claim_lock
 .text.hw_claim_unlock
                0x10000d04       0x14 CMakeFiles/train_cpu_test.dir/C_/Pico/pico-sdk/src/rp2_common/hardware_claim/claim.c.obj
                0x10000d04                hw_claim_unlock
 .text.hw_claim_or_assert
                0x10000d18       0x32 CMakeFiles/train_cpu_test.dir/C_/Pico/pico-sdk/src/rp2_common/hardware_claim/claim.c.obj
                0x10000d18                hw_claim_or_assert
 *fill*         0x10000d4a        0x2 
 .text.running_on_fpga
                0x10000d4c       0x14 CMakeFiles/train_cpu_test.dir/C_/Pico/pico-sdk/src/rp2_common/pico_platform/platform.c.obj
                0x10000d4c                running_on_fpga
 .text.spin_locks_reset
                0x10000d60       0x20 CMakeFiles/train_cpu_test.dir/C_/Pico/pico-sdk/src/rp2_common/hardware_sync/sync.c.obj
                0x10000d60                spin_locks_reset
 .text.next_striped_spin_lock_num
                0x10000d80       0x1c CMakeFiles/train_cpu_test.dir/C_/Pico/pico-sdk/src/rp2_common/hardware_sync/sync.c.obj
                0x10000d80                next_striped_spin_lock_num
 .text.set_raw_irq_handler_and_unlock
                0x10000d9c       0x28 CMakeFiles/train_cpu_test.dir/C_/Pico/pico-sdk/src/rp2_common/hardware_irq/irq.c.obj
 .text.make_branch
                0x10000dc4       0x48 CMakeFiles/train_cpu_test.dir/C_/Pico/pico-sdk/src/rp2_common/hardware_irq/irq.c.obj
 .text.insert_branch_and_link
                0x10000e0c       0x40 CMakeFiles/train_cpu_test.dir/C_/Pico/pico-sdk/src/rp2_common/hardware_irq/irq.c.obj
 .text.irq_is_enabled
                0x10000e4c       0x18 CMakeFiles/train_cpu_test.dir/C_/Pico/pico-sdk/src/rp2_common/hardware_irq/irq.c.obj
                0x10000e4c                irq_is_enabled
 .text.irq_set_mask_enabled
                0x10000e64       0x20 CMakeFiles/train_cpu_test.dir/C_/Pico/pico-sdk/src/rp2_common/hardware_irq/irq.c.obj
                0x10000e64                irq_set_mask_enabled
 .text.irq_set_enabled
                0x10000e84        0xe CMakeFiles/train_cpu_test.dir/C_/Pico/pico-sdk/src/rp2_common/hardware_irq/irq.c.obj
                0x10000e84                irq_set_enabled
 *fill*         0x10000e92        0x2 
 .text.irq_get_vtable_handler
                0x10000e94       0x10 CMakeFiles/train_cpu_test.dir/C_/Pico/pico-sdk/src/rp2_common/hardware_irq/irq.c.obj
                0x10000e94                irq_get_vtable_handler
 .text.irq_set_exclusive_handler
                0x10000ea4       0x54 CMakeFiles/train_cpu_test.dir/C_/Pico/pico-sdk/src/rp2_common/hardware_irq/irq.c.obj
                0x10000ea4                irq_set_exclusive_handler
 .text.irq_remove_handler
                0x10000ef8      0x1a8 CMakeFiles/train_cpu_test.dir/C_/Pico/pico-sdk/src/rp2_common/hardware_irq/irq.c.obj
                0x10000ef8                irq_remove_handler
 .text.irq_add_tail_to_free_list
                0x100010a0       0xf0 CMakeFiles/train_cpu_test.dir/C_/Pico/pico-sdk/src/rp2_common/hardware_irq/irq.c.obj
                0x100010a0                irq_add_tail_to_free_list
 .text.irq_init_priorities
                0x10001190       0x1c CMakeFiles/train_cpu_test.dir/C_/Pico/pico-sdk/src/rp2_common/hardware_irq/irq.c.obj
                0x10001190                irq_init_priorities
 .text.lock_init
                0x100011ac       0x10 CMakeFiles/train_cpu_test.dir/C_/Pico/pico-sdk/src/common/pico_sync/lock_core.c.obj
                0x100011ac                lock_init
 .text.alarm_pool_post_alloc_init
                0x100011bc       0x40 CMakeFiles/train_cpu_test.dir/C_/Pico/pico-sdk/src/common/pico_time/time.c.obj
 .text.timer_pool_entry_comparator
                0x100011fc       0x7c CMakeFiles/train_cpu_test.dir/C_/Pico/pico-sdk/src/common/pico_time/time.c.obj
                0x100011fc                timer_pool_entry_comparator
 .text.ph_add_child_node
                0x10001278       0xa4 CMakeFiles/train_cpu_test.dir/C_/Pico/pico-sdk/src/common/pico_time/time.c.obj
 .text.ph_merge_nodes
                0x1000131c       0x3e CMakeFiles/train_cpu_test.dir/C_/Pico/pico-sdk/src/common/pico_time/time.c.obj
 *fill*         0x1000135a        0x2 
 .text.add_alarm_under_lock
                0x1000135c      0x174 CMakeFiles/train_cpu_test.dir/C_/Pico/pico-sdk/src/common/pico_time/time.c.obj
 .text.alarm_pool_alarm_callback
                0x100014d0      0x328 CMakeFiles/train_cpu_test.dir/C_/Pico/pico-sdk/src/common/pico_time/time.c.obj
 .text.alarm_pool_init_default
                0x100017f8       0x38 CMakeFiles/train_cpu_test.dir/C_/Pico/pico-sdk/src/common/pico_time/time.c.obj
                0x100017f8                alarm_pool_init_default
 .text.hardware_alarm_irq_handler
                0x10001830       0x8c CMakeFiles/train_cpu_test.dir/C_/Pico/pico-sdk/src/rp2_common/hardware_timer/timer.c.obj
 .text.hardware_alarm_claim
                0x100018bc       0x18 CMakeFiles/train_cpu_test.dir/C_/Pico/pico-sdk/src/rp2_common/hardware_timer/timer.c.obj
                0x100018bc                hardware_alarm_claim
 .text.time_us_64
                0x100018d4       0x18 CMakeFiles/train_cpu_test.dir/C_/Pico/pico-sdk/src/rp2_common/hardware_timer/timer.c.obj
                0x100018d4                time_us_64
 .text.hardware_alarm_set_callback
                0x100018ec       0x90 CMakeFiles/train_cpu_test.dir/C_/Pico/pico-sdk/src/rp2_common/hardware_timer/timer.c.obj
                0x100018ec                hardware_alarm_set_callback
 .text.hardware_alarm_set_target
                0x1000197c       0xe8 CMakeFiles/train_cpu_test.dir/C_/Pico/pico-sdk/src/rp2_common/hardware_timer/timer.c.obj
                0x1000197c                hardware_alarm_set_target
 .text.hardware_alarm_cancel
                0x10001a64       0x40 CMakeFiles/train_cpu_test.dir/C_/Pico/pico-sdk/src/rp2_common/hardware_timer/timer.c.obj
                0x10001a64                hardware_alarm_cancel
 .text.ph_add_child_node
                0x10001aa4       0xa4 CMakeFiles/train_cpu_test.dir/C_/Pico/pico-sdk/src/common/pico_util/pheap.c.obj
 .text.ph_merge_nodes
                0x10001b48       0x3e CMakeFiles/train_cpu_test.dir/C_/Pico/pico-sdk/src/common/pico_util/pheap.c.obj
 *fill*         0x10001b86        0x2 
 .text.ph_clear
                0x10001b88       0x70 CMakeFiles/train_cpu_test.dir/C_/Pico/pico-sdk/src/common/pico_util/pheap.c.obj
                0x10001b88                ph_clear
 .text.ph_post_alloc_init
                0x10001bf8        0xe CMakeFiles/train_cpu_test.dir/C_/Pico/pico-sdk/src/common/pico_util/pheap.c.obj
                0x10001bf8                ph_post_alloc_init
 *fill*         0x10001c06        0x2 
 .text.ph_merge_two_pass
                0x10001c08       0xa8 CMakeFiles/train_cpu_test.dir/C_/Pico/pico-sdk/src/common/pico_util/pheap.c.obj
                0x10001c08                ph_merge_two_pass
 .text.ph_remove_any_head
                0x10001cb0      0x108 CMakeFiles/train_cpu_test.dir/C_/Pico/pico-sdk/src/common/pico_util/pheap.c.obj
 .text.ph_remove_head
                0x10001db8       0x14 CMakeFiles/train_cpu_test.dir/C_/Pico/pico-sdk/src/common/pico_util/pheap.c.obj
                0x10001db8                ph_remove_head
 .text.ph_remove_and_free_node
                0x10001dcc       0xf8 CMakeFiles/train_cpu_test.dir/C_/Pico/pico-sdk/src/common/pico_util/pheap.c.obj
                0x10001dcc                ph_remove_and_free_node
 .text.mutex_init
                0x10001ec4       0x1a CMakeFiles/train_cpu_test.dir/C_/Pico/pico-sdk/src/common/pico_sync/mutex.c.obj
                0x10001ec4                mutex_init
 .text.recursive_mutex_init
                0x10001ede       0x1e CMakeFiles/train_cpu_test.dir/C_/Pico/pico-sdk/src/common/pico_sync/mutex.c.obj
                0x10001ede                recursive_mutex_init
 .text.uart_set_baudrate
                0x10001efc       0x5c CMakeFiles/train_cpu_test.dir/C_/Pico/pico-sdk/src/rp2_common/hardware_uart/uart.c.obj
                0x10001efc                uart_set_baudrate
 .text.uart_set_translate_crlf
                0x10001f58       0x28 CMakeFiles/train_cpu_test.dir/C_/Pico/pico-sdk/src/rp2_common/hardware_uart/uart.c.obj
                0x10001f58                uart_set_translate_crlf
 .text.uart_init
                0x10001f80       0x80 CMakeFiles/train_cpu_test.dir/C_/Pico/pico-sdk/src/rp2_common/hardware_uart/uart.c.obj
                0x10001f80                uart_init
 .text._exit    0x10002000        0x4 CMakeFiles/train_cpu_test.dir/C_/Pico/pico-sdk/src/rp2_common/pico_runtime/runtime.c.obj
                0x10002000                _exit
 .text.exit     0x10002004        0x6 CMakeFiles/train_cpu_test.dir/C_/Pico/pico-sdk/src/rp2_common/pico_runtime/runtime.c.obj
                0x10002004                exit
 *fill*         0x1000200a        0x2 
 .text.__assert_func
                0x1000200c       0x3c CMakeFiles/train_cpu_test.dir/C_/Pico/pico-sdk/src/rp2_common/pico_runtime/runtime.c.obj
                0x1000200c                __assert_func
 .text.runtime_init
                0x10002048       0xf8 CMakeFiles/train_cpu_test.dir/C_/Pico/pico-sdk/src/rp2_common/pico_runtime/runtime.c.obj
                0x10002048                runtime_init
 .text.panic    0x10002140       0x30 CMakeFiles/train_cpu_test.dir/C_/Pico/pico-sdk/src/rp2_common/pico_runtime/runtime.c.obj
                0x10002140                panic
 .text.clock_configure
                0x10002170      0x104 CMakeFiles/train_cpu_test.dir/C_/Pico/pico-sdk/src/rp2_common/hardware_clocks/clocks.c.obj
                0x10002170                clock_configure
 .text.clocks_init
                0x10002274      0x100 CMakeFiles/train_cpu_test.dir/C_/Pico/pico-sdk/src/rp2_common/hardware_clocks/clocks.c.obj
                0x10002274                clocks_init
 .text.clock_get_hz
                0x10002374        0xc CMakeFiles/train_cpu_test.dir/C_/Pico/pico-sdk/src/rp2_common/hardware_clocks/clocks.c.obj
                0x10002374                clock_get_hz
 .text.pll_init
                0x10002380      0x140 CMakeFiles/train_cpu_test.dir/C_/Pico/pico-sdk/src/rp2_common/hardware_pll/pll.c.obj
                0x10002380                pll_init
 .text.watchdog_start_tick
                0x100024c0       0x10 CMakeFiles/train_cpu_test.dir/C_/Pico/pico-sdk/src/rp2_common/hardware_watchdog/watchdog.c.obj
                0x100024c0                watchdog_start_tick
 .text.xosc_init
                0x100024d0       0x28 CMakeFiles/train_cpu_test.dir/C_/Pico/pico-sdk/src/rp2_common/hardware_xosc/xosc.c.obj
                0x100024d0                xosc_init
 .text._out_buffer
                0x100024f8        0x8 CMakeFiles/train_cpu_test.dir/C_/Pico/pico-sdk/src/rp2_common/pico_printf/printf.c.obj
 .text._out_null
                0x10002500        0x2 CMakeFiles/train_cpu_test.dir/C_/Pico/pico-sdk/src/rp2_common/pico_printf/printf.c.obj
 .text._out_fct
                0x10002502        0xe CMakeFiles/train_cpu_test.dir/C_/Pico/pico-sdk/src/rp2_common/pico_printf/printf.c.obj
 .text._atoi    0x10002510       0x24 CMakeFiles/train_cpu_test.dir/C_/Pico/pico-sdk/src/rp2_common/pico_printf/printf.c.obj
 .text._out_rev
                0x10002534       0xae CMakeFiles/train_cpu_test.dir/C_/Pico/pico-sdk/src/rp2_common/pico_printf/printf.c.obj
 .text._ntoa_format
                0x100025e2      0x112 CMakeFiles/train_cpu_test.dir/C_/Pico/pico-sdk/src/rp2_common/pico_printf/printf.c.obj
 .text._ntoa_long
                0x100026f4       0xbc CMakeFiles/train_cpu_test.dir/C_/Pico/pico-sdk/src/rp2_common/pico_printf/printf.c.obj
 .text._ntoa_long_long
                0x100027b0       0xe2 CMakeFiles/train_cpu_test.dir/C_/Pico/pico-sdk/src/rp2_common/pico_printf/printf.c.obj
 *fill*         0x10002892        0x2 
 .text._etoa    0x10002894      0x414 CMakeFiles/train_cpu_test.dir/C_/Pico/pico-sdk/src/rp2_common/pico_printf/printf.c.obj
 .text._ftoa    0x10002ca8      0x354 CMakeFiles/train_cpu_test.dir/C_/Pico/pico-sdk/src/rp2_common/pico_printf/printf.c.obj
 .text._vsnprintf
                0x10002ffc      0x624 CMakeFiles/train_cpu_test.dir/C_/Pico/pico-sdk/src/rp2_common/pico_printf/printf.c.obj
 .text.__wrap_sprintf
                0x10003620       0x28 CMakeFiles/train_cpu_test.dir/C_/Pico/pico-sdk/src/rp2_common/pico_printf/printf.c.obj
                0x10003620                __wrap_sprintf
 .text.vfctprintf
                0x10003648       0x20 CMakeFiles/train_cpu_test.dir/C_/Pico/pico-sdk/src/rp2_common/pico_printf/printf.c.obj
                0x10003648                vfctprintf
 .text          0x10003668       0x10 CMakeFiles/train_cpu_test.dir/C_/Pico/pico-sdk/src/rp2_common/pico_bit_ops/bit_ops_aeabi.S.obj
 .text.rom_func_lookup
                0x10003678       0x10 CMakeFiles/train_cpu_test.dir/C_/Pico/pico-sdk/src/rp2_common/pico_bootrom/bootrom.c.obj
                0x10003678                rom_func_lookup
 .text.rom_data_lookup
                0x10003688       0x10 CMakeFiles/train_cpu_test.dir/C_/Pico/pico-sdk/src/rp2_common/pico_bootrom/bootrom.c.obj
                0x10003688                rom_data_lookup
 .text.rom_funcs_lookup
                0x10003698       0x36 CMakeFiles/train_cpu_test.dir/C_/Pico/pico-sdk/src/rp2_common/pico_bootrom/bootrom.c.obj
                0x10003698                rom_funcs_lookup
 *fill*         0x100036ce        0x2 
 .text.__wrap___aeabi_idiv
                0x100036d0       0x50 CMakeFiles/train_cpu_test.dir/C_/Pico/pico-sdk/src/rp2_common/pico_divider/divider.S.obj
                0x100036d0                __wrap___aeabi_idivmod
                0x100036d0                divmod_s32s32
                0x100036d0                div_s32s32
                0x100036d0                __wrap___aeabi_idiv
                0x100036d8                divmod_s32s32_unsafe
                0x10003704                divmod_s32s32_savestate
 .text.__wrap___aeabi_uidiv
                0x10003720       0x4c CMakeFiles/train_cpu_test.dir/C_/Pico/pico-sdk/src/rp2_common/pico_divider/divider.S.obj
                0x10003720                __wrap___aeabi_uidiv
                0x10003720                __wrap___aeabi_uidivmod
                0x10003720                div_u32u32
                0x10003720                divmod_u32u32
                0x10003728                divmod_u32u32_unsafe
                0x10003750                divmod_u32u32_savestate
 .text.__wrap___aeabi_ldiv
                0x1000376c      0x434 CMakeFiles/train_cpu_test.dir/C_/Pico/pico-sdk/src/rp2_common/pico_divider/divider.S.obj
                0x1000376c                div_s64s64
                0x1000376c                divmod_s64s64
                0x1000376c                __wrap___aeabi_ldivmod
                0x100037a4                divmod_u64u64
                0x100037a4                div_u64u64
                0x100037a4                __wrap___aeabi_uldivmod
                0x100037b4                divmod_u64u64_savestate
                0x100037dc                divmod_s64s64_unsafe
                0x10003864                divmod_u64u64_unsafe
 .text.__wrap___aeabi_darithmetic
                0x10003ba0       0x80 CMakeFiles/train_cpu_test.dir/C_/Pico/pico-sdk/src/rp2_common/pico_double/double_aeabi.S.obj
                0x10003ba0                __wrap___aeabi_drsub
                0x10003ba6                __wrap___aeabi_dsub
                0x10003bb8                __wrap___aeabi_dadd
                0x10003bca                __wrap___aeabi_ddiv
                0x10003c06                __wrap___aeabi_dmul
 .text.__wrap___aeabi_cdcmple
                0x10003c20       0x6c CMakeFiles/train_cpu_test.dir/C_/Pico/pico-sdk/src/rp2_common/pico_double/double_aeabi.S.obj
                0x10003c20                __wrap___aeabi_cdrcmple
                0x10003c30                __wrap___aeabi_cdcmpeq
                0x10003c30                __wrap___aeabi_cdcmple
 .text.__wrap___aeabi_dcmpeq
                0x10003c8c       0x10 CMakeFiles/train_cpu_test.dir/C_/Pico/pico-sdk/src/rp2_common/pico_double/double_aeabi.S.obj
                0x10003c8c                __wrap___aeabi_dcmpeq
 .text.__wrap___aeabi_dcmplt
                0x10003c9c        0xc CMakeFiles/train_cpu_test.dir/C_/Pico/pico-sdk/src/rp2_common/pico_double/double_aeabi.S.obj
                0x10003c9c                __wrap___aeabi_dcmplt
 .text.__wrap___aeabi_dcmple
                0x10003ca8       0x10 CMakeFiles/train_cpu_test.dir/C_/Pico/pico-sdk/src/rp2_common/pico_double/double_aeabi.S.obj
                0x10003ca8                __wrap___aeabi_dcmple
 .text.__wrap___aeabi_dcmpge
                0x10003cb8       0x10 CMakeFiles/train_cpu_test.dir/C_/Pico/pico-sdk/src/rp2_common/pico_double/double_aeabi.S.obj
                0x10003cb8                __wrap___aeabi_dcmpge
 .text.__wrap___aeabi_dcmpgt
                0x10003cc8        0xa CMakeFiles/train_cpu_test.dir/C_/Pico/pico-sdk/src/rp2_common/pico_double/double_aeabi.S.obj
                0x10003cc8                __wrap___aeabi_dcmpgt
 .text.__wrap___aeabi_dcmpun
                0x10003cd2       0x1c CMakeFiles/train_cpu_test.dir/C_/Pico/pico-sdk/src/rp2_common/pico_double/double_aeabi.S.obj
                0x10003cd2                __wrap___aeabi_dcmpun
 *fill*         0x10003cee        0x2 
 .text.__wrap___aeabi_i2d
                0x10003cf0       0x38 CMakeFiles/train_cpu_test.dir/C_/Pico/pico-sdk/src/rp2_common/pico_double/double_aeabi.S.obj
                0x10003cf0                __wrap___aeabi_ui2d
                0x10003cf8                __wrap___aeabi_i2d
 .text.__wrap___aeabi_d2iz
                0x10003d28       0x48 CMakeFiles/train_cpu_test.dir/C_/Pico/pico-sdk/src/rp2_common/pico_double/double_aeabi.S.obj
                0x10003d28                double2int_z
                0x10003d28                __wrap___aeabi_d2iz
 .text.__wrap___aeabi_d2uiz
                0x10003d70       0x18 CMakeFiles/train_cpu_test.dir/C_/Pico/pico-sdk/src/rp2_common/pico_double/double_aeabi.S.obj
                0x10003d70                __wrap___aeabi_d2uiz
                0x10003d70                double2uint
 .text.__wrap_exp
                0x10003d88       0x18 CMakeFiles/train_cpu_test.dir/C_/Pico/pico-sdk/src/rp2_common/pico_double/double_aeabi.S.obj
                0x10003d88                __wrap_exp
 .text.__wrap_log
                0x10003da0       0x18 CMakeFiles/train_cpu_test.dir/C_/Pico/pico-sdk/src/rp2_common/pico_double/double_aeabi.S.obj
                0x10003da0                __wrap_log
 .text.__aeabi_double_init
                0x10003db8       0xc8 CMakeFiles/train_cpu_test.dir/C_/Pico/pico-sdk/src/rp2_common/pico_double/double_init_rom.c.obj
                0x10003db8                __aeabi_double_init
 .text.dpow_int2
                0x10003e80       0x2c CMakeFiles/train_cpu_test.dir/C_/Pico/pico-sdk/src/rp2_common/pico_double/double_math.c.obj
 .text.dpow_1   0x10003eac      0x2a8 CMakeFiles/train_cpu_test.dir/C_/Pico/pico-sdk/src/rp2_common/pico_double/double_math.c.obj
 .text.dpow_0   0x10004154      0x1a0 CMakeFiles/train_cpu_test.dir/C_/Pico/pico-sdk/src/rp2_common/pico_double/double_math.c.obj
 .text.__wrap_ldexp
                0x100042f4       0x50 CMakeFiles/train_cpu_test.dir/C_/Pico/pico-sdk/src/rp2_common/pico_double/double_math.c.obj
                0x100042f4                __wrap_ldexp
 .text.__wrap_round
                0x10004344       0x9c CMakeFiles/train_cpu_test.dir/C_/Pico/pico-sdk/src/rp2_common/pico_double/double_math.c.obj
                0x10004344                __wrap_round
 .text.__wrap_exp2
                0x100043e0       0xcc CMakeFiles/train_cpu_test.dir/C_/Pico/pico-sdk/src/rp2_common/pico_double/double_math.c.obj
                0x100043e0                __wrap_exp2
 .text.__wrap_pow
                0x100044ac      0x37c CMakeFiles/train_cpu_test.dir/C_/Pico/pico-sdk/src/rp2_common/pico_double/double_math.c.obj
                0x100044ac                __wrap_pow
 .text.double_table_shim_on_use_helper
                0x10004828       0x34 CMakeFiles/train_cpu_test.dir/C_/Pico/pico-sdk/src/rp2_common/pico_double/double_v1_rom_shim.S.obj
                0x10004828                double_table_shim_on_use_helper
 .text.__wrap___aeabi_dsub
                0x1000485c       0x10 CMakeFiles/train_cpu_test.dir/C_/Pico/pico-sdk/src/rp2_common/pico_double/double_v1_rom_shim.S.obj
                0x1000485c                drsub_shim
                0x10004862                dsub_shim
 .text.dadd_shim
                0x1000486c      0x15c CMakeFiles/train_cpu_test.dir/C_/Pico/pico-sdk/src/rp2_common/pico_double/double_v1_rom_shim.S.obj
                0x1000486c                dadd_shim
 .text.dmul_shim
                0x100049c8      0x15c CMakeFiles/train_cpu_test.dir/C_/Pico/pico-sdk/src/rp2_common/pico_double/double_v1_rom_shim.S.obj
                0x100049c8                dmul_shim
 .text.ddiv_shim
                0x10004b24      0x1b0 CMakeFiles/train_cpu_test.dir/C_/Pico/pico-sdk/src/rp2_common/pico_double/double_v1_rom_shim.S.obj
                0x10004b24                ddiv_shim
 .text.double2uint_shim
                0x10004cd4        0xe CMakeFiles/train_cpu_test.dir/C_/Pico/pico-sdk/src/rp2_common/pico_double/double_v1_rom_shim.S.obj
                0x10004cd4                double2uint_shim
                0x10004cd6                double2ufix_shim
 *fill*         0x10004ce2        0x2 
 .text.double2uint64_shim
                0x10004ce4       0x70 CMakeFiles/train_cpu_test.dir/C_/Pico/pico-sdk/src/rp2_common/pico_double/double_v1_rom_shim.S.obj
                0x10004ce4                double2uint64_shim
                0x10004ce6                double2ufix64_shim
                0x10004d06                d2fix_a
 .text.x2double_shims
                0x10004d54       0x90 CMakeFiles/train_cpu_test.dir/C_/Pico/pico-sdk/src/rp2_common/pico_double/double_v1_rom_shim.S.obj
                0x10004d54                uint2double_shim
                0x10004d56                ufix2double_shim
                0x10004d5c                int2double_shim
                0x10004d5e                fix2double_shim
                0x10004d64                uint642double_shim
                0x10004d66                ufix642double_shim
                0x10004d6c                int642double_shim
                0x10004d6e                fix642double_shim
 .text.dunpacks
                0x10004de4       0x3c CMakeFiles/train_cpu_test.dir/C_/Pico/pico-sdk/src/rp2_common/pico_double/double_v1_rom_shim.S.obj
                0x10004de4                dunpacks
 .text.dreduce  0x10004e20       0x82 CMakeFiles/train_cpu_test.dir/C_/Pico/pico-sdk/src/rp2_common/pico_double/double_v1_rom_shim.S.obj
                0x10004e20                dreduce
 *fill*         0x10004ea2        0x2 
 .text.dexp_guts
                0x10004ea4      0x268 CMakeFiles/train_cpu_test.dir/C_/Pico/pico-sdk/src/rp2_common/pico_double/double_v1_rom_shim.S.obj
                0x10004ea4                dexp_shim
                0x10004f40                dln_shim
 .text.__aeabi_float_init
                0x1000510c       0xfc CMakeFiles/train_cpu_test.dir/C_/Pico/pico-sdk/src/rp2_common/pico_float/float_init_rom.c.obj
                0x1000510c                __aeabi_float_init
 .text.float_table_shim_on_use_helper
                0x10005208       0x34 CMakeFiles/train_cpu_test.dir/C_/Pico/pico-sdk/src/rp2_common/pico_float/float_v1_rom_shim.S.obj
                0x10005208                float_table_shim_on_use_helper
 .text          0x1000523c       0x10 CMakeFiles/train_cpu_test.dir/C_/Pico/pico-sdk/src/rp2_common/pico_mem_ops/mem_ops_aeabi.S.obj
                0x1000523c                __aeabi_mem_init
 .text.memset   0x1000524c        0xc CMakeFiles/train_cpu_test.dir/C_/Pico/pico-sdk/src/rp2_common/pico_mem_ops/mem_ops_aeabi.S.obj
                0x1000524c                __wrap_memset
 .text.memcpy   0x10005258        0xc CMakeFiles/train_cpu_test.dir/C_/Pico/pico-sdk/src/rp2_common/pico_mem_ops/mem_ops_aeabi.S.obj
                0x10005258                __wrap_memcpy
                0x10005258                __wrap___aeabi_memcpy
 .text.stdio_out_chars_no_crlf
                0x10005264        0xe CMakeFiles/train_cpu_test.dir/C_/Pico/pico-sdk/src/rp2_common/pico_stdio/stdio.c.obj
 *fill*         0x10005272        0x2 
 .text.stdio_out_chars_crlf
                0x10005274       0x80 CMakeFiles/train_cpu_test.dir/C_/Pico/pico-sdk/src/rp2_common/pico_stdio/stdio.c.obj
 .text.stdio_stack_buffer_flush
                0x100052f4       0x44 CMakeFiles/train_cpu_test.dir/C_/Pico/pico-sdk/src/rp2_common/pico_stdio/stdio.c.obj
 .text.stdio_buffered_printer
                0x10005338       0x20 CMakeFiles/train_cpu_test.dir/C_/Pico/pico-sdk/src/rp2_common/pico_stdio/stdio.c.obj
 .text.stdout_serialize_begin
                0x10005358       0x30 CMakeFiles/train_cpu_test.dir/C_/Pico/pico-sdk/src/rp2_common/pico_stdio/stdio.c.obj
                0x10005358                stdout_serialize_begin
 .text.stdout_serialize_end
                0x10005388       0x10 CMakeFiles/train_cpu_test.dir/C_/Pico/pico-sdk/src/rp2_common/pico_stdio/stdio.c.obj
                0x10005388                stdout_serialize_end
 .text.stdio_put_string
                0x10005398       0x98 CMakeFiles/train_cpu_test.dir/C_/Pico/pico-sdk/src/rp2_common/pico_stdio/stdio.c.obj
 .text.__wrap_putchar
                0x10005430       0x1c CMakeFiles/train_cpu_test.dir/C_/Pico/pico-sdk/src/rp2_common/pico_stdio/stdio.c.obj
                0x10005430                __wrap_putchar
 .text.stdio_set_driver_enabled
                0x1000544c       0x2c CMakeFiles/train_cpu_test.dir/C_/Pico/pico-sdk/src/rp2_common/pico_stdio/stdio.c.obj
                0x1000544c                stdio_set_driver_enabled
 .text.stdio_flush
                0x10005478       0x20 CMakeFiles/train_cpu_test.dir/C_/Pico/pico-sdk/src/rp2_common/pico_stdio/stdio.c.obj
                0x10005478                stdio_flush
 .text.__wrap_puts
                0x10005498       0x1e CMakeFiles/train_cpu_test.dir/C_/Pico/pico-sdk/src/rp2_common/pico_stdio/stdio.c.obj
                0x10005498                __wrap_puts
 *fill*         0x100054b6        0x2 
 .text.__wrap_vprintf
                0x100054b8       0x44 CMakeFiles/train_cpu_test.dir/C_/Pico/pico-sdk/src/rp2_common/pico_stdio/stdio.c.obj
                0x100054b8                __wrap_vprintf
 .text.__wrap_printf
                0x100054fc       0x18 CMakeFiles/train_cpu_test.dir/C_/Pico/pico-sdk/src/rp2_common/pico_stdio/stdio.c.obj
                0x100054fc                __wrap_printf
 .text.stdio_init_all
                0x10005514        0x8 CMakeFiles/train_cpu_test.dir/C_/Pico/pico-sdk/src/rp2_common/pico_stdio/stdio.c.obj
                0x10005514                stdio_init_all
 .text.stdio_uart_out_chars
                0x1000551c       0x74 CMakeFiles/train_cpu_test.dir/C_/Pico/pico-sdk/src/rp2_common/pico_stdio_uart/stdio_uart.c.obj
 .text.stdio_uart_in_chars
                0x10005590       0x58 CMakeFiles/train_cpu_test.dir/C_/Pico/pico-sdk/src/rp2_common/pico_stdio_uart/stdio_uart.c.obj
                0x10005590                stdio_uart_in_chars
 .text.stdio_uart_init_full
                0x100055e8       0x3c CMakeFiles/train_cpu_test.dir/C_/Pico/pico-sdk/src/rp2_common/pico_stdio_uart/stdio_uart.c.obj
                0x100055e8                stdio_uart_init_full
 .text.stdio_uart_init
                0x10005624       0x28 CMakeFiles/train_cpu_test.dir/C_/Pico/pico-sdk/src/rp2_common/pico_stdio_uart/stdio_uart.c.obj
                0x10005624                stdio_uart_init
 .text.strlen   0x1000564c       0x5c c:/progra~2/gnuarm~1/102021~1.07/bin/../lib/gcc/arm-none-eabi/10.3.1/../../../../arm-none-eabi/lib/thumb/v6-m/nofp\libg.a(lib_a-strlen-stub.o)
                0x1000564c                strlen
 *(.fini)
 .fini          0x100056a8        0x4 c:/progra~2/gnuarm~1/102021~1.07/bin/../lib/gcc/arm-none-eabi/10.3.1/thumb/v6-m/nofp/crti.o
                0x100056a8                _fini
 *fill*         0x100056ac        0x4 
 .fini.__stub   0x100056b0       0x60 linker stubs
 *crtbegin.o(.ctors)
 *crtbegin?.o(.ctors)
 *(EXCLUDE_FILE(*crtend.o *crtend?.o) .ctors)
 *(SORT_BY_NAME(.ctors.*))
 *(.ctors)
 *crtbegin.o(.dtors)
 *crtbegin?.o(.dtors)
 *(EXCLUDE_FILE(*crtend.o *crtend?.o) .dtors)
 *(SORT_BY_NAME(.dtors.*))
 *(.dtors)
 *(.eh_frame*)
 .eh_frame      0x10005710        0x0 c:/progra~2/gnuarm~1/102021~1.07/bin/../lib/gcc/arm-none-eabi/10.3.1/thumb/v6-m/nofp/crtbegin.o
                0x10005710                . = ALIGN (0x4)

.glue_7         0x10005710        0x0
 .glue_7        0x10005710        0x0 linker stubs

.glue_7t        0x10005710        0x0
 .glue_7t       0x10005710        0x0 linker stubs

.vfp11_veneer   0x10005710        0x0
 .vfp11_veneer  0x10005710        0x0 linker stubs

.v4_bx          0x10005710        0x0
 .v4_bx         0x10005710        0x0 linker stubs

.iplt           0x10005710        0x0
 .iplt          0x10005710        0x0 c:/progra~2/gnuarm~1/102021~1.07/bin/../lib/gcc/arm-none-eabi/10.3.1/thumb/v6-m/nofp/crtbegin.o

.rodata         0x10005710      0xf94
 *(EXCLUDE_FILE(*libm.a: *libc.a:*lib_a-mem*.o *libgcc.a:) .rodata*)
 .rodata.check_input_start.str1.4
                0x10005710       0x2d CMakeFiles/train_cpu_test.dir/train_cpu_test.c.obj
 *fill*         0x1000573d        0x3 
 .rodata.store_command.str1.4
                0x10005740       0x11 CMakeFiles/train_cpu_test.dir/train_cpu_test.c.obj
 *fill*         0x10005751        0x3 
 .rodata.program_display.str1.4
                0x10005754       0x46 CMakeFiles/train_cpu_test.dir/train_cpu_test.c.obj
 *fill*         0x1000579a        0x2 
 .rodata.mov.str1.4
                0x1000579c       0x3d CMakeFiles/train_cpu_test.dir/train_cpu_test.c.obj
 *fill*         0x100057d9        0x3 
 .rodata.sub.str1.4
                0x100057dc       0x35 CMakeFiles/train_cpu_test.dir/train_cpu_test.c.obj
 *fill*         0x10005811        0x3 
 .rodata.mul.str1.4
                0x10005814       0x23 CMakeFiles/train_cpu_test.dir/train_cpu_test.c.obj
 *fill*         0x10005837        0x1 
 .rodata.cmp.str1.4
                0x10005838       0x4d CMakeFiles/train_cpu_test.dir/train_cpu_test.c.obj
 *fill*         0x10005885        0x3 
 .rodata.blt.str1.4
                0x10005888       0x11 CMakeFiles/train_cpu_test.dir/train_cpu_test.c.obj
 *fill*         0x10005899        0x3 
 .rodata.b.str1.4
                0x1000589c        0xb CMakeFiles/train_cpu_test.dir/train_cpu_test.c.obj
 *fill*         0x100058a7        0x1 
 .rodata.out.str1.4
                0x100058a8       0x11 CMakeFiles/train_cpu_test.dir/train_cpu_test.c.obj
 *fill*         0x100058b9        0x3 
 .rodata.decode
                0x100058bc       0x28 CMakeFiles/train_cpu_test.dir/train_cpu_test.c.obj
 .rodata.make_branch.str1.4
                0x100058e4       0x63 CMakeFiles/train_cpu_test.dir/C_/Pico/pico-sdk/src/rp2_common/hardware_irq/irq.c.obj
 *fill*         0x10005947        0x1 
 .rodata.insert_branch_and_link.str1.4
                0x10005948       0x10 CMakeFiles/train_cpu_test.dir/C_/Pico/pico-sdk/src/rp2_common/hardware_irq/irq.c.obj
 .rodata.irq_set_exclusive_handler.str1.4
                0x10005958       0x36 CMakeFiles/train_cpu_test.dir/C_/Pico/pico-sdk/src/rp2_common/hardware_irq/irq.c.obj
 *fill*         0x1000598e        0x2 
 .rodata.irq_add_shared_handler.str1.4
                0x10005990       0xd9 CMakeFiles/train_cpu_test.dir/C_/Pico/pico-sdk/src/rp2_common/hardware_irq/irq.c.obj
 *fill*         0x10005a69        0x3 
 .rodata.irq_remove_handler.str1.4
                0x10005a6c       0x2a CMakeFiles/train_cpu_test.dir/C_/Pico/pico-sdk/src/rp2_common/hardware_irq/irq.c.obj
 *fill*         0x10005a96        0x2 
 .rodata.irq_add_tail_to_free_list.str1.4
                0x10005a98       0x3a CMakeFiles/train_cpu_test.dir/C_/Pico/pico-sdk/src/rp2_common/hardware_irq/irq.c.obj
 *fill*         0x10005ad2        0x2 
 .rodata.__func__.0
                0x10005ad4       0x1a CMakeFiles/train_cpu_test.dir/C_/Pico/pico-sdk/src/rp2_common/hardware_irq/irq.c.obj
 *fill*         0x10005aee        0x2 
 .rodata.__func__.1
                0x10005af0       0x17 CMakeFiles/train_cpu_test.dir/C_/Pico/pico-sdk/src/rp2_common/hardware_irq/irq.c.obj
 *fill*         0x10005b07        0x1 
 .rodata.__func__.2
                0x10005b08       0x13 CMakeFiles/train_cpu_test.dir/C_/Pico/pico-sdk/src/rp2_common/hardware_irq/irq.c.obj
 *fill*         0x10005b1b        0x1 
 .rodata.__func__.3
                0x10005b1c        0xc CMakeFiles/train_cpu_test.dir/C_/Pico/pico-sdk/src/rp2_common/hardware_irq/irq.c.obj
 .rodata.__func__.4
                0x10005b28        0xf CMakeFiles/train_cpu_test.dir/C_/Pico/pico-sdk/src/rp2_common/hardware_irq/irq.c.obj
 *fill*         0x10005b37        0x1 
 .rodata.__func__.6
                0x10005b38       0x1a CMakeFiles/train_cpu_test.dir/C_/Pico/pico-sdk/src/rp2_common/hardware_irq/irq.c.obj
 *fill*         0x10005b52        0x2 
 .rodata.repeating_timer_callback.str1.4
                0x10005b54       0x41 CMakeFiles/train_cpu_test.dir/C_/Pico/pico-sdk/src/common/pico_time/time.c.obj
 *fill*         0x10005b95        0x3 
 .rodata.alarm_pool_dump_key.str1.4
                0x10005b98       0x33 CMakeFiles/train_cpu_test.dir/C_/Pico/pico-sdk/src/common/pico_time/time.c.obj
 *fill*         0x10005bcb        0x1 
 .rodata.ph_add_child_node.str1.4
                0x10005bcc       0x8a CMakeFiles/train_cpu_test.dir/C_/Pico/pico-sdk/src/common/pico_time/time.c.obj
 *fill*         0x10005c56        0x2 
 .rodata.add_alarm_under_lock.str1.4
                0x10005c58       0x28 CMakeFiles/train_cpu_test.dir/C_/Pico/pico-sdk/src/common/pico_time/time.c.obj
                                 0x2b (size before relaxing)
 .rodata.alarm_pool_alarm_callback.str1.4
                0x10005c80       0xda CMakeFiles/train_cpu_test.dir/C_/Pico/pico-sdk/src/common/pico_time/time.c.obj
 *fill*         0x10005d5a        0x2 
 .rodata.__func__.10
                0x10005d5c       0x15 CMakeFiles/train_cpu_test.dir/C_/Pico/pico-sdk/src/common/pico_time/time.c.obj
 *fill*         0x10005d71        0x3 
 .rodata.__func__.11
                0x10005d74       0x1a CMakeFiles/train_cpu_test.dir/C_/Pico/pico-sdk/src/common/pico_time/time.c.obj
 *fill*         0x10005d8e        0x2 
 .rodata.__func__.12
                0x10005d90        0xa CMakeFiles/train_cpu_test.dir/C_/Pico/pico-sdk/src/common/pico_time/time.c.obj
 *fill*         0x10005d9a        0x2 
 .rodata.__func__.4
                0x10005d9c       0x12 CMakeFiles/train_cpu_test.dir/C_/Pico/pico-sdk/src/common/pico_time/time.c.obj
 *fill*         0x10005dae        0x2 
 .rodata.__func__.5
                0x10005db0        0xd CMakeFiles/train_cpu_test.dir/C_/Pico/pico-sdk/src/common/pico_time/time.c.obj
 *fill*         0x10005dbd        0x3 
 .rodata.__func__.6
                0x10005dc0       0x12 CMakeFiles/train_cpu_test.dir/C_/Pico/pico-sdk/src/common/pico_time/time.c.obj
 *fill*         0x10005dd2        0x2 
 .rodata.__func__.7
                0x10005dd4        0xf CMakeFiles/train_cpu_test.dir/C_/Pico/pico-sdk/src/common/pico_time/time.c.obj
 *fill*         0x10005de3        0x1 
 .rodata.__func__.8
                0x10005de4        0xc CMakeFiles/train_cpu_test.dir/C_/Pico/pico-sdk/src/common/pico_time/time.c.obj
 .rodata.__func__.9
                0x10005df0       0x15 CMakeFiles/train_cpu_test.dir/C_/Pico/pico-sdk/src/common/pico_time/time.c.obj
 *fill*         0x10005e05        0x3 
 .rodata.hardware_alarm_claim.str1.4
                0x10005e08       0x22 CMakeFiles/train_cpu_test.dir/C_/Pico/pico-sdk/src/rp2_common/hardware_timer/timer.c.obj
 *fill*         0x10005e2a        0x2 
 .rodata.hardware_alarm_set_target.str1.4
                0x10005e2c       0x5b CMakeFiles/train_cpu_test.dir/C_/Pico/pico-sdk/src/rp2_common/hardware_timer/timer.c.obj
 *fill*         0x10005e87        0x1 
 .rodata.__func__.0
                0x10005e88       0x1a CMakeFiles/train_cpu_test.dir/C_/Pico/pico-sdk/src/rp2_common/hardware_timer/timer.c.obj
 .rodata.ph_add_child_node.str1.4
                0x10005ea2       0x8a CMakeFiles/train_cpu_test.dir/C_/Pico/pico-sdk/src/common/pico_util/pheap.c.obj
 *fill*         0x10005ea2        0x2 
 .rodata.ph_remove_any_head.str1.4
                0x10005ea4       0x84 CMakeFiles/train_cpu_test.dir/C_/Pico/pico-sdk/src/common/pico_util/pheap.c.obj
 .rodata.ph_remove_and_free_node.str1.4
                0x10005f28       0x1e CMakeFiles/train_cpu_test.dir/C_/Pico/pico-sdk/src/common/pico_util/pheap.c.obj
                                 0x26 (size before relaxing)
 *fill*         0x10005f46        0x2 
 .rodata.__func__.0
                0x10005f48       0x18 CMakeFiles/train_cpu_test.dir/C_/Pico/pico-sdk/src/common/pico_util/pheap.c.obj
 .rodata.__func__.1
                0x10005f60       0x13 CMakeFiles/train_cpu_test.dir/C_/Pico/pico-sdk/src/common/pico_util/pheap.c.obj
 *fill*         0x10005f73        0x1 
 .rodata.__func__.2
                0x10005f74       0x12 CMakeFiles/train_cpu_test.dir/C_/Pico/pico-sdk/src/common/pico_util/pheap.c.obj
 *fill*         0x10005f86        0x2 
 .rodata.__func__.3
                0x10005f88        0xc CMakeFiles/train_cpu_test.dir/C_/Pico/pico-sdk/src/common/pico_util/pheap.c.obj
 .rodata.str1.4
                0x10005f94       0x81 CMakeFiles/train_cpu_test.dir/C_/Pico/pico-sdk/src/common/pico_sync/mutex.c.obj
                                 0xd9 (size before relaxing)
 *fill*         0x10006015        0x3 
 .rodata.__func__.1
                0x10006018        0xb CMakeFiles/train_cpu_test.dir/C_/Pico/pico-sdk/src/common/pico_sync/mutex.c.obj
 *fill*         0x10006023        0x1 
 .rodata.__assert_func.str1.4
                0x10006024       0x3f CMakeFiles/train_cpu_test.dir/C_/Pico/pico-sdk/src/rp2_common/pico_runtime/runtime.c.obj
                                 0x43 (size before relaxing)
 *fill*         0x10006063        0x1 
 .rodata.runtime_init.str1.4
                0x10006064       0x57 CMakeFiles/train_cpu_test.dir/C_/Pico/pico-sdk/src/rp2_common/pico_runtime/runtime.c.obj
 *fill*         0x100060bb        0x1 
 .rodata.panic.str1.4
                0x100060bc       0x10 CMakeFiles/train_cpu_test.dir/C_/Pico/pico-sdk/src/rp2_common/pico_runtime/runtime.c.obj
                                 0x12 (size before relaxing)
 .rodata.__func__.1
                0x100060cc        0xd CMakeFiles/train_cpu_test.dir/C_/Pico/pico-sdk/src/rp2_common/pico_runtime/runtime.c.obj
 *fill*         0x100060d9        0x3 
 .rodata.clock_configure.str1.4
                0x100060dc       0x4d CMakeFiles/train_cpu_test.dir/C_/Pico/pico-sdk/src/rp2_common/hardware_clocks/clocks.c.obj
 *fill*         0x10006129        0x3 
 .rodata.__func__.1
                0x1000612c       0x10 CMakeFiles/train_cpu_test.dir/C_/Pico/pico-sdk/src/rp2_common/hardware_clocks/clocks.c.obj
 .rodata.pll_init.str1.4
                0x1000613c      0x12f CMakeFiles/train_cpu_test.dir/C_/Pico/pico-sdk/src/rp2_common/hardware_pll/pll.c.obj
 *fill*         0x1000626b        0x1 
 .rodata.__func__.0
                0x1000626c        0x9 CMakeFiles/train_cpu_test.dir/C_/Pico/pico-sdk/src/rp2_common/hardware_pll/pll.c.obj
 *fill*         0x10006275        0x3 
 .rodata._ftoa.str1.4
                0x10006278       0x15 CMakeFiles/train_cpu_test.dir/C_/Pico/pico-sdk/src/rp2_common/pico_printf/printf.c.obj
 *fill*         0x1000628d        0x3 
 .rodata._vsnprintf
                0x10006290      0x1e0 CMakeFiles/train_cpu_test.dir/C_/Pico/pico-sdk/src/rp2_common/pico_printf/printf.c.obj
 .rodata.pow10.0
                0x10006470       0x50 CMakeFiles/train_cpu_test.dir/C_/Pico/pico-sdk/src/rp2_common/pico_printf/printf.c.obj
 .rodata.__aeabi_double_init.str1.4
                0x100064c0       0x9e CMakeFiles/train_cpu_test.dir/C_/Pico/pico-sdk/src/rp2_common/pico_double/double_init_rom.c.obj
 *fill*         0x1000655e        0x2 
 .rodata.__func__.0
                0x10006560       0x14 CMakeFiles/train_cpu_test.dir/C_/Pico/pico-sdk/src/rp2_common/pico_double/double_init_rom.c.obj
 .rodata.__aeabi_float_init.str1.4
                0x10006574       0x70 CMakeFiles/train_cpu_test.dir/C_/Pico/pico-sdk/src/rp2_common/pico_float/float_init_rom.c.obj
                                 0x74 (size before relaxing)
 .rodata.__func__.0
                0x100065e4       0x13 CMakeFiles/train_cpu_test.dir/C_/Pico/pico-sdk/src/rp2_common/pico_float/float_init_rom.c.obj
 *fill*         0x100065f7        0x1 
 .rodata.str1.4
                0x100065f8       0x44 CMakeFiles/train_cpu_test.dir/C_/Pico/pico-sdk/src/rp2_common/pico_standard_link/binary_info.c.obj
 .rodata.__bi_44
                0x1000663c        0xc CMakeFiles/train_cpu_test.dir/C_/Pico/pico-sdk/src/rp2_common/pico_standard_link/binary_info.c.obj
 .rodata.__bi_75
                0x10006648        0xc CMakeFiles/train_cpu_test.dir/C_/Pico/pico-sdk/src/rp2_common/pico_standard_link/binary_info.c.obj
 .rodata.__bi_81
                0x10006654        0xc CMakeFiles/train_cpu_test.dir/C_/Pico/pico-sdk/src/rp2_common/pico_standard_link/binary_info.c.obj
 .rodata.crlf_str.3
                0x10006660        0x2 CMakeFiles/train_cpu_test.dir/C_/Pico/pico-sdk/src/rp2_common/pico_stdio/stdio.c.obj
 *fill*         0x10006662        0x2 
 .rodata.str1.4
                0x10006664       0x2c CMakeFiles/train_cpu_test.dir/C_/Pico/pico-sdk/src/rp2_common/pico_stdio_uart/stdio_uart.c.obj
 .rodata.__bi_28.4
                0x10006690        0xc CMakeFiles/train_cpu_test.dir/C_/Pico/pico-sdk/src/rp2_common/pico_stdio_uart/stdio_uart.c.obj
 .rodata.__bi_29.5
                0x1000669c        0x8 CMakeFiles/train_cpu_test.dir/C_/Pico/pico-sdk/src/rp2_common/pico_stdio_uart/stdio_uart.c.obj
                0x100066a4                . = ALIGN (0x4)
 *(SORT_BY_ALIGNMENT(SORT_BY_NAME(.flashdata*)))
                0x100066a4                . = ALIGN (0x4)

.rel.dyn        0x100066a4        0x0
 .rel.iplt      0x100066a4        0x0 c:/progra~2/gnuarm~1/102021~1.07/bin/../lib/gcc/arm-none-eabi/10.3.1/thumb/v6-m/nofp/crtbegin.o

.ARM.extab
 *(.ARM.extab* .gnu.linkonce.armextab.*)
                0x100066a4                __exidx_start = .

.ARM.exidx
 *(.ARM.exidx* .gnu.linkonce.armexidx.*)
                0x100066a4                __exidx_end = .
                0x100066a4                . = ALIGN (0x4)
                0x100066a4                __binary_info_start = .

.binary_info    0x100066a4       0x24
 *(.binary_info.keep.*)
 .binary_info.keep.__bi_ptr22
                0x100066a4        0x4 CMakeFiles/train_cpu_test.dir/C_/Pico/pico-sdk/src/rp2_common/pico_standard_link/binary_info.c.obj
 .binary_info.keep.__bi_ptr30
                0x100066a8        0x4 CMakeFiles/train_cpu_test.dir/C_/Pico/pico-sdk/src/rp2_common/pico_standard_link/binary_info.c.obj
 .binary_info.keep.__bi_ptr38
                0x100066ac        0x4 CMakeFiles/train_cpu_test.dir/C_/Pico/pico-sdk/src/rp2_common/pico_standard_link/binary_info.c.obj
 .binary_info.keep.__bi_ptr44
                0x100066b0        0x4 CMakeFiles/train_cpu_test.dir/C_/Pico/pico-sdk/src/rp2_common/pico_standard_link/binary_info.c.obj
 .binary_info.keep.__bi_ptr50
                0x100066b4        0x4 CMakeFiles/train_cpu_test.dir/C_/Pico/pico-sdk/src/rp2_common/pico_standard_link/binary_info.c.obj
 .binary_info.keep.__bi_ptr75
                0x100066b8        0x4 CMakeFiles/train_cpu_test.dir/C_/Pico/pico-sdk/src/rp2_common/pico_standard_link/binary_info.c.obj
 .binary_info.keep.__bi_ptr81
                0x100066bc        0x4 CMakeFiles/train_cpu_test.dir/C_/Pico/pico-sdk/src/rp2_common/pico_standard_link/binary_info.c.obj
 *(.binary_info.*)
 .binary_info.__bi_ptr28
                0x100066c0        0x4 CMakeFiles/train_cpu_test.dir/C_/Pico/pico-sdk/src/rp2_common/pico_stdio_uart/stdio_uart.c.obj
 .binary_info.__bi_ptr29
                0x100066c4        0x4 CMakeFiles/train_cpu_test.dir/C_/Pico/pico-sdk/src/rp2_common/pico_stdio_uart/stdio_uart.c.obj
                0x100066c8                __binary_info_end = .
                0x100066c8                . = ALIGN (0x4)
                0x100066c8                __etext = .

.ram_vector_table
                0x20000000       0xc0
 *(.ram_vector_table)
 .ram_vector_table
                0x20000000       0xc0 CMakeFiles/train_cpu_test.dir/C_/Pico/pico-sdk/src/rp2_common/pico_runtime/runtime.c.obj
                0x20000000                ram_vector_table

.data           0x200000c0      0x340 load address 0x100066c8
                0x200000c0                __data_start__ = .
 *(vtable)
 *(.time_critical*)
 .time_critical.mutex_enter_blocking
                0x200000c0       0x48 CMakeFiles/train_cpu_test.dir/C_/Pico/pico-sdk/src/common/pico_sync/mutex.c.obj
                0x200000c0                mutex_enter_blocking
 .time_critical.mutex_try_enter
                0x20000108       0x46 CMakeFiles/train_cpu_test.dir/C_/Pico/pico-sdk/src/common/pico_sync/mutex.c.obj
                0x20000108                mutex_try_enter
 *fill*         0x2000014e        0x2 
 .time_critical.mutex_exit
                0x20000150       0x4c CMakeFiles/train_cpu_test.dir/C_/Pico/pico-sdk/src/common/pico_sync/mutex.c.obj
                0x20000150                mutex_exit
 *(.text*)
 .text          0x2000019c        0x4 c:/progra~2/gnuarm~1/102021~1.07/bin/../lib/gcc/arm-none-eabi/10.3.1/thumb/v6-m/nofp\libgcc.a(_dvmd_tls.o)
                0x2000019c                __aeabi_idiv0
                0x2000019c                __aeabi_ldiv0
 .text.__stub   0x200001a0       0x10 linker stubs
                0x200001b0                . = ALIGN (0x4)
 *(.rodata*)
                0x200001b0                . = ALIGN (0x4)
 *(.data*)
 .data.sProgram_memory
                0x200001b0      0x180 CMakeFiles/train_cpu_test.dir/train_cpu_test.c.obj
                0x200001b0                sProgram_memory
 .data.striped_spin_lock_num
                0x20000330        0x1 CMakeFiles/train_cpu_test.dir/C_/Pico/pico-sdk/src/rp2_common/hardware_sync/sync.c.obj
 *fill*         0x20000331        0x3 
 .data          0x20000334       0x48 CMakeFiles/train_cpu_test.dir/C_/Pico/pico-sdk/src/rp2_common/hardware_irq/irq_handler_chain.S.obj
                0x20000334                irq_handler_chain_slots
                0x20000364                irq_handler_chain_first_slot
                0x2000036e                irq_handler_chain_remove_tail
 .data.default_alarm_pool
                0x2000037c       0x18 CMakeFiles/train_cpu_test.dir/C_/Pico/pico-sdk/src/common/pico_time/time.c.obj
 .data.default_alarm_pool_heap
                0x20000394       0x10 CMakeFiles/train_cpu_test.dir/C_/Pico/pico-sdk/src/common/pico_time/time.c.obj
 *fill*         0x200003a4        0xc 
 .data.aeabi_bits_funcs
                0x200003b0       0x10 CMakeFiles/train_cpu_test.dir/C_/Pico/pico-sdk/src/rp2_common/pico_bit_ops/bit_ops_aeabi.S.obj
                0x200003b0                aeabi_bits_funcs
                0x200003c0                aeabi_bits_funcs_end
 .data.aeabi_mem_funcs
                0x200003c0       0x10 CMakeFiles/train_cpu_test.dir/C_/Pico/pico-sdk/src/rp2_common/pico_mem_ops/mem_ops_aeabi.S.obj
                0x200003c0                aeabi_mem_funcs
                0x200003d0                aeabi_mem_funcs_end
 .data.stdio_uart
                0x200003d0       0x14 CMakeFiles/train_cpu_test.dir/C_/Pico/pico-sdk/src/rp2_common/pico_stdio_uart/stdio_uart.c.obj
                0x200003d0                stdio_uart
                0x200003e4                . = ALIGN (0x4)
 *(.after_data.*)
                0x200003e4                . = ALIGN (0x4)
                0x200003e4                PROVIDE (__mutex_array_start = .)
 *(SORT_BY_NAME(.mutex_array.*))
 *(.mutex_array)
 .mutex_array   0x200003e4        0x8 CMakeFiles/train_cpu_test.dir/C_/Pico/pico-sdk/src/rp2_common/pico_stdio/stdio.c.obj
                0x200003ec                PROVIDE (__mutex_array_end = .)
                0x200003ec                . = ALIGN (0x4)
                0x200003ec                PROVIDE (__preinit_array_start = .)
 *(SORT_BY_NAME(.preinit_array.*))
 .preinit_array.00001
                0x200003ec        0x4 CMakeFiles/train_cpu_test.dir/C_/Pico/pico-sdk/src/rp2_common/pico_mem_ops/mem_ops_aeabi.S.obj
 .preinit_array.00010
                0x200003f0        0x4 CMakeFiles/train_cpu_test.dir/C_/Pico/pico-sdk/src/rp2_common/pico_bit_ops/bit_ops_aeabi.S.obj
 .preinit_array.00020
                0x200003f4        0x4 CMakeFiles/train_cpu_test.dir/C_/Pico/pico-sdk/src/rp2_common/pico_double/double_aeabi.S.obj
 .preinit_array.00020
                0x200003f8        0x4 CMakeFiles/train_cpu_test.dir/C_/Pico/pico-sdk/src/rp2_common/pico_float/float_aeabi.S.obj
 *(.preinit_array)
                0x200003fc                PROVIDE (__preinit_array_end = .)
                0x200003fc                . = ALIGN (0x4)
                0x200003fc                PROVIDE (__init_array_start = .)
 *(SORT_BY_NAME(.init_array.*))
 *(.init_array)
 .init_array    0x200003fc        0x4 c:/progra~2/gnuarm~1/102021~1.07/bin/../lib/gcc/arm-none-eabi/10.3.1/thumb/v6-m/nofp/crtbegin.o
                0x20000400                PROVIDE (__init_array_end = .)
                0x20000400                . = ALIGN (0x4)
                [!provide]                PROVIDE (__fini_array_start = .)
 *(SORT_BY_NAME(.fini_array.*))
 *(.fini_array)
                [!provide]                PROVIDE (__fini_array_end = .)
 *(.jcr)
                0x20000400                . = ALIGN (0x4)
                0x20000400                __data_end__ = .

.igot.plt       0x20000400        0x0 load address 0x10006a08
 .igot.plt      0x20000400        0x0 c:/progra~2/gnuarm~1/102021~1.07/bin/../lib/gcc/arm-none-eabi/10.3.1/thumb/v6-m/nofp/crtbegin.o

.uninitialized_data
                0x20000400        0x0 load address 0x10006a08
                0x20000400                . = ALIGN (0x4)
 *(.uninitialized_data*)

.scratch_x      0x20040000        0x0 load address 0x10006a08
                0x20040000                __scratch_x_start__ = .
 *(.scratch_x.*)
                0x20040000                . = ALIGN (0x4)
                0x20040000                __scratch_x_end__ = .
                0x10006a08                __scratch_x_source__ = LOADADDR (.scratch_x)

.scratch_y      0x20041000        0x0 load address 0x10006a08
                0x20041000                __scratch_y_start__ = .
 *(.scratch_y.*)
                0x20041000                . = ALIGN (0x4)
                0x20041000                __scratch_y_end__ = .
                0x10006a08                __scratch_y_source__ = LOADADDR (.scratch_y)

.bss            0x20000400      0x408
                0x20000400                . = ALIGN (0x4)
                0x20000400                __bss_start__ = .
 *(SORT_BY_ALIGNMENT(SORT_BY_NAME(.bss*)))
 .bss.default_alarm_pool_entries
                0x20000400      0x100 CMakeFiles/train_cpu_test.dir/C_/Pico/pico-sdk/src/common/pico_time/time.c.obj
 .bss           0x20000500       0x1c c:/progra~2/gnuarm~1/102021~1.07/bin/../lib/gcc/arm-none-eabi/10.3.1/thumb/v6-m/nofp/crtbegin.o
 .bss.alarm_callbacks
                0x2000051c       0x10 CMakeFiles/train_cpu_test.dir/C_/Pico/pico-sdk/src/rp2_common/hardware_timer/timer.c.obj
 .bss.configured_freq
                0x2000052c       0x28 CMakeFiles/train_cpu_test.dir/C_/Pico/pico-sdk/src/rp2_common/hardware_clocks/clocks.c.obj
 .bss.default_alarm_pool_entry_ids_high
                0x20000554       0x10 CMakeFiles/train_cpu_test.dir/C_/Pico/pico-sdk/src/common/pico_time/time.c.obj
 .bss.default_alarm_pool_heap_nodes
                0x20000564       0x30 CMakeFiles/train_cpu_test.dir/C_/Pico/pico-sdk/src/common/pico_time/time.c.obj
 .bss.drivers   0x20000594        0x4 CMakeFiles/train_cpu_test.dir/C_/Pico/pico-sdk/src/rp2_common/pico_stdio/stdio.c.obj
 .bss.filter    0x20000598        0x4 CMakeFiles/train_cpu_test.dir/C_/Pico/pico-sdk/src/rp2_common/pico_stdio/stdio.c.obj
 .bss.instruction_register
                0x2000059c       0x18 CMakeFiles/train_cpu_test.dir/train_cpu_test.c.obj
                0x2000059c                instruction_register
 .bss.pools     0x200005b4       0x10 CMakeFiles/train_cpu_test.dir/C_/Pico/pico-sdk/src/common/pico_time/time.c.obj
 .bss.sGeneral_register
                0x200005c4       0x14 CMakeFiles/train_cpu_test.dir/train_cpu_test.c.obj
                0x200005c4                sGeneral_register
 .bss.sProgram_counter
                0x200005d8        0x4 CMakeFiles/train_cpu_test.dir/train_cpu_test.c.obj
                0x200005d8                sProgram_counter
 .bss.sStatus_register
                0x200005dc        0x8 CMakeFiles/train_cpu_test.dir/train_cpu_test.c.obj
                0x200005dc                sStatus_register
 .bss.sd_table  0x200005e4      0x100 CMakeFiles/train_cpu_test.dir/C_/Pico/pico-sdk/src/rp2_common/pico_double/double_init_rom.c.obj
                0x200005e4                sd_table
 .bss.sf_clz_func
                0x200006e4        0x4 CMakeFiles/train_cpu_test.dir/C_/Pico/pico-sdk/src/rp2_common/pico_double/double_init_rom.c.obj
                0x200006e4                sf_clz_func
 .bss.sf_table  0x200006e8      0x100 CMakeFiles/train_cpu_test.dir/C_/Pico/pico-sdk/src/rp2_common/pico_float/float_init_rom.c.obj
                0x200006e8                sf_table
 .bss.sleep_notifier
                0x200007e8        0x4 CMakeFiles/train_cpu_test.dir/C_/Pico/pico-sdk/src/common/pico_time/time.c.obj
 .bss.target_hi
                0x200007ec       0x10 CMakeFiles/train_cpu_test.dir/C_/Pico/pico-sdk/src/rp2_common/hardware_timer/timer.c.obj
 .bss.uart_char_to_line_feed
                0x200007fc        0x4 CMakeFiles/train_cpu_test.dir/C_/Pico/pico-sdk/src/rp2_common/hardware_uart/uart.c.obj
                0x200007fc                uart_char_to_line_feed
 .bss.uart_instance
                0x20000800        0x4 CMakeFiles/train_cpu_test.dir/C_/Pico/pico-sdk/src/rp2_common/pico_stdio_uart/stdio_uart.c.obj
 .bss.claimed   0x20000804        0x1 CMakeFiles/train_cpu_test.dir/C_/Pico/pico-sdk/src/rp2_common/hardware_timer/timer.c.obj
 .bss.irq_hander_chain_free_slot_head
                0x20000805        0x1 CMakeFiles/train_cpu_test.dir/C_/Pico/pico-sdk/src/rp2_common/hardware_irq/irq.c.obj
 .bss.timer_callbacks_pending
                0x20000806        0x1 CMakeFiles/train_cpu_test.dir/C_/Pico/pico-sdk/src/rp2_common/hardware_timer/timer.c.obj
 *(COMMON)
                0x20000808                . = ALIGN (0x4)
 *fill*         0x20000807        0x1 
                0x20000808                __bss_end__ = .

.heap           0x20000808      0x800
                0x20000808                __end__ = .
                0x20000808                end = __end__
 *(.heap*)
 .heap          0x20000808      0x800 CMakeFiles/train_cpu_test.dir/C_/Pico/pico-sdk/src/rp2_common/pico_standard_link/crt0.S.obj
                0x20001008                __HeapLimit = .

.stack1_dummy   0x20040000        0x0
 *(.stack1*)

.stack_dummy    0x20041000      0x800
 *(.stack*)
 .stack         0x20041000      0x800 CMakeFiles/train_cpu_test.dir/C_/Pico/pico-sdk/src/rp2_common/pico_standard_link/crt0.S.obj

.flash_end      0x10006a08        0x0
                0x10006a08                __flash_binary_end = .
                0x20040000                __StackLimit = (ORIGIN (RAM) + LENGTH (RAM))
                0x20041000                __StackOneTop = (ORIGIN (SCRATCH_X) + LENGTH (SCRATCH_X))
                0x20042000                __StackTop = (ORIGIN (SCRATCH_Y) + LENGTH (SCRATCH_Y))
                0x20041000                __StackOneBottom = (__StackOneTop - SIZEOF (.stack1_dummy))
                0x20041800                __StackBottom = (__StackTop - SIZEOF (.stack_dummy))
                0x20042000                PROVIDE (__stack = __StackTop)
                0x00000001                ASSERT ((__StackLimit >= __HeapLimit), region RAM overflowed)
                0x00000001                ASSERT (((__binary_info_header_end - __logical_binary_start) <= 0x100), Binary info must be in first 256 bytes of the binary)
LOAD CMakeFiles/train_cpu_test.dir/train_cpu_test.c.obj
LOAD CMakeFiles/train_cpu_test.dir/C_/Pico/pico-sdk/src/rp2_common/pico_stdlib/stdlib.c.obj
LOAD CMakeFiles/train_cpu_test.dir/C_/Pico/pico-sdk/src/rp2_common/hardware_gpio/gpio.c.obj
LOAD CMakeFiles/train_cpu_test.dir/C_/Pico/pico-sdk/src/rp2_common/hardware_claim/claim.c.obj
LOAD CMakeFiles/train_cpu_test.dir/C_/Pico/pico-sdk/src/rp2_common/pico_platform/platform.c.obj
LOAD CMakeFiles/train_cpu_test.dir/C_/Pico/pico-sdk/src/rp2_common/hardware_sync/sync.c.obj
LOAD CMakeFiles/train_cpu_test.dir/C_/Pico/pico-sdk/src/rp2_common/hardware_irq/irq.c.obj
LOAD CMakeFiles/train_cpu_test.dir/C_/Pico/pico-sdk/src/rp2_common/hardware_irq/irq_handler_chain.S.obj
LOAD CMakeFiles/train_cpu_test.dir/C_/Pico/pico-sdk/src/common/pico_sync/sem.c.obj
LOAD CMakeFiles/train_cpu_test.dir/C_/Pico/pico-sdk/src/common/pico_sync/lock_core.c.obj
LOAD CMakeFiles/train_cpu_test.dir/C_/Pico/pico-sdk/src/common/pico_time/time.c.obj
LOAD CMakeFiles/train_cpu_test.dir/C_/Pico/pico-sdk/src/common/pico_time/timeout_helper.c.obj
LOAD CMakeFiles/train_cpu_test.dir/C_/Pico/pico-sdk/src/rp2_common/hardware_timer/timer.c.obj
LOAD CMakeFiles/train_cpu_test.dir/C_/Pico/pico-sdk/src/common/pico_util/datetime.c.obj
LOAD CMakeFiles/train_cpu_test.dir/C_/Pico/pico-sdk/src/common/pico_util/pheap.c.obj
LOAD CMakeFiles/train_cpu_test.dir/C_/Pico/pico-sdk/src/common/pico_util/queue.c.obj
LOAD CMakeFiles/train_cpu_test.dir/C_/Pico/pico-sdk/src/common/pico_sync/mutex.c.obj
LOAD CMakeFiles/train_cpu_test.dir/C_/Pico/pico-sdk/src/common/pico_sync/critical_section.c.obj
LOAD CMakeFiles/train_cpu_test.dir/C_/Pico/pico-sdk/src/rp2_common/hardware_uart/uart.c.obj
LOAD CMakeFiles/train_cpu_test.dir/C_/Pico/pico-sdk/src/rp2_common/hardware_divider/divider.S.obj
LOAD CMakeFiles/train_cpu_test.dir/C_/Pico/pico-sdk/src/rp2_common/pico_runtime/runtime.c.obj
LOAD CMakeFiles/train_cpu_test.dir/C_/Pico/pico-sdk/src/rp2_common/hardware_clocks/clocks.c.obj
LOAD CMakeFiles/train_cpu_test.dir/C_/Pico/pico-sdk/src/rp2_common/hardware_pll/pll.c.obj
LOAD CMakeFiles/train_cpu_test.dir/C_/Pico/pico-sdk/src/rp2_common/hardware_vreg/vreg.c.obj
LOAD CMakeFiles/train_cpu_test.dir/C_/Pico/pico-sdk/src/rp2_common/hardware_watchdog/watchdog.c.obj
LOAD CMakeFiles/train_cpu_test.dir/C_/Pico/pico-sdk/src/rp2_common/hardware_xosc/xosc.c.obj
LOAD CMakeFiles/train_cpu_test.dir/C_/Pico/pico-sdk/src/rp2_common/pico_printf/printf.c.obj
LOAD CMakeFiles/train_cpu_test.dir/C_/Pico/pico-sdk/src/rp2_common/pico_bit_ops/bit_ops_aeabi.S.obj
LOAD CMakeFiles/train_cpu_test.dir/C_/Pico/pico-sdk/src/rp2_common/pico_bootrom/bootrom.c.obj
LOAD CMakeFiles/train_cpu_test.dir/C_/Pico/pico-sdk/src/rp2_common/pico_divider/divider.S.obj
LOAD CMakeFiles/train_cpu_test.dir/C_/Pico/pico-sdk/src/rp2_common/pico_double/double_aeabi.S.obj
LOAD CMakeFiles/train_cpu_test.dir/C_/Pico/pico-sdk/src/rp2_common/pico_double/double_init_rom.c.obj
LOAD CMakeFiles/train_cpu_test.dir/C_/Pico/pico-sdk/src/rp2_common/pico_double/double_math.c.obj
LOAD CMakeFiles/train_cpu_test.dir/C_/Pico/pico-sdk/src/rp2_common/pico_double/double_v1_rom_shim.S.obj
LOAD CMakeFiles/train_cpu_test.dir/C_/Pico/pico-sdk/src/rp2_common/pico_int64_ops/pico_int64_ops_aeabi.S.obj
LOAD CMakeFiles/train_cpu_test.dir/C_/Pico/pico-sdk/src/rp2_common/pico_float/float_aeabi.S.obj
LOAD CMakeFiles/train_cpu_test.dir/C_/Pico/pico-sdk/src/rp2_common/pico_float/float_init_rom.c.obj
LOAD CMakeFiles/train_cpu_test.dir/C_/Pico/pico-sdk/src/rp2_common/pico_float/float_math.c.obj
LOAD CMakeFiles/train_cpu_test.dir/C_/Pico/pico-sdk/src/rp2_common/pico_float/float_v1_rom_shim.S.obj
LOAD CMakeFiles/train_cpu_test.dir/C_/Pico/pico-sdk/src/rp2_common/pico_malloc/pico_malloc.c.obj
LOAD CMakeFiles/train_cpu_test.dir/C_/Pico/pico-sdk/src/rp2_common/pico_mem_ops/mem_ops_aeabi.S.obj
LOAD CMakeFiles/train_cpu_test.dir/C_/Pico/pico-sdk/src/rp2_common/pico_standard_link/crt0.S.obj
LOAD CMakeFiles/train_cpu_test.dir/C_/Pico/pico-sdk/src/rp2_common/pico_standard_link/new_delete.cpp.obj
LOAD CMakeFiles/train_cpu_test.dir/C_/Pico/pico-sdk/src/rp2_common/pico_standard_link/binary_info.c.obj
LOAD CMakeFiles/train_cpu_test.dir/C_/Pico/pico-sdk/src/rp2_common/pico_stdio/stdio.c.obj
LOAD CMakeFiles/train_cpu_test.dir/C_/Pico/pico-sdk/src/rp2_common/pico_stdio_uart/stdio_uart.c.obj
LOAD C:\Users\a235917\AppData\Local\Temp\ccHdh4on.o
LOAD c:/progra~2/gnuarm~1/102021~1.07/bin/../lib/gcc/arm-none-eabi/10.3.1/../../../../arm-none-eabi/lib/thumb/v6-m/nofp\libstdc++.a
LOAD c:/progra~2/gnuarm~1/102021~1.07/bin/../lib/gcc/arm-none-eabi/10.3.1/../../../../arm-none-eabi/lib/thumb/v6-m/nofp\libm.a
START GROUP
LOAD c:/progra~2/gnuarm~1/102021~1.07/bin/../lib/gcc/arm-none-eabi/10.3.1/thumb/v6-m/nofp\libgcc.a
LOAD c:/progra~2/gnuarm~1/102021~1.07/bin/../lib/gcc/arm-none-eabi/10.3.1/../../../../arm-none-eabi/lib/thumb/v6-m/nofp\libg.a
LOAD c:/progra~2/gnuarm~1/102021~1.07/bin/../lib/gcc/arm-none-eabi/10.3.1/../../../../arm-none-eabi/lib/thumb/v6-m/nofp\libc.a
END GROUP
START GROUP
LOAD c:/progra~2/gnuarm~1/102021~1.07/bin/../lib/gcc/arm-none-eabi/10.3.1/thumb/v6-m/nofp\libgcc.a
LOAD c:/progra~2/gnuarm~1/102021~1.07/bin/../lib/gcc/arm-none-eabi/10.3.1/../../../../arm-none-eabi/lib/thumb/v6-m/nofp\libc.a
LOAD c:/progra~2/gnuarm~1/102021~1.07/bin/../lib/gcc/arm-none-eabi/10.3.1/../../../../arm-none-eabi/lib/thumb/v6-m/nofp\libnosys.a
END GROUP
LOAD c:/progra~2/gnuarm~1/102021~1.07/bin/../lib/gcc/arm-none-eabi/10.3.1/thumb/v6-m/nofp/crtend.o
LOAD c:/progra~2/gnuarm~1/102021~1.07/bin/../lib/gcc/arm-none-eabi/10.3.1/thumb/v6-m/nofp/crtn.o
OUTPUT(train_cpu_test.elf elf32-littlearm)
LOAD linker stubs

.ARM.attributes
                0x00000000       0x28
 .ARM.attributes
                0x00000000       0x1e c:/progra~2/gnuarm~1/102021~1.07/bin/../lib/gcc/arm-none-eabi/10.3.1/thumb/v6-m/nofp/crti.o
 .ARM.attributes
                0x0000001e       0x2c c:/progra~2/gnuarm~1/102021~1.07/bin/../lib/gcc/arm-none-eabi/10.3.1/thumb/v6-m/nofp/crtbegin.o
 .ARM.attributes
                0x0000004a       0x2c CMakeFiles/train_cpu_test.dir/train_cpu_test.c.obj
 .ARM.attributes
                0x00000076       0x2c CMakeFiles/train_cpu_test.dir/C_/Pico/pico-sdk/src/rp2_common/hardware_gpio/gpio.c.obj
 .ARM.attributes
                0x000000a2       0x2c CMakeFiles/train_cpu_test.dir/C_/Pico/pico-sdk/src/rp2_common/hardware_claim/claim.c.obj
 .ARM.attributes
                0x000000ce       0x2c CMakeFiles/train_cpu_test.dir/C_/Pico/pico-sdk/src/rp2_common/pico_platform/platform.c.obj
 .ARM.attributes
                0x000000fa       0x2c CMakeFiles/train_cpu_test.dir/C_/Pico/pico-sdk/src/rp2_common/hardware_sync/sync.c.obj
 .ARM.attributes
                0x00000126       0x2c CMakeFiles/train_cpu_test.dir/C_/Pico/pico-sdk/src/rp2_common/hardware_irq/irq.c.obj
 .ARM.attributes
                0x00000152       0x22 CMakeFiles/train_cpu_test.dir/C_/Pico/pico-sdk/src/rp2_common/hardware_irq/irq_handler_chain.S.obj
 .ARM.attributes
                0x00000174       0x2c CMakeFiles/train_cpu_test.dir/C_/Pico/pico-sdk/src/common/pico_sync/lock_core.c.obj
 .ARM.attributes
                0x000001a0       0x2c CMakeFiles/train_cpu_test.dir/C_/Pico/pico-sdk/src/common/pico_time/time.c.obj
 .ARM.attributes
                0x000001cc       0x2c CMakeFiles/train_cpu_test.dir/C_/Pico/pico-sdk/src/rp2_common/hardware_timer/timer.c.obj
 .ARM.attributes
                0x000001f8       0x2c CMakeFiles/train_cpu_test.dir/C_/Pico/pico-sdk/src/common/pico_util/pheap.c.obj
 .ARM.attributes
                0x00000224       0x2c CMakeFiles/train_cpu_test.dir/C_/Pico/pico-sdk/src/common/pico_sync/mutex.c.obj
 .ARM.attributes
                0x00000250       0x2c CMakeFiles/train_cpu_test.dir/C_/Pico/pico-sdk/src/rp2_common/hardware_uart/uart.c.obj
 .ARM.attributes
                0x0000027c       0x2c CMakeFiles/train_cpu_test.dir/C_/Pico/pico-sdk/src/rp2_common/pico_runtime/runtime.c.obj
 .ARM.attributes
                0x000002a8       0x2c CMakeFiles/train_cpu_test.dir/C_/Pico/pico-sdk/src/rp2_common/hardware_clocks/clocks.c.obj
 .ARM.attributes
                0x000002d4       0x2c CMakeFiles/train_cpu_test.dir/C_/Pico/pico-sdk/src/rp2_common/hardware_pll/pll.c.obj
 .ARM.attributes
                0x00000300       0x2c CMakeFiles/train_cpu_test.dir/C_/Pico/pico-sdk/src/rp2_common/hardware_watchdog/watchdog.c.obj
 .ARM.attributes
                0x0000032c       0x2c CMakeFiles/train_cpu_test.dir/C_/Pico/pico-sdk/src/rp2_common/hardware_xosc/xosc.c.obj
 .ARM.attributes
                0x00000358       0x2c CMakeFiles/train_cpu_test.dir/C_/Pico/pico-sdk/src/rp2_common/pico_printf/printf.c.obj
 .ARM.attributes
                0x00000384       0x22 CMakeFiles/train_cpu_test.dir/C_/Pico/pico-sdk/src/rp2_common/pico_bit_ops/bit_ops_aeabi.S.obj
 .ARM.attributes
                0x000003a6       0x2c CMakeFiles/train_cpu_test.dir/C_/Pico/pico-sdk/src/rp2_common/pico_bootrom/bootrom.c.obj
 .ARM.attributes
                0x000003d2       0x22 CMakeFiles/train_cpu_test.dir/C_/Pico/pico-sdk/src/rp2_common/pico_divider/divider.S.obj
 .ARM.attributes
                0x000003f4       0x22 CMakeFiles/train_cpu_test.dir/C_/Pico/pico-sdk/src/rp2_common/pico_double/double_aeabi.S.obj
 .ARM.attributes
                0x00000416       0x2c CMakeFiles/train_cpu_test.dir/C_/Pico/pico-sdk/src/rp2_common/pico_double/double_init_rom.c.obj
 .ARM.attributes
                0x00000442       0x2c CMakeFiles/train_cpu_test.dir/C_/Pico/pico-sdk/src/rp2_common/pico_double/double_math.c.obj
 .ARM.attributes
                0x0000046e       0x22 CMakeFiles/train_cpu_test.dir/C_/Pico/pico-sdk/src/rp2_common/pico_double/double_v1_rom_shim.S.obj
 .ARM.attributes
                0x00000490       0x22 CMakeFiles/train_cpu_test.dir/C_/Pico/pico-sdk/src/rp2_common/pico_float/float_aeabi.S.obj
 .ARM.attributes
                0x000004b2       0x2c CMakeFiles/train_cpu_test.dir/C_/Pico/pico-sdk/src/rp2_common/pico_float/float_init_rom.c.obj
 .ARM.attributes
                0x000004de       0x22 CMakeFiles/train_cpu_test.dir/C_/Pico/pico-sdk/src/rp2_common/pico_float/float_v1_rom_shim.S.obj
 .ARM.attributes
                0x00000500       0x22 CMakeFiles/train_cpu_test.dir/C_/Pico/pico-sdk/src/rp2_common/pico_mem_ops/mem_ops_aeabi.S.obj
 .ARM.attributes
                0x00000522       0x22 CMakeFiles/train_cpu_test.dir/C_/Pico/pico-sdk/src/rp2_common/pico_standard_link/crt0.S.obj
 .ARM.attributes
                0x00000544       0x32 CMakeFiles/train_cpu_test.dir/C_/Pico/pico-sdk/src/rp2_common/pico_standard_link/binary_info.c.obj
 .ARM.attributes
                0x00000576       0x2c CMakeFiles/train_cpu_test.dir/C_/Pico/pico-sdk/src/rp2_common/pico_stdio/stdio.c.obj
 .ARM.attributes
                0x000005a2       0x2c CMakeFiles/train_cpu_test.dir/C_/Pico/pico-sdk/src/rp2_common/pico_stdio_uart/stdio_uart.c.obj
 .ARM.attributes
                0x000005ce       0x22 C:\Users\a235917\AppData\Local\Temp\ccHdh4on.o
 .ARM.attributes
                0x000005f0       0x1e c:/progra~2/gnuarm~1/102021~1.07/bin/../lib/gcc/arm-none-eabi/10.3.1/thumb/v6-m/nofp\libgcc.a(_dvmd_tls.o)
 .ARM.attributes
                0x0000060e       0x2c c:/progra~2/gnuarm~1/102021~1.07/bin/../lib/gcc/arm-none-eabi/10.3.1/../../../../arm-none-eabi/lib/thumb/v6-m/nofp\libg.a(lib_a-strlen-stub.o)

.comment        0x00000000       0x49
 .comment       0x00000000       0x49 CMakeFiles/train_cpu_test.dir/train_cpu_test.c.obj
                                 0x4a (size before relaxing)
 .comment       0x00000049       0x4a CMakeFiles/train_cpu_test.dir/C_/Pico/pico-sdk/src/rp2_common/hardware_gpio/gpio.c.obj
 .comment       0x00000049       0x4a CMakeFiles/train_cpu_test.dir/C_/Pico/pico-sdk/src/rp2_common/hardware_claim/claim.c.obj
 .comment       0x00000049       0x4a CMakeFiles/train_cpu_test.dir/C_/Pico/pico-sdk/src/rp2_common/pico_platform/platform.c.obj
 .comment       0x00000049       0x4a CMakeFiles/train_cpu_test.dir/C_/Pico/pico-sdk/src/rp2_common/hardware_sync/sync.c.obj
 .comment       0x00000049       0x4a CMakeFiles/train_cpu_test.dir/C_/Pico/pico-sdk/src/rp2_common/hardware_irq/irq.c.obj
 .comment       0x00000049       0x4a CMakeFiles/train_cpu_test.dir/C_/Pico/pico-sdk/src/common/pico_sync/lock_core.c.obj
 .comment       0x00000049       0x4a CMakeFiles/train_cpu_test.dir/C_/Pico/pico-sdk/src/common/pico_time/time.c.obj
 .comment       0x00000049       0x4a CMakeFiles/train_cpu_test.dir/C_/Pico/pico-sdk/src/rp2_common/hardware_timer/timer.c.obj
 .comment       0x00000049       0x4a CMakeFiles/train_cpu_test.dir/C_/Pico/pico-sdk/src/common/pico_util/pheap.c.obj
 .comment       0x00000049       0x4a CMakeFiles/train_cpu_test.dir/C_/Pico/pico-sdk/src/common/pico_sync/mutex.c.obj
 .comment       0x00000049       0x4a CMakeFiles/train_cpu_test.dir/C_/Pico/pico-sdk/src/rp2_common/hardware_uart/uart.c.obj
 .comment       0x00000049       0x4a CMakeFiles/train_cpu_test.dir/C_/Pico/pico-sdk/src/rp2_common/pico_runtime/runtime.c.obj
 .comment       0x00000049       0x4a CMakeFiles/train_cpu_test.dir/C_/Pico/pico-sdk/src/rp2_common/hardware_clocks/clocks.c.obj
 .comment       0x00000049       0x4a CMakeFiles/train_cpu_test.dir/C_/Pico/pico-sdk/src/rp2_common/hardware_pll/pll.c.obj
 .comment       0x00000049       0x4a CMakeFiles/train_cpu_test.dir/C_/Pico/pico-sdk/src/rp2_common/hardware_watchdog/watchdog.c.obj
 .comment       0x00000049       0x4a CMakeFiles/train_cpu_test.dir/C_/Pico/pico-sdk/src/rp2_common/hardware_xosc/xosc.c.obj
 .comment       0x00000049       0x4a CMakeFiles/train_cpu_test.dir/C_/Pico/pico-sdk/src/rp2_common/pico_printf/printf.c.obj
 .comment       0x00000049       0x4a CMakeFiles/train_cpu_test.dir/C_/Pico/pico-sdk/src/rp2_common/pico_bootrom/bootrom.c.obj
 .comment       0x00000049       0x4a CMakeFiles/train_cpu_test.dir/C_/Pico/pico-sdk/src/rp2_common/pico_double/double_init_rom.c.obj
 .comment       0x00000049       0x4a CMakeFiles/train_cpu_test.dir/C_/Pico/pico-sdk/src/rp2_common/pico_double/double_math.c.obj
 .comment       0x00000049       0x4a CMakeFiles/train_cpu_test.dir/C_/Pico/pico-sdk/src/rp2_common/pico_float/float_init_rom.c.obj
 .comment       0x00000049       0x4a CMakeFiles/train_cpu_test.dir/C_/Pico/pico-sdk/src/rp2_common/pico_standard_link/binary_info.c.obj
 .comment       0x00000049       0x4a CMakeFiles/train_cpu_test.dir/C_/Pico/pico-sdk/src/rp2_common/pico_stdio/stdio.c.obj
 .comment       0x00000049       0x4a CMakeFiles/train_cpu_test.dir/C_/Pico/pico-sdk/src/rp2_common/pico_stdio_uart/stdio_uart.c.obj

.debug_info     0x00000000    0x1af73
 .debug_info    0x00000000     0x211e CMakeFiles/train_cpu_test.dir/train_cpu_test.c.obj
 .debug_info    0x0000211e     0x16d7 CMakeFiles/train_cpu_test.dir/C_/Pico/pico-sdk/src/rp2_common/hardware_gpio/gpio.c.obj
 .debug_info    0x000037f5      0x6bb CMakeFiles/train_cpu_test.dir/C_/Pico/pico-sdk/src/rp2_common/hardware_claim/claim.c.obj
 .debug_info    0x00003eb0      0x1e3 CMakeFiles/train_cpu_test.dir/C_/Pico/pico-sdk/src/rp2_common/pico_platform/platform.c.obj
 .debug_info    0x00004093      0x58e CMakeFiles/train_cpu_test.dir/C_/Pico/pico-sdk/src/rp2_common/hardware_sync/sync.c.obj
 .debug_info    0x00004621     0x1c49 CMakeFiles/train_cpu_test.dir/C_/Pico/pico-sdk/src/rp2_common/hardware_irq/irq.c.obj
 .debug_info    0x0000626a      0x1a4 CMakeFiles/train_cpu_test.dir/C_/Pico/pico-sdk/src/common/pico_sync/lock_core.c.obj
 .debug_info    0x0000640e     0x3b3b CMakeFiles/train_cpu_test.dir/C_/Pico/pico-sdk/src/common/pico_time/time.c.obj
 .debug_info    0x00009f49     0x1134 CMakeFiles/train_cpu_test.dir/C_/Pico/pico-sdk/src/rp2_common/hardware_timer/timer.c.obj
 .debug_info    0x0000b07d     0x120c CMakeFiles/train_cpu_test.dir/C_/Pico/pico-sdk/src/common/pico_util/pheap.c.obj
 .debug_info    0x0000c289     0x2022 CMakeFiles/train_cpu_test.dir/C_/Pico/pico-sdk/src/common/pico_sync/mutex.c.obj
 .debug_info    0x0000e2ab      0xb65 CMakeFiles/train_cpu_test.dir/C_/Pico/pico-sdk/src/rp2_common/hardware_uart/uart.c.obj
 .debug_info    0x0000ee10      0xa87 CMakeFiles/train_cpu_test.dir/C_/Pico/pico-sdk/src/rp2_common/pico_runtime/runtime.c.obj
 .debug_info    0x0000f897      0xf63 CMakeFiles/train_cpu_test.dir/C_/Pico/pico-sdk/src/rp2_common/hardware_clocks/clocks.c.obj
 .debug_info    0x000107fa      0x54a CMakeFiles/train_cpu_test.dir/C_/Pico/pico-sdk/src/rp2_common/hardware_pll/pll.c.obj
 .debug_info    0x00010d44      0x4ee CMakeFiles/train_cpu_test.dir/C_/Pico/pico-sdk/src/rp2_common/hardware_watchdog/watchdog.c.obj
 .debug_info    0x00011232      0x1d8 CMakeFiles/train_cpu_test.dir/C_/Pico/pico-sdk/src/rp2_common/hardware_xosc/xosc.c.obj
 .debug_info    0x0001140a     0x1a5f CMakeFiles/train_cpu_test.dir/C_/Pico/pico-sdk/src/rp2_common/pico_printf/printf.c.obj
 .debug_info    0x00012e69       0x22 CMakeFiles/train_cpu_test.dir/C_/Pico/pico-sdk/src/rp2_common/pico_bit_ops/bit_ops_aeabi.S.obj
 .debug_info    0x00012e8b      0x27c CMakeFiles/train_cpu_test.dir/C_/Pico/pico-sdk/src/rp2_common/pico_bootrom/bootrom.c.obj
 .debug_info    0x00013107       0x22 CMakeFiles/train_cpu_test.dir/C_/Pico/pico-sdk/src/rp2_common/pico_divider/divider.S.obj
 .debug_info    0x00013129       0x22 CMakeFiles/train_cpu_test.dir/C_/Pico/pico-sdk/src/rp2_common/pico_double/double_aeabi.S.obj
 .debug_info    0x0001314b      0x2d1 CMakeFiles/train_cpu_test.dir/C_/Pico/pico-sdk/src/rp2_common/pico_double/double_init_rom.c.obj
 .debug_info    0x0001341c     0x5587 CMakeFiles/train_cpu_test.dir/C_/Pico/pico-sdk/src/rp2_common/pico_double/double_math.c.obj
 .debug_info    0x000189a3       0x22 CMakeFiles/train_cpu_test.dir/C_/Pico/pico-sdk/src/rp2_common/pico_double/double_v1_rom_shim.S.obj
 .debug_info    0x000189c5       0x22 CMakeFiles/train_cpu_test.dir/C_/Pico/pico-sdk/src/rp2_common/pico_float/float_aeabi.S.obj
 .debug_info    0x000189e7      0x2eb CMakeFiles/train_cpu_test.dir/C_/Pico/pico-sdk/src/rp2_common/pico_float/float_init_rom.c.obj
 .debug_info    0x00018cd2       0x22 CMakeFiles/train_cpu_test.dir/C_/Pico/pico-sdk/src/rp2_common/pico_float/float_v1_rom_shim.S.obj
 .debug_info    0x00018cf4       0x22 CMakeFiles/train_cpu_test.dir/C_/Pico/pico-sdk/src/rp2_common/pico_mem_ops/mem_ops_aeabi.S.obj
 .debug_info    0x00018d16       0x22 CMakeFiles/train_cpu_test.dir/C_/Pico/pico-sdk/src/rp2_common/pico_standard_link/crt0.S.obj
 .debug_info    0x00018d38      0x2f6 CMakeFiles/train_cpu_test.dir/C_/Pico/pico-sdk/src/rp2_common/pico_standard_link/binary_info.c.obj
 .debug_info    0x0001902e     0x12ee CMakeFiles/train_cpu_test.dir/C_/Pico/pico-sdk/src/rp2_common/pico_stdio/stdio.c.obj
 .debug_info    0x0001a31c      0xc57 CMakeFiles/train_cpu_test.dir/C_/Pico/pico-sdk/src/rp2_common/pico_stdio_uart/stdio_uart.c.obj

.debug_abbrev   0x00000000     0x456a
 .debug_abbrev  0x00000000      0x47b CMakeFiles/train_cpu_test.dir/train_cpu_test.c.obj
 .debug_abbrev  0x0000047b      0x326 CMakeFiles/train_cpu_test.dir/C_/Pico/pico-sdk/src/rp2_common/hardware_gpio/gpio.c.obj
 .debug_abbrev  0x000007a1      0x2e9 CMakeFiles/train_cpu_test.dir/C_/Pico/pico-sdk/src/rp2_common/hardware_claim/claim.c.obj
 .debug_abbrev  0x00000a8a       0xeb CMakeFiles/train_cpu_test.dir/C_/Pico/pico-sdk/src/rp2_common/pico_platform/platform.c.obj
 .debug_abbrev  0x00000b75      0x21b CMakeFiles/train_cpu_test.dir/C_/Pico/pico-sdk/src/rp2_common/hardware_sync/sync.c.obj
 .debug_abbrev  0x00000d90      0x4fc CMakeFiles/train_cpu_test.dir/C_/Pico/pico-sdk/src/rp2_common/hardware_irq/irq.c.obj
 .debug_abbrev  0x0000128c      0x116 CMakeFiles/train_cpu_test.dir/C_/Pico/pico-sdk/src/common/pico_sync/lock_core.c.obj
 .debug_abbrev  0x000013a2      0x54d CMakeFiles/train_cpu_test.dir/C_/Pico/pico-sdk/src/common/pico_time/time.c.obj
 .debug_abbrev  0x000018ef      0x3a2 CMakeFiles/train_cpu_test.dir/C_/Pico/pico-sdk/src/rp2_common/hardware_timer/timer.c.obj
 .debug_abbrev  0x00001c91      0x297 CMakeFiles/train_cpu_test.dir/C_/Pico/pico-sdk/src/common/pico_util/pheap.c.obj
 .debug_abbrev  0x00001f28      0x386 CMakeFiles/train_cpu_test.dir/C_/Pico/pico-sdk/src/common/pico_sync/mutex.c.obj
 .debug_abbrev  0x000022ae      0x2d2 CMakeFiles/train_cpu_test.dir/C_/Pico/pico-sdk/src/rp2_common/hardware_uart/uart.c.obj
 .debug_abbrev  0x00002580      0x3aa CMakeFiles/train_cpu_test.dir/C_/Pico/pico-sdk/src/rp2_common/pico_runtime/runtime.c.obj
 .debug_abbrev  0x0000292a      0x3a5 CMakeFiles/train_cpu_test.dir/C_/Pico/pico-sdk/src/rp2_common/hardware_clocks/clocks.c.obj
 .debug_abbrev  0x00002ccf      0x1ea CMakeFiles/train_cpu_test.dir/C_/Pico/pico-sdk/src/rp2_common/hardware_pll/pll.c.obj
 .debug_abbrev  0x00002eb9      0x1a8 CMakeFiles/train_cpu_test.dir/C_/Pico/pico-sdk/src/rp2_common/hardware_watchdog/watchdog.c.obj
 .debug_abbrev  0x00003061      0x109 CMakeFiles/train_cpu_test.dir/C_/Pico/pico-sdk/src/rp2_common/hardware_xosc/xosc.c.obj
 .debug_abbrev  0x0000316a      0x384 CMakeFiles/train_cpu_test.dir/C_/Pico/pico-sdk/src/rp2_common/pico_printf/printf.c.obj
 .debug_abbrev  0x000034ee       0x12 CMakeFiles/train_cpu_test.dir/C_/Pico/pico-sdk/src/rp2_common/pico_bit_ops/bit_ops_aeabi.S.obj
 .debug_abbrev  0x00003500      0x13b CMakeFiles/train_cpu_test.dir/C_/Pico/pico-sdk/src/rp2_common/pico_bootrom/bootrom.c.obj
 .debug_abbrev  0x0000363b       0x12 CMakeFiles/train_cpu_test.dir/C_/Pico/pico-sdk/src/rp2_common/pico_divider/divider.S.obj
 .debug_abbrev  0x0000364d       0x12 CMakeFiles/train_cpu_test.dir/C_/Pico/pico-sdk/src/rp2_common/pico_double/double_aeabi.S.obj
 .debug_abbrev  0x0000365f      0x179 CMakeFiles/train_cpu_test.dir/C_/Pico/pico-sdk/src/rp2_common/pico_double/double_init_rom.c.obj
 .debug_abbrev  0x000037d8      0x2e3 CMakeFiles/train_cpu_test.dir/C_/Pico/pico-sdk/src/rp2_common/pico_double/double_math.c.obj
 .debug_abbrev  0x00003abb       0x12 CMakeFiles/train_cpu_test.dir/C_/Pico/pico-sdk/src/rp2_common/pico_double/double_v1_rom_shim.S.obj
 .debug_abbrev  0x00003acd       0x12 CMakeFiles/train_cpu_test.dir/C_/Pico/pico-sdk/src/rp2_common/pico_float/float_aeabi.S.obj
 .debug_abbrev  0x00003adf      0x18c CMakeFiles/train_cpu_test.dir/C_/Pico/pico-sdk/src/rp2_common/pico_float/float_init_rom.c.obj
 .debug_abbrev  0x00003c6b       0x12 CMakeFiles/train_cpu_test.dir/C_/Pico/pico-sdk/src/rp2_common/pico_float/float_v1_rom_shim.S.obj
 .debug_abbrev  0x00003c7d       0x12 CMakeFiles/train_cpu_test.dir/C_/Pico/pico-sdk/src/rp2_common/pico_mem_ops/mem_ops_aeabi.S.obj
 .debug_abbrev  0x00003c8f       0x12 CMakeFiles/train_cpu_test.dir/C_/Pico/pico-sdk/src/rp2_common/pico_standard_link/crt0.S.obj
 .debug_abbrev  0x00003ca1       0xad CMakeFiles/train_cpu_test.dir/C_/Pico/pico-sdk/src/rp2_common/pico_standard_link/binary_info.c.obj
 .debug_abbrev  0x00003d4e      0x4a9 CMakeFiles/train_cpu_test.dir/C_/Pico/pico-sdk/src/rp2_common/pico_stdio/stdio.c.obj
 .debug_abbrev  0x000041f7      0x373 CMakeFiles/train_cpu_test.dir/C_/Pico/pico-sdk/src/rp2_common/pico_stdio_uart/stdio_uart.c.obj

.debug_loc      0x00000000    0x1727a
 .debug_loc     0x00000000     0x1b25 CMakeFiles/train_cpu_test.dir/train_cpu_test.c.obj
 .debug_loc     0x00001b25     0x118d CMakeFiles/train_cpu_test.dir/C_/Pico/pico-sdk/src/rp2_common/hardware_gpio/gpio.c.obj
 .debug_loc     0x00002cb2      0x45f CMakeFiles/train_cpu_test.dir/C_/Pico/pico-sdk/src/rp2_common/hardware_claim/claim.c.obj
 .debug_loc     0x00003111       0xe9 CMakeFiles/train_cpu_test.dir/C_/Pico/pico-sdk/src/rp2_common/pico_platform/platform.c.obj
 .debug_loc     0x000031fa      0x233 CMakeFiles/train_cpu_test.dir/C_/Pico/pico-sdk/src/rp2_common/hardware_sync/sync.c.obj
 .debug_loc     0x0000342d     0x1365 CMakeFiles/train_cpu_test.dir/C_/Pico/pico-sdk/src/rp2_common/hardware_irq/irq.c.obj
 .debug_loc     0x00004792       0x60 CMakeFiles/train_cpu_test.dir/C_/Pico/pico-sdk/src/common/pico_sync/lock_core.c.obj
 .debug_loc     0x000047f2     0x2e2a CMakeFiles/train_cpu_test.dir/C_/Pico/pico-sdk/src/common/pico_time/time.c.obj
 .debug_loc     0x0000761c      0x952 CMakeFiles/train_cpu_test.dir/C_/Pico/pico-sdk/src/rp2_common/hardware_timer/timer.c.obj
 .debug_loc     0x00007f6e     0x1439 CMakeFiles/train_cpu_test.dir/C_/Pico/pico-sdk/src/common/pico_util/pheap.c.obj
 .debug_loc     0x000093a7     0x1469 CMakeFiles/train_cpu_test.dir/C_/Pico/pico-sdk/src/common/pico_sync/mutex.c.obj
 .debug_loc     0x0000a810      0x520 CMakeFiles/train_cpu_test.dir/C_/Pico/pico-sdk/src/rp2_common/hardware_uart/uart.c.obj
 .debug_loc     0x0000ad30      0x3f0 CMakeFiles/train_cpu_test.dir/C_/Pico/pico-sdk/src/rp2_common/pico_runtime/runtime.c.obj
 .debug_loc     0x0000b120      0x7eb CMakeFiles/train_cpu_test.dir/C_/Pico/pico-sdk/src/rp2_common/hardware_clocks/clocks.c.obj
 .debug_loc     0x0000b90b      0x32f CMakeFiles/train_cpu_test.dir/C_/Pico/pico-sdk/src/rp2_common/hardware_pll/pll.c.obj
 .debug_loc     0x0000bc3a      0x2ec CMakeFiles/train_cpu_test.dir/C_/Pico/pico-sdk/src/rp2_common/hardware_watchdog/watchdog.c.obj
 .debug_loc     0x0000bf26       0x71 CMakeFiles/train_cpu_test.dir/C_/Pico/pico-sdk/src/rp2_common/hardware_xosc/xosc.c.obj
 .debug_loc     0x0000bf97     0x2095 CMakeFiles/train_cpu_test.dir/C_/Pico/pico-sdk/src/rp2_common/pico_printf/printf.c.obj
 .debug_loc     0x0000e02c      0x1a1 CMakeFiles/train_cpu_test.dir/C_/Pico/pico-sdk/src/rp2_common/pico_bootrom/bootrom.c.obj
 .debug_loc     0x0000e1cd       0x59 CMakeFiles/train_cpu_test.dir/C_/Pico/pico-sdk/src/rp2_common/pico_double/double_init_rom.c.obj
 .debug_loc     0x0000e226     0x7f1a CMakeFiles/train_cpu_test.dir/C_/Pico/pico-sdk/src/rp2_common/pico_double/double_math.c.obj
 .debug_loc     0x00016140       0x73 CMakeFiles/train_cpu_test.dir/C_/Pico/pico-sdk/src/rp2_common/pico_float/float_init_rom.c.obj
 .debug_loc     0x000161b3      0xb7b CMakeFiles/train_cpu_test.dir/C_/Pico/pico-sdk/src/rp2_common/pico_stdio/stdio.c.obj
 .debug_loc     0x00016d2e      0x54c CMakeFiles/train_cpu_test.dir/C_/Pico/pico-sdk/src/rp2_common/pico_stdio_uart/stdio_uart.c.obj

.debug_aranges  0x00000000      0xf40
 .debug_aranges
                0x00000000       0x98 CMakeFiles/train_cpu_test.dir/train_cpu_test.c.obj
 .debug_aranges
                0x00000098      0x100 CMakeFiles/train_cpu_test.dir/C_/Pico/pico-sdk/src/rp2_common/hardware_gpio/gpio.c.obj
 .debug_aranges
                0x00000198       0x48 CMakeFiles/train_cpu_test.dir/C_/Pico/pico-sdk/src/rp2_common/hardware_claim/claim.c.obj
 .debug_aranges
                0x000001e0       0x28 CMakeFiles/train_cpu_test.dir/C_/Pico/pico-sdk/src/rp2_common/pico_platform/platform.c.obj
 .debug_aranges
                0x00000208       0x58 CMakeFiles/train_cpu_test.dir/C_/Pico/pico-sdk/src/rp2_common/hardware_sync/sync.c.obj
 .debug_aranges
                0x00000260       0xc8 CMakeFiles/train_cpu_test.dir/C_/Pico/pico-sdk/src/rp2_common/hardware_irq/irq.c.obj
 .debug_aranges
                0x00000328       0x20 CMakeFiles/train_cpu_test.dir/C_/Pico/pico-sdk/src/common/pico_sync/lock_core.c.obj
 .debug_aranges
                0x00000348       0xd0 CMakeFiles/train_cpu_test.dir/C_/Pico/pico-sdk/src/common/pico_time/time.c.obj
 .debug_aranges
                0x00000418       0x78 CMakeFiles/train_cpu_test.dir/C_/Pico/pico-sdk/src/rp2_common/hardware_timer/timer.c.obj
 .debug_aranges
                0x00000490       0x78 CMakeFiles/train_cpu_test.dir/C_/Pico/pico-sdk/src/common/pico_util/pheap.c.obj
 .debug_aranges
                0x00000508       0x88 CMakeFiles/train_cpu_test.dir/C_/Pico/pico-sdk/src/common/pico_sync/mutex.c.obj
 .debug_aranges
                0x00000590       0x40 CMakeFiles/train_cpu_test.dir/C_/Pico/pico-sdk/src/rp2_common/hardware_uart/uart.c.obj
 .debug_aranges
                0x000005d0       0x60 CMakeFiles/train_cpu_test.dir/C_/Pico/pico-sdk/src/rp2_common/pico_runtime/runtime.c.obj
 .debug_aranges
                0x00000630       0x70 CMakeFiles/train_cpu_test.dir/C_/Pico/pico-sdk/src/rp2_common/hardware_clocks/clocks.c.obj
 .debug_aranges
                0x000006a0       0x28 CMakeFiles/train_cpu_test.dir/C_/Pico/pico-sdk/src/rp2_common/hardware_pll/pll.c.obj
 .debug_aranges
                0x000006c8       0x58 CMakeFiles/train_cpu_test.dir/C_/Pico/pico-sdk/src/rp2_common/hardware_watchdog/watchdog.c.obj
 .debug_aranges
                0x00000720       0x30 CMakeFiles/train_cpu_test.dir/C_/Pico/pico-sdk/src/rp2_common/hardware_xosc/xosc.c.obj
 .debug_aranges
                0x00000750       0x90 CMakeFiles/train_cpu_test.dir/C_/Pico/pico-sdk/src/rp2_common/pico_printf/printf.c.obj
 .debug_aranges
                0x000007e0       0x68 CMakeFiles/train_cpu_test.dir/C_/Pico/pico-sdk/src/rp2_common/pico_bit_ops/bit_ops_aeabi.S.obj
 .debug_aranges
                0x00000848       0x30 CMakeFiles/train_cpu_test.dir/C_/Pico/pico-sdk/src/rp2_common/pico_bootrom/bootrom.c.obj
 .debug_aranges
                0x00000878       0x40 CMakeFiles/train_cpu_test.dir/C_/Pico/pico-sdk/src/rp2_common/pico_divider/divider.S.obj
 .debug_aranges
                0x000008b8      0x140 CMakeFiles/train_cpu_test.dir/C_/Pico/pico-sdk/src/rp2_common/pico_double/double_aeabi.S.obj
 .debug_aranges
                0x000009f8       0x20 CMakeFiles/train_cpu_test.dir/C_/Pico/pico-sdk/src/rp2_common/pico_double/double_init_rom.c.obj
 .debug_aranges
                0x00000a18      0x130 CMakeFiles/train_cpu_test.dir/C_/Pico/pico-sdk/src/rp2_common/pico_double/double_math.c.obj
 .debug_aranges
                0x00000b48       0xc8 CMakeFiles/train_cpu_test.dir/C_/Pico/pico-sdk/src/rp2_common/pico_double/double_v1_rom_shim.S.obj
 .debug_aranges
                0x00000c10      0x130 CMakeFiles/train_cpu_test.dir/C_/Pico/pico-sdk/src/rp2_common/pico_float/float_aeabi.S.obj
 .debug_aranges
                0x00000d40       0x20 CMakeFiles/train_cpu_test.dir/C_/Pico/pico-sdk/src/rp2_common/pico_float/float_init_rom.c.obj
 .debug_aranges
                0x00000d60       0x50 CMakeFiles/train_cpu_test.dir/C_/Pico/pico-sdk/src/rp2_common/pico_float/float_v1_rom_shim.S.obj
 .debug_aranges
                0x00000db0       0x38 CMakeFiles/train_cpu_test.dir/C_/Pico/pico-sdk/src/rp2_common/pico_mem_ops/mem_ops_aeabi.S.obj
 .debug_aranges
                0x00000de8       0x28 CMakeFiles/train_cpu_test.dir/C_/Pico/pico-sdk/src/rp2_common/pico_standard_link/crt0.S.obj
 .debug_aranges
                0x00000e10       0x18 CMakeFiles/train_cpu_test.dir/C_/Pico/pico-sdk/src/rp2_common/pico_standard_link/binary_info.c.obj
 .debug_aranges
                0x00000e28       0xd0 CMakeFiles/train_cpu_test.dir/C_/Pico/pico-sdk/src/rp2_common/pico_stdio/stdio.c.obj
 .debug_aranges